Archive member included to satisfy reference by file (symbol)

app/libapp.a(main.c.obj)      (--whole-archive)
zephyr/libzephyr.a(heap.c.obj)
                              (--whole-archive)
zephyr/libzephyr.a(cbprintf_packaged.c.obj)
                              (--whole-archive)
zephyr/libzephyr.a(printk.c.obj)
                              (--whole-archive)
zephyr/libzephyr.a(sem.c.obj)
                              (--whole-archive)
zephyr/libzephyr.a(thread_entry.c.obj)
                              (--whole-archive)
zephyr/libzephyr.a(cbprintf_complete.c.obj)
                              (--whole-archive)
zephyr/libzephyr.a(assert.c.obj)
                              (--whole-archive)
zephyr/libzephyr.a(dec.c.obj)
                              (--whole-archive)
zephyr/libzephyr.a(hex.c.obj)
                              (--whole-archive)
zephyr/libzephyr.a(rb.c.obj)  (--whole-archive)
zephyr/libzephyr.a(timeutil.c.obj)
                              (--whole-archive)
zephyr/libzephyr.a(bitarray.c.obj)
                              (--whole-archive)
zephyr/libzephyr.a(onoff.c.obj)
                              (--whole-archive)
zephyr/libzephyr.a(notify.c.obj)
                              (--whole-archive)
zephyr/libzephyr.a(last_section_id.c.obj)
                              (--whole-archive)
zephyr/libzephyr.a(configs.c.obj)
                              (--whole-archive)
zephyr/libzephyr.a(mem_attr.c.obj)
                              (--whole-archive)
zephyr/libzephyr.a(flash_map.c.obj)
                              (--whole-archive)
zephyr/libzephyr.a(flash_map_layout.c.obj)
                              (--whole-archive)
zephyr/libzephyr.a(tracing_none.c.obj)
                              (--whole-archive)
zephyr/libzephyr.a(flash_util.c.obj)
                              (--whole-archive)
zephyr/libzephyr.a(banner.c.obj)
                              (--whole-archive)
zephyr/libzephyr.a(flash_map_partition_manager.c.obj)
                              (--whole-archive)
zephyr/libzephyr.a(nrf_cc3xx_platform_abort_zephyr.c.obj)
                              (--whole-archive)
zephyr/libzephyr.a(nrf_cc3xx_platform_mutex_zephyr.c.obj)
                              (--whole-archive)
zephyr/arch/common/libarch__common.a(sw_isr_common.c.obj)
                              (--whole-archive)
zephyr/arch/arch/arm/core/libarch__arm__core.a(fatal.c.obj)
                              (--whole-archive)
zephyr/arch/arch/arm/core/libarch__arm__core.a(nmi.c.obj)
                              (--whole-archive)
zephyr/arch/arch/arm/core/libarch__arm__core.a(nmi_on_reset.S.obj)
                              (--whole-archive)
zephyr/arch/arch/arm/core/cortex_m/libarch__arm__core__cortex_m.a(exc_exit.c.obj)
                              (--whole-archive)
zephyr/arch/arch/arm/core/cortex_m/libarch__arm__core__cortex_m.a(fault.c.obj)
                              (--whole-archive)
zephyr/arch/arch/arm/core/cortex_m/libarch__arm__core__cortex_m.a(fault_s.S.obj)
                              (--whole-archive)
zephyr/arch/arch/arm/core/cortex_m/libarch__arm__core__cortex_m.a(fpu.c.obj)
                              (--whole-archive)
zephyr/arch/arch/arm/core/cortex_m/libarch__arm__core__cortex_m.a(reset.S.obj)
                              (--whole-archive)
zephyr/arch/arch/arm/core/cortex_m/libarch__arm__core__cortex_m.a(scb.c.obj)
                              (--whole-archive)
zephyr/arch/arch/arm/core/cortex_m/libarch__arm__core__cortex_m.a(thread_abort.c.obj)
                              (--whole-archive)
zephyr/arch/arch/arm/core/cortex_m/libarch__arm__core__cortex_m.a(vector_table.S.obj)
                              (--whole-archive)
zephyr/arch/arch/arm/core/cortex_m/libarch__arm__core__cortex_m.a(swap_helper.S.obj)
                              (--whole-archive)
zephyr/arch/arch/arm/core/cortex_m/libarch__arm__core__cortex_m.a(irq_manage.c.obj)
                              (--whole-archive)
zephyr/arch/arch/arm/core/cortex_m/libarch__arm__core__cortex_m.a(prep_c.c.obj)
                              (--whole-archive)
zephyr/arch/arch/arm/core/cortex_m/libarch__arm__core__cortex_m.a(thread.c.obj)
                              (--whole-archive)
zephyr/arch/arch/arm/core/cortex_m/libarch__arm__core__cortex_m.a(cpu_idle.c.obj)
                              (--whole-archive)
zephyr/arch/arch/arm/core/cortex_m/libarch__arm__core__cortex_m.a(irq_init.c.obj)
                              (--whole-archive)
zephyr/arch/arch/arm/core/cortex_m/libarch__arm__core__cortex_m.a(isr_wrapper.c.obj)
                              (--whole-archive)
zephyr/arch/arch/arm/core/mpu/libarch__arm__core__mpu.a(arm_core_mpu.c.obj)
                              (--whole-archive)
zephyr/arch/arch/arm/core/mpu/libarch__arm__core__mpu.a(arm_mpu.c.obj)
                              (--whole-archive)
zephyr/arch/arch/arm/core/mpu/libarch__arm__core__mpu.a(arm_mpu_regions.c.obj)
                              (--whole-archive)
[...]
Memory Configuration

Name             Origin             Length             Attributes
FLASH            0x00000000         0x00100000         xr
RAM              0x20000000         0x00040000         xw
IDT_LIST         0xffff7fff         0x00008000         xw
*default*        0x00000000         0xffffffff

Linker script and memory map

LOAD zephyr/CMakeFiles/zephyr_final.dir/misc/empty_file.c.obj
LOAD zephyr/CMakeFiles/zephyr_final.dir/isr_tables.c.obj
LOAD zephyr/CMakeFiles/offsets.dir/./arch/arm/core/offsets/offsets.c.obj
LOAD app/libapp.a
LOAD zephyr/libzephyr.a
LOAD zephyr/arch/common/libarch__common.a
LOAD zephyr/arch/arch/arm/core/libarch__arm__core.a
LOAD zephyr/arch/arch/arm/core/cortex_m/libarch__arm__core__cortex_m.a
LOAD zephyr/arch/arch/arm/core/mpu/libarch__arm__core__mpu.a
LOAD zephyr/lib/libc/picolibc/liblib__libc__picolibc.a
LOAD zephyr/lib/libc/common/liblib__libc__common.a
LOAD zephyr/soc/soc/nrf52840/libsoc__nordic.a
LOAD zephyr/drivers/clock_control/libdrivers__clock_control.a
LOAD zephyr/drivers/console/libdrivers__console.a
LOAD zephyr/drivers/flash/libdrivers__flash.a
LOAD zephyr/drivers/gpio/libdrivers__gpio.a
LOAD zephyr/drivers/pinctrl/libdrivers__pinctrl.a
LOAD zephyr/drivers/serial/libdrivers__serial.a
LOAD zephyr/drivers/timer/libdrivers__timer.a
LOAD modules/nrf/drivers/hw_cc3xx/lib..__nrf__drivers__hw_cc3xx.a
LOAD modules/hal_nordic/modules/hal_nordic/nrfx/libmodules__hal_nordic__nrfx.a
LOAD modules/segger/libmodules__segger.a
LOAD zephyr/kernel/libkernel.a
LOAD zephyr/arch/common/libisr_tables.a
LOAD /home/uttec/ncs/nrfxlib/crypto/nrf_cc310_platform/lib/cortex-m4/soft-float/no-interrupts/libnrf_cc310_platform_0.9.19.a
LOAD /home/uttec/revita/hwTest/flash_test/build/flash_test/modules/picolibc/libc.a
LOAD /home/uttec/gnuarmemb/bin/../lib/gcc/arm-none-eabi/14.2.1/thumb/v7e-m/nofp/libgcc.a
                0x00000020                        _region_min_align = 0x20

.rel.plt        0x00000000        0x0
 *(SORT_BY_ALIGNMENT(.rel.plt))
                [!provide]                        PROVIDE (__rel_iplt_start = .)
 *(SORT_BY_ALIGNMENT(.rel.iplt))
 .rel.iplt      0x00000000        0x0 zephyr/CMakeFiles/zephyr_final.dir/isr_tables.c.obj
                [!provide]                        PROVIDE (__rel_iplt_end = .)

.rela.plt       0x00000000        0x0
 *(SORT_BY_ALIGNMENT(.rela.plt))
                [!provide]                        PROVIDE (__rela_iplt_start = .)
 *(SORT_BY_ALIGNMENT(.rela.iplt))
                [!provide]                        PROVIDE (__rela_iplt_end = .)

.rel.dyn
 *(SORT_BY_ALIGNMENT(.rel.*))

.rela.dyn
 *(SORT_BY_ALIGNMENT(.rela.*))

/DISCARD/
 *(SORT_BY_ALIGNMENT(.plt))

/DISCARD/
 *(SORT_BY_ALIGNMENT(.iplt))
                0x00000000                        __rom_region_start = 0x0

rom_start       0x00000000      0x100
                0x00000000                        __rom_start_address = .
 FILL mask 0x00
                0x00000000                        . = (. + (0x0 - (. - __rom_start_address)))
                0x00000000                        . = ALIGN (0x4)
                0x00000000                        . = ALIGN (0x80)
                0x00000000                        . = ALIGN (0x100)
                0x00000000                        _vector_start = .
 *(SORT_BY_ALIGNMENT(.exc_vector_table))
 *(SORT_BY_ALIGNMENT(.exc_vector_table.*))
 .exc_vector_table._vector_table_section
                0x00000000       0x40 zephyr/arch/arch/arm/core/cortex_m/libarch__arm__core__cortex_m.a(vector_table.S.obj)
                0x00000000                _vector_table
 *(SORT_BY_ALIGNMENT(.vectors))
                0x00000100                        _vector_end = .
                0x00000040                        . = ALIGN (0x4)
 *(SORT_BY_ALIGNMENT(.gnu.linkonce.irq_vector_table*))
 .gnu.linkonce.irq_vector_table
                0x00000040       0xc0 zephyr/CMakeFiles/zephyr_final.dir/isr_tables.c.obj
                0x00000040                _irq_vector_table
                0x00000100                        _vector_end = .

text            0x00000100     0x6358
                0x00000100                        __text_region_start = .
 *(SORT_BY_ALIGNMENT(.text))
 *(SORT_BY_ALIGNMENT(.text.*))
 .text.uart_print
                0x00000100       0x1c app/libapp.a(main.c.obj)
 .text.print_hex.constprop.0
                0x0000011c       0x34 app/libapp.a(main.c.obj)
 .text.main     0x00000150      0x274 app/libapp.a(main.c.obj)
                0x00000150                main
 .text.char_out
                0x000003c4        0xc zephyr/libzephyr.a(printk.c.obj)
 .text.__printk_hook_install
                0x000003d0        0xc zephyr/libzephyr.a(printk.c.obj)
                0x000003d0                __printk_hook_install
 .text.vprintk  0x000003dc       0x30 zephyr/libzephyr.a(printk.c.obj)
                0x000003dc                vprintk
 .text.process_event
                0x0000040c      0x1e8 zephyr/libzephyr.a(onoff.c.obj)
 .text.mem_attr_get_regions
                0x000005f4        0xc zephyr/libzephyr.a(mem_attr.c.obj)
                0x000005f4                mem_attr_get_regions
 .text.boot_banner
                0x00000600       0x1c zephyr/libzephyr.a(banner.c.obj)
                0x00000600                boot_banner
 .text.nrf_cc3xx_platform_abort_init
                0x0000061c        0xc zephyr/libzephyr.a(nrf_cc3xx_platform_abort_zephyr.c.obj)
                0x0000061c                nrf_cc3xx_platform_abort_init
 .text.mutex_free_platform
                0x00000628       0x54 zephyr/libzephyr.a(nrf_cc3xx_platform_mutex_zephyr.c.obj)
 .text.mutex_lock_platform
                0x0000067c       0x60 zephyr/libzephyr.a(nrf_cc3xx_platform_mutex_zephyr.c.obj)
 .text.mutex_unlock_platform
                0x000006dc       0x58 zephyr/libzephyr.a(nrf_cc3xx_platform_mutex_zephyr.c.obj)
 .text.mutex_init_platform
                0x00000734       0x94 zephyr/libzephyr.a(nrf_cc3xx_platform_mutex_zephyr.c.obj)
 .text.nrf_cc3xx_platform_mutex_init
                0x000007c8       0x2c zephyr/libzephyr.a(nrf_cc3xx_platform_mutex_zephyr.c.obj)
                0x000007c8                nrf_cc3xx_platform_mutex_init
 .text.z_SysNmiOnReset
                0x000007f4        0x8 zephyr/arch/arch/arm/core/libarch__arm__core.a(nmi_on_reset.S.obj)
                0x000007f4                z_SysNmiOnReset
 .text._HandlerModeExit
                0x000007fc       0x28 zephyr/arch/arch/arm/core/cortex_m/libarch__arm__core__cortex_m.a(exc_exit.c.obj)
                0x000007fc                z_arm_exc_exit
                0x000007fc                z_arm_int_exit
 .text.mem_manage_fault
                0x00000824       0xa0 zephyr/arch/arch/arm/core/cortex_m/libarch__arm__core__cortex_m.a(fault.c.obj)
 .text.usage_fault.isra.0
                0x000008c4       0x54 zephyr/arch/arch/arm/core/cortex_m/libarch__arm__core__cortex_m.a(fault.c.obj)
 .text.bus_fault.isra.0
                0x00000918       0x6c zephyr/arch/arch/arm/core/cortex_m/libarch__arm__core__cortex_m.a(fault.c.obj)
 .text.z_arm_fault
                0x00000984      0x12c zephyr/arch/arch/arm/core/cortex_m/libarch__arm__core__cortex_m.a(fault.c.obj)
                0x00000984                z_arm_fault
 .text.z_arm_fault_init
                0x00000ab0       0x18 zephyr/arch/arch/arm/core/cortex_m/libarch__arm__core__cortex_m.a(fault.c.obj)
                0x00000ab0                z_arm_fault_init
 .text.__fault  0x00000ac8       0x14 zephyr/arch/arch/arm/core/cortex_m/libarch__arm__core__cortex_m.a(fault_s.S.obj)
                0x00000ac8                z_arm_bus_fault
                0x00000ac8                z_arm_usage_fault
                0x00000ac8                z_arm_mpu_fault
                0x00000ac8                z_arm_exc_spurious
                0x00000ac8                z_arm_debug_monitor
                0x00000ac8                z_arm_hard_fault
 .text._reset_section
                0x00000adc       0x54 zephyr/arch/arch/arm/core/cortex_m/libarch__arm__core__cortex_m.a(reset.S.obj)
                0x00000adc                z_arm_reset
                0x00000adc                __start
 .text.z_arm_clear_arm_mpu_config
                0x00000b30       0x24 zephyr/arch/arch/arm/core/cortex_m/libarch__arm__core__cortex_m.a(scb.c.obj)
                0x00000b30                z_arm_clear_arm_mpu_config
 .text.z_arm_init_arch_hw_at_boot
                0x00000b54       0x64 zephyr/arch/arch/arm/core/cortex_m/libarch__arm__core__cortex_m.a(scb.c.obj)
                0x00000b54                z_arm_init_arch_hw_at_boot
 .text.z_impl_k_thread_abort
                0x00000bb8       0x2c zephyr/arch/arch/arm/core/cortex_m/libarch__arm__core__cortex_m.a(thread_abort.c.obj)
                0x00000bb8                z_impl_k_thread_abort
 .text.z_arm_pendsv
                0x00000be4       0x54 zephyr/arch/arch/arm/core/cortex_m/libarch__arm__core__cortex_m.a(swap_helper.S.obj)
                0x00000be4                z_arm_pendsv
 .text.z_arm_svc
                0x00000c38       0x24 zephyr/arch/arch/arm/core/cortex_m/libarch__arm__core__cortex_m.a(swap_helper.S.obj)
                0x00000c38                z_arm_svc
 .text.arch_irq_enable
                0x00000c5c       0x1c zephyr/arch/arch/arm/core/cortex_m/libarch__arm__core__cortex_m.a(irq_manage.c.obj)
                0x00000c5c                arch_irq_enable
 .text.arch_irq_is_enabled
                0x00000c78       0x1c zephyr/arch/arch/arm/core/cortex_m/libarch__arm__core__cortex_m.a(irq_manage.c.obj)
                0x00000c78                arch_irq_is_enabled
 .text.z_arm_irq_priority_set
                0x00000c94       0x30 zephyr/arch/arch/arm/core/cortex_m/libarch__arm__core__cortex_m.a(irq_manage.c.obj)
                0x00000c94                z_arm_irq_priority_set
 .text.z_prep_c
                0x00000cc4       0x38 zephyr/arch/arch/arm/core/cortex_m/libarch__arm__core__cortex_m.a(prep_c.c.obj)
                0x00000cc4                z_prep_c
 .text.arch_new_thread
                0x00000cfc       0x38 zephyr/arch/arch/arm/core/cortex_m/libarch__arm__core__cortex_m.a(thread.c.obj)
                0x00000cfc                arch_new_thread
 .text.z_check_thread_stack_fail
                0x00000d34       0x2c zephyr/arch/arch/arm/core/cortex_m/libarch__arm__core__cortex_m.a(thread.c.obj)
                0x00000d34                z_check_thread_stack_fail
 .text.arch_switch_to_main_thread
                0x00000d60       0x34 zephyr/arch/arch/arm/core/cortex_m/libarch__arm__core__cortex_m.a(thread.c.obj)
                0x00000d60                arch_switch_to_main_thread
 .text.z_arm_cpu_idle_init
                0x00000d94        0xc zephyr/arch/arch/arm/core/cortex_m/libarch__arm__core__cortex_m.a(cpu_idle.c.obj)
                0x00000d94                z_arm_cpu_idle_init
 .text.z_arm_interrupt_init
                0x00000da0       0x18 zephyr/arch/arch/arm/core/cortex_m/libarch__arm__core__cortex_m.a(irq_init.c.obj)
                0x00000da0                z_arm_interrupt_init
 .text._isr_wrapper
                0x00000db8       0x24 zephyr/arch/arch/arm/core/cortex_m/libarch__arm__core__cortex_m.a(isr_wrapper.c.obj)
                0x00000db8                _isr_wrapper
 .text.z_arm_configure_static_mpu_regions
                0x00000ddc       0x18 zephyr/arch/arch/arm/core/mpu/libarch__arm__core__mpu.a(arm_core_mpu.c.obj)
                0x00000ddc                z_arm_configure_static_mpu_regions
 .text.z_arm_configure_dynamic_mpu_regions
                0x00000df4       0x20 zephyr/arch/arch/arm/core/mpu/libarch__arm__core__mpu.a(arm_core_mpu.c.obj)
                0x00000df4                z_arm_configure_dynamic_mpu_regions
 .text.region_init
                0x00000e14       0x28 zephyr/arch/arch/arm/core/mpu/libarch__arm__core__mpu.a(arm_mpu.c.obj)
 .text.mpu_configure_regions
                0x00000e3c       0x6c zephyr/arch/arch/arm/core/mpu/libarch__arm__core__mpu.a(arm_mpu.c.obj)
 .text.arm_core_mpu_enable
                0x00000ea8       0x18 zephyr/arch/arch/arm/core/mpu/libarch__arm__core__mpu.a(arm_mpu.c.obj)
                0x00000ea8                arm_core_mpu_enable
 .text.arm_core_mpu_disable
                0x00000ec0       0x14 zephyr/arch/arch/arm/core/mpu/libarch__arm__core__mpu.a(arm_mpu.c.obj)
                0x00000ec0                arm_core_mpu_disable
 .text.arm_core_mpu_configure_static_mpu_regions
                0x00000ed4       0x14 zephyr/arch/arch/arm/core/mpu/libarch__arm__core__mpu.a(arm_mpu.c.obj)
                0x00000ed4                arm_core_mpu_configure_static_mpu_regions
 .text.arm_core_mpu_configure_dynamic_mpu_regions
                0x00000ee8       0x38 zephyr/arch/arch/arm/core/mpu/libarch__arm__core__mpu.a(arm_mpu.c.obj)
                0x00000ee8                arm_core_mpu_configure_dynamic_mpu_regions
 .text.z_arm_mpu_init
                0x00000f20      0x164 zephyr/arch/arch/arm/core/mpu/libarch__arm__core__mpu.a(arm_mpu.c.obj)
                0x00000f20                z_arm_mpu_init
 .text.z_impl_zephyr_fputc
                0x00001084       0x10 zephyr/lib/libc/picolibc/liblib__libc__picolibc.a(stdio.c.obj)
                0x00001084                z_impl_zephyr_fputc
 .text.__stdout_hook_install
                0x00001094       0x18 zephyr/lib/libc/picolibc/liblib__libc__picolibc.a(stdio.c.obj)
                0x00001094                __stdout_hook_install
 .text.malloc_prepare
                0x000010ac       0x24 zephyr/lib/libc/common/liblib__libc__common.a(malloc.c.obj)
 .text.nordicsemi_nrf52_init
                0x000010d0       0x38 zephyr/soc/soc/nrf52840/libsoc__nordic.a(soc.c.obj)
 .text.arch_busy_wait
                0x00001108       0x14 zephyr/soc/soc/nrf52840/libsoc__nordic.a(soc.c.obj)
                0x00001108                arch_busy_wait
 .text.onoff_stop
                0x0000111c       0x30 zephyr/drivers/clock_control/libdrivers__clock_control.a(clock_control_nrf.c.obj)
 .text.onoff_start
                0x0000114c       0x44 zephyr/drivers/clock_control/libdrivers__clock_control.a(clock_control_nrf.c.obj)
 .text.clk_init
                0x00001190       0x58 zephyr/drivers/clock_control/libdrivers__clock_control.a(clock_control_nrf.c.obj)
 .text.api_blocking_start
                0x000011e8       0x30 zephyr/drivers/clock_control/libdrivers__clock_control.a(clock_control_nrf.c.obj)
 .text.generic_hfclk_stop
                0x00001218       0x34 zephyr/drivers/clock_control/libdrivers__clock_control.a(clock_control_nrf.c.obj)
 .text.clkstarted_handle.constprop.0
                0x0000124c       0x4c zephyr/drivers/clock_control/libdrivers__clock_control.a(clock_control_nrf.c.obj)
 .text.generic_hfclk_start
                0x00001298       0x78 zephyr/drivers/clock_control/libdrivers__clock_control.a(clock_control_nrf.c.obj)
 .text.clock_event_handler
                0x00001310       0x1c zephyr/drivers/clock_control/libdrivers__clock_control.a(clock_control_nrf.c.obj)
 .text.z_nrf_clock_control_lf_on
                0x0000132c       0xfc zephyr/drivers/clock_control/libdrivers__clock_control.a(clock_control_nrf.c.obj)
                0x0000132c                z_nrf_clock_control_lf_on
 .text.uart_console_init
                0x00001428       0x28 zephyr/drivers/console/libdrivers__console.a(uart_console.c.obj)
 .text.console_out
                0x00001450       0x28 zephyr/drivers/console/libdrivers__console.a(uart_console.c.obj)
 .text.qspi_get_zephyr_ret_code
                0x00001478       0x1c zephyr/drivers/flash/libdrivers__flash.a(nrf_qspi_nor.c.obj)
 .text.qspi_nor_pages_layout
                0x00001494       0x10 zephyr/drivers/flash/libdrivers__flash.a(nrf_qspi_nor.c.obj)
 .text.qspi_flash_get_parameters
                0x000014a4        0x8 zephyr/drivers/flash/libdrivers__flash.a(nrf_qspi_nor.c.obj)
 .text.qspi_wait_for_completion.isra.0
                0x000014ac       0x1c zephyr/drivers/flash/libdrivers__flash.a(nrf_qspi_nor.c.obj)
 .text.qspi_nor_write
                0x000014c8      0x108 zephyr/drivers/flash/libdrivers__flash.a(nrf_qspi_nor.c.obj)
 .text.qspi_nor_read
                0x000015d0      0x13c zephyr/drivers/flash/libdrivers__flash.a(nrf_qspi_nor.c.obj)
 .text.qspi_nor_erase
                0x0000170c       0xf8 zephyr/drivers/flash/libdrivers__flash.a(nrf_qspi_nor.c.obj)
 .text.qspi_nor_init
                0x00001804      0x1f0 zephyr/drivers/flash/libdrivers__flash.a(nrf_qspi_nor.c.obj)
 .text.flash_nrf_pages_layout
                0x000019f4       0x10 zephyr/drivers/flash/libdrivers__flash.a(soc_flash_nrf.c.obj)
 .text.flash_nrf_get_parameters
                0x00001a04        0x8 zephyr/drivers/flash/libdrivers__flash.a(soc_flash_nrf.c.obj)
 .text.nrf_flash_init
                0x00001a0c       0x28 zephyr/drivers/flash/libdrivers__flash.a(soc_flash_nrf.c.obj)
 .text.restore_pofwarn.part.0
                0x00001a34       0x2c zephyr/drivers/flash/libdrivers__flash.a(soc_flash_nrf.c.obj)
 .text.suspend_pofwarn
                0x00001a60       0x58 zephyr/drivers/flash/libdrivers__flash.a(soc_flash_nrf.c.obj)
 .text.flash_nrf_erase
                0x00001ab8       0x88 zephyr/drivers/flash/libdrivers__flash.a(soc_flash_nrf.c.obj)
 .text.flash_nrf_write
                0x00001b40       0x8c zephyr/drivers/flash/libdrivers__flash.a(soc_flash_nrf.c.obj)
 .text.gpio_nrfx_init
                0x00001bcc       0x48 zephyr/drivers/gpio/libdrivers__gpio.a(gpio_nrfx.c.obj)
 .text.gpio_nrfx_pin_configure
                0x00001c14      0x190 zephyr/drivers/gpio/libdrivers__gpio.a(gpio_nrfx.c.obj)
 .text.nrfx_gpio_handler
                0x00001da4       0x4c zephyr/drivers/gpio/libdrivers__gpio.a(gpio_nrfx.c.obj)
 .text.gpio_nrfx_pin_interrupt_configure
                0x00001df0      0x100 zephyr/drivers/gpio/libdrivers__gpio.a(gpio_nrfx.c.obj)
 .text.nrf_gpio_pin_port_decode
                0x00001ef0       0x20 zephyr/drivers/pinctrl/libdrivers__pinctrl.a(pinctrl_nrf.c.obj)
 .text.pinctrl_configure_pins
                0x00001f10      0x198 zephyr/drivers/pinctrl/libdrivers__pinctrl.a(pinctrl_nrf.c.obj)
                0x00001f10                pinctrl_configure_pins
 .text.uarte_nrfx_poll_out
                0x000020a8       0xb4 zephyr/drivers/serial/libdrivers__serial.a(uart_nrfx_uarte.c.obj)
 .text.uarte_0_init
                0x0000215c       0xf4 zephyr/drivers/serial/libdrivers__serial.a(uart_nrfx_uarte.c.obj)
 .text.compare_int_lock
                0x00002250       0x4c zephyr/drivers/timer/libdrivers__timer.a(nrf_rtc_timer.c.obj)
 .text.sys_clock_timeout_handler
                0x0000229c       0x48 zephyr/drivers/timer/libdrivers__timer.a(nrf_rtc_timer.c.obj)
 .text.compare_int_unlock
                0x000022e4       0x5c zephyr/drivers/timer/libdrivers__timer.a(nrf_rtc_timer.c.obj)
 .text.z_nrf_rtc_timer_read
                0x00002340       0x44 zephyr/drivers/timer/libdrivers__timer.a(nrf_rtc_timer.c.obj)
                0x00002340                z_nrf_rtc_timer_read
 .text.compare_set
                0x00002384      0x130 zephyr/drivers/timer/libdrivers__timer.a(nrf_rtc_timer.c.obj)
 .text.sys_clock_driver_init
                0x000024b4       0x90 zephyr/drivers/timer/libdrivers__timer.a(nrf_rtc_timer.c.obj)
 .text.rtc_nrf_isr
                0x00002544       0xd0 zephyr/drivers/timer/libdrivers__timer.a(nrf_rtc_timer.c.obj)
                0x00002544                rtc_nrf_isr
 .text.sys_clock_set_timeout
                0x00002614       0x5c zephyr/drivers/timer/libdrivers__timer.a(nrf_rtc_timer.c.obj)
                0x00002614                sys_clock_set_timeout
 .text.sys_clock_elapsed
                0x00002670       0x14 zephyr/drivers/timer/libdrivers__timer.a(nrf_rtc_timer.c.obj)
                0x00002670                sys_clock_elapsed
 .text.nvmc_wait
                0x00002684       0x10 modules/hal_nordic/modules/hal_nordic/nrfx/libmodules__hal_nordic__nrfx.a(system_nrf52840.c.obj)
                0x00002684                nvmc_wait
 .text.SystemInit
                0x00002694      0x1ac modules/hal_nordic/modules/hal_nordic/nrfx/libmodules__hal_nordic__nrfx.a(system_nrf52840.c.obj)
                0x00002694                SystemInit
 .text.nrfx_flag32_alloc
                0x00002840       0x48 modules/hal_nordic/modules/hal_nordic/nrfx/libmodules__hal_nordic__nrfx.a(nrfx_flag32_allocator.c.obj)
                0x00002840                nrfx_flag32_alloc
 .text.nrfx_flag32_free
                0x00002888       0x40 modules/hal_nordic/modules/hal_nordic/nrfx/libmodules__hal_nordic__nrfx.a(nrfx_flag32_allocator.c.obj)
                0x00002888                nrfx_flag32_free
 .text.nrfx_gppi_channels_enable
                0x000028c8        0xc modules/hal_nordic/modules/hal_nordic/nrfx/libmodules__hal_nordic__nrfx.a(nrfx_gppi_ppi.c.obj)
                0x000028c8                nrfx_gppi_channels_enable
 .text.clock_stop
                0x000028d4       0xa0 modules/hal_nordic/modules/hal_nordic/nrfx/libmodules__hal_nordic__nrfx.a(nrfx_clock.c.obj)
 .text.nrfx_clock_init
                0x00002974       0x20 modules/hal_nordic/modules/hal_nordic/nrfx/libmodules__hal_nordic__nrfx.a(nrfx_clock.c.obj)
                0x00002974                nrfx_clock_init
 .text.nrfx_clock_enable
                0x00002994       0x24 modules/hal_nordic/modules/hal_nordic/nrfx/libmodules__hal_nordic__nrfx.a(nrfx_clock.c.obj)
                0x00002994                nrfx_clock_enable
 .text.nrfx_clock_start
                0x000029b8       0xac modules/hal_nordic/modules/hal_nordic/nrfx/libmodules__hal_nordic__nrfx.a(nrfx_clock.c.obj)
                0x000029b8                nrfx_clock_start
 .text.nrfx_power_clock_irq_handler
                0x00002a64       0x7c modules/hal_nordic/modules/hal_nordic/nrfx/libmodules__hal_nordic__nrfx.a(nrfx_clock.c.obj)
                0x00002a64                nrfx_power_clock_irq_handler
 .text.nrf_gpio_pin_port_decode
                0x00002ae0       0x20 modules/hal_nordic/modules/hal_nordic/nrfx/libmodules__hal_nordic__nrfx.a(nrfx_gpiote.c.obj)
 .text.get_pin_idx
                0x00002b00       0x14 modules/hal_nordic/modules/hal_nordic/nrfx/libmodules__hal_nordic__nrfx.a(nrfx_gpiote.c.obj)
 .text.call_handler.constprop.0
                0x00002b14       0x40 modules/hal_nordic/modules/hal_nordic/nrfx/libmodules__hal_nordic__nrfx.a(nrfx_gpiote.c.obj)
 .text.latch_pending_read_and_check
                0x00002b54       0x40 modules/hal_nordic/modules/hal_nordic/nrfx/libmodules__hal_nordic__nrfx.a(nrfx_gpiote.c.obj)
 .text.release_handler.isra.0
                0x00002b94       0x58 modules/hal_nordic/modules/hal_nordic/nrfx/libmodules__hal_nordic__nrfx.a(nrfx_gpiote.c.obj)
 .text.pin_te_get.isra.0
                0x00002bec       0x18 modules/hal_nordic/modules/hal_nordic/nrfx/libmodules__hal_nordic__nrfx.a(nrfx_gpiote.c.obj)
 .text.pin_in_use_by_te.isra.0
                0x00002c04       0x18 modules/hal_nordic/modules/hal_nordic/nrfx/libmodules__hal_nordic__nrfx.a(nrfx_gpiote.c.obj)
 .text.__nrfy_internal_gpiote_events_process.constprop.0
                0x00002c1c       0x5c modules/hal_nordic/modules/hal_nordic/nrfx/libmodules__hal_nordic__nrfx.a(nrfx_gpiote.c.obj)
 .text.pin_is_input.isra.0
                0x00002c78       0x20 modules/hal_nordic/modules/hal_nordic/nrfx/libmodules__hal_nordic__nrfx.a(nrfx_gpiote.c.obj)
 .text.pin_uninit
                0x00002c98       0x80 modules/hal_nordic/modules/hal_nordic/nrfx/libmodules__hal_nordic__nrfx.a(nrfx_gpiote.c.obj)
 .text.nrfx_gpiote_input_configure
                0x00002d18      0x16c modules/hal_nordic/modules/hal_nordic/nrfx/libmodules__hal_nordic__nrfx.a(nrfx_gpiote.c.obj)
                0x00002d18                nrfx_gpiote_input_configure
 .text.nrfx_gpiote_output_configure
                0x00002e84       0xfc modules/hal_nordic/modules/hal_nordic/nrfx/libmodules__hal_nordic__nrfx.a(nrfx_gpiote.c.obj)
                0x00002e84                nrfx_gpiote_output_configure
 .text.nrfx_gpiote_global_callback_set
                0x00002f80        0xc modules/hal_nordic/modules/hal_nordic/nrfx/libmodules__hal_nordic__nrfx.a(nrfx_gpiote.c.obj)
                0x00002f80                nrfx_gpiote_global_callback_set
 .text.nrfx_gpiote_channel_get
                0x00002f8c       0x34 modules/hal_nordic/modules/hal_nordic/nrfx/libmodules__hal_nordic__nrfx.a(nrfx_gpiote.c.obj)
                0x00002f8c                nrfx_gpiote_channel_get
 .text.nrfx_gpiote_init
                0x00002fc0       0x68 modules/hal_nordic/modules/hal_nordic/nrfx/libmodules__hal_nordic__nrfx.a(nrfx_gpiote.c.obj)
                0x00002fc0                nrfx_gpiote_init
 .text.nrfx_gpiote_init_check
                0x00003028       0x14 modules/hal_nordic/modules/hal_nordic/nrfx/libmodules__hal_nordic__nrfx.a(nrfx_gpiote.c.obj)
                0x00003028                nrfx_gpiote_init_check
 .text.nrfx_gpiote_channel_free
                0x0000303c        0xc modules/hal_nordic/modules/hal_nordic/nrfx/libmodules__hal_nordic__nrfx.a(nrfx_gpiote.c.obj)
                0x0000303c                nrfx_gpiote_channel_free
 .text.nrfx_gpiote_channel_alloc
                0x00003048        0xc modules/hal_nordic/modules/hal_nordic/nrfx/libmodules__hal_nordic__nrfx.a(nrfx_gpiote.c.obj)
                0x00003048                nrfx_gpiote_channel_alloc
 .text.nrfx_gpiote_trigger_enable
                0x00003054       0xa8 modules/hal_nordic/modules/hal_nordic/nrfx/libmodules__hal_nordic__nrfx.a(nrfx_gpiote.c.obj)
                0x00003054                nrfx_gpiote_trigger_enable
 .text.nrfx_gpiote_0_irq_handler
                0x000030fc      0x1ac modules/hal_nordic/modules/hal_nordic/nrfx/libmodules__hal_nordic__nrfx.a(nrfx_gpiote.c.obj)
                0x000030fc                nrfx_gpiote_0_irq_handler
 .text.nvmc_word_write
                0x000032a8       0x18 modules/hal_nordic/modules/hal_nordic/nrfx/libmodules__hal_nordic__nrfx.a(nrfx_nvmc.c.obj)
 .text.nrfx_nvmc_page_erase
                0x000032c0       0x40 modules/hal_nordic/modules/hal_nordic/nrfx/libmodules__hal_nordic__nrfx.a(nrfx_nvmc.c.obj)
                0x000032c0                nrfx_nvmc_page_erase
 .text.nrfx_nvmc_word_write
                0x00003300       0x1c modules/hal_nordic/modules/hal_nordic/nrfx/libmodules__hal_nordic__nrfx.a(nrfx_nvmc.c.obj)
                0x00003300                nrfx_nvmc_word_write
 .text.nrfx_ppi_channel_alloc
                0x0000331c        0xc modules/hal_nordic/modules/hal_nordic/nrfx/libmodules__hal_nordic__nrfx.a(nrfx_ppi.c.obj)
                0x0000331c                nrfx_ppi_channel_alloc
 .text.qspi_ready_wait
                0x00003328       0x54 modules/hal_nordic/modules/hal_nordic/nrfx/libmodules__hal_nordic__nrfx.a(nrfx_qspi.c.obj)
 .text.qspi_activate
                0x0000337c       0x3c modules/hal_nordic/modules/hal_nordic/nrfx/libmodules__hal_nordic__nrfx.a(nrfx_qspi.c.obj)
 .text.qspi_xfer
                0x000033b8       0xe8 modules/hal_nordic/modules/hal_nordic/nrfx/libmodules__hal_nordic__nrfx.a(nrfx_qspi.c.obj)
 .text.qspi_event_xfer_handle.constprop.0
                0x000034a0       0x28 modules/hal_nordic/modules/hal_nordic/nrfx/libmodules__hal_nordic__nrfx.a(nrfx_qspi.c.obj)
 .text.nrf_gpio_cfg.constprop.0
                0x000034c8       0x44 modules/hal_nordic/modules/hal_nordic/nrfx/libmodules__hal_nordic__nrfx.a(nrfx_qspi.c.obj)
 .text.nrf_qspi_cinstrdata_get.constprop.0
                0x0000350c       0x40 modules/hal_nordic/modules/hal_nordic/nrfx/libmodules__hal_nordic__nrfx.a(nrfx_qspi.c.obj)
 .text.nrf_qspi_cinstrdata_set.constprop.0
                0x0000354c       0x64 modules/hal_nordic/modules/hal_nordic/nrfx/libmodules__hal_nordic__nrfx.a(nrfx_qspi.c.obj)
 .text.nrf_qspi_pins_set.constprop.0
                0x000035b0       0x5c modules/hal_nordic/modules/hal_nordic/nrfx/libmodules__hal_nordic__nrfx.a(nrfx_qspi.c.obj)
 .text.qspi_deactivate
                0x0000360c       0x34 modules/hal_nordic/modules/hal_nordic/nrfx/libmodules__hal_nordic__nrfx.a(nrfx_qspi.c.obj)
 .text.qspi_workaround_215_43_apply
                0x00003640       0x70 modules/hal_nordic/modules/hal_nordic/nrfx/libmodules__hal_nordic__nrfx.a(nrfx_qspi.c.obj)
 .text.qspi_configure
                0x000036b0       0xec modules/hal_nordic/modules/hal_nordic/nrfx/libmodules__hal_nordic__nrfx.a(nrfx_qspi.c.obj)
 .text.nrfx_qspi_init
                0x0000379c       0x48 modules/hal_nordic/modules/hal_nordic/nrfx/libmodules__hal_nordic__nrfx.a(nrfx_qspi.c.obj)
                0x0000379c                nrfx_qspi_init
 .text.nrfx_qspi_cinstr_xfer
                0x000037e4       0xac modules/hal_nordic/modules/hal_nordic/nrfx/libmodules__hal_nordic__nrfx.a(nrfx_qspi.c.obj)
                0x000037e4                nrfx_qspi_cinstr_xfer
 .text.nrfx_qspi_activate
                0x00003890       0x18 modules/hal_nordic/modules/hal_nordic/nrfx/libmodules__hal_nordic__nrfx.a(nrfx_qspi.c.obj)
                0x00003890                nrfx_qspi_activate
 .text.nrfx_qspi_deactivate
                0x000038a8       0x24 modules/hal_nordic/modules/hal_nordic/nrfx/libmodules__hal_nordic__nrfx.a(nrfx_qspi.c.obj)
                0x000038a8                nrfx_qspi_deactivate
 .text.nrfx_qspi_init_check
                0x000038cc       0x14 modules/hal_nordic/modules/hal_nordic/nrfx/libmodules__hal_nordic__nrfx.a(nrfx_qspi.c.obj)
                0x000038cc                nrfx_qspi_init_check
 .text.nrfx_qspi_erase
                0x000038e0       0x94 modules/hal_nordic/modules/hal_nordic/nrfx/libmodules__hal_nordic__nrfx.a(nrfx_qspi.c.obj)
                0x000038e0                nrfx_qspi_erase
 .text.nrfx_qspi_irq_handler
                0x00003974       0x94 modules/hal_nordic/modules/hal_nordic/nrfx/libmodules__hal_nordic__nrfx.a(nrfx_qspi.c.obj)
                0x00003974                nrfx_qspi_irq_handler
 .text._DoInit  0x00003a08       0x68 modules/segger/libmodules__segger.a(SEGGER_RTT.c.obj)
 .text.SEGGER_RTT_Init
                0x00003a70       0x3c modules/segger/libmodules__segger.a(SEGGER_RTT.c.obj)
                0x00003a70                SEGGER_RTT_Init
 .text.z_fatal_error
                0x00003aac       0x30 zephyr/kernel/libkernel.a(fatal.c.obj)
                0x00003aac                z_fatal_error
 .text.z_sys_init_run_level
                0x00003adc       0x2c zephyr/kernel/libkernel.a(init.c.obj)
 .text.bg_thread_main
                0x00003b08       0xc4 zephyr/kernel/libkernel.a(init.c.obj)
 .text.z_bss_zero
                0x00003bcc       0x18 zephyr/kernel/libkernel.a(init.c.obj)
                0x00003bcc                z_bss_zero
 .text.z_init_cpu
                0x00003be4       0x70 zephyr/kernel/libkernel.a(init.c.obj)
                0x00003be4                z_init_cpu
 .text.z_cstart
                0x00003c54       0xd8 zephyr/kernel/libkernel.a(init.c.obj)
                0x00003c54                z_cstart
 .text.init_mem_slab_obj_core_list
                0x00003d2c       0x28 zephyr/kernel/libkernel.a(mem_slab.c.obj)
 .text.k_mem_slab_alloc
                0x00003d54       0x5c zephyr/kernel/libkernel.a(mem_slab.c.obj)
                0x00003d54                k_mem_slab_alloc
 .text.z_impl_k_mutex_lock
                0x00003db0       0xec zephyr/kernel/libkernel.a(mutex.c.obj)
                0x00003db0                z_impl_k_mutex_lock
 .text.z_impl_k_mutex_unlock
                0x00003e9c       0xa0 zephyr/kernel/libkernel.a(mutex.c.obj)
                0x00003e9c                z_impl_k_mutex_unlock
 .text.z_impl_k_sem_give
                0x00003f3c       0x68 zephyr/kernel/libkernel.a(sem.c.obj)
                0x00003f3c                z_impl_k_sem_give
 .text.z_impl_k_sem_take
                0x00003fa4       0x4c zephyr/kernel/libkernel.a(sem.c.obj)
                0x00003fa4                z_impl_k_sem_take
 .text.z_setup_new_thread
                0x00003ff0       0x7c zephyr/kernel/libkernel.a(thread.c.obj)
                0x00003ff0                z_setup_new_thread
 .text.z_swap_irqlock
                0x0000406c       0x30 zephyr/kernel/libkernel.a(sched.c.obj)
 .text.ready_thread
                0x0000409c       0x84 zephyr/kernel/libkernel.a(sched.c.obj)
 .text.unready_thread
                0x00004120       0x54 zephyr/kernel/libkernel.a(sched.c.obj)
 .text.move_thread_to_end_of_prio_q
                0x00004174       0x8c zephyr/kernel/libkernel.a(sched.c.obj)
                0x00004174                move_thread_to_end_of_prio_q
 .text.z_pend_curr
                0x00004200       0x58 zephyr/kernel/libkernel.a(sched.c.obj)
                0x00004200                z_pend_curr
 .text.z_thread_prio_set
                0x00004258       0x94 zephyr/kernel/libkernel.a(sched.c.obj)
                0x00004258                z_thread_prio_set
 .text.z_reschedule
                0x000042ec       0x24 zephyr/kernel/libkernel.a(sched.c.obj)
                0x000042ec                z_reschedule
 .text.z_reschedule_irqlock
                0x00004310       0x28 zephyr/kernel/libkernel.a(sched.c.obj)
                0x00004310                z_reschedule_irqlock
 .text.k_sched_lock
                0x00004338       0x28 zephyr/kernel/libkernel.a(sched.c.obj)
                0x00004338                k_sched_lock
 .text.k_sched_unlock
                0x00004360       0x68 zephyr/kernel/libkernel.a(sched.c.obj)
                0x00004360                k_sched_unlock
 .text.z_sched_init
                0x000043c8       0x10 zephyr/kernel/libkernel.a(sched.c.obj)
                0x000043c8                z_sched_init
 .text.z_impl_k_yield
                0x000043d8       0x84 zephyr/kernel/libkernel.a(sched.c.obj)
                0x000043d8                z_impl_k_yield
 .text.z_tick_sleep
                0x0000445c       0x80 zephyr/kernel/libkernel.a(sched.c.obj)
 .text.z_impl_k_wakeup
                0x000044dc       0x4c zephyr/kernel/libkernel.a(sched.c.obj)
                0x000044dc                z_impl_k_wakeup
 .text.z_impl_k_sched_current_thread_query
                0x00004528        0xc zephyr/kernel/libkernel.a(sched.c.obj)
                0x00004528                z_impl_k_sched_current_thread_query
 .text.z_thread_abort
                0x00004534      0x110 zephyr/kernel/libkernel.a(sched.c.obj)
                0x00004534                z_thread_abort
 .text.slice_timeout
                0x00004644       0x20 zephyr/kernel/libkernel.a(timeslicing.c.obj)
 .text.thread_is_sliceable
                0x00004664       0x3c zephyr/kernel/libkernel.a(timeslicing.c.obj)
                0x00004664                thread_is_sliceable
 .text.z_reset_time_slice
                0x000046a0       0x50 zephyr/kernel/libkernel.a(timeslicing.c.obj)
                0x000046a0                z_reset_time_slice
 .text.z_time_slice
                0x000046f0       0x60 zephyr/kernel/libkernel.a(timeslicing.c.obj)
                0x000046f0                z_time_slice
 .text.z_data_copy
                0x00004750       0x38 zephyr/kernel/libkernel.a(xip.c.obj)
                0x00004750                z_data_copy
 .text.first    0x00004788       0x10 zephyr/kernel/libkernel.a(timeout.c.obj)
 .text.elapsed  0x00004798       0x14 zephyr/kernel/libkernel.a(timeout.c.obj)
 .text.remove_timeout
                0x000047ac       0x38 zephyr/kernel/libkernel.a(timeout.c.obj)
 .text.z_add_timeout
                0x000047e4       0xec zephyr/kernel/libkernel.a(timeout.c.obj)
                0x000047e4                z_add_timeout
 .text.sys_clock_announce
                0x000048d0       0xb8 zephyr/kernel/libkernel.a(timeout.c.obj)
                0x000048d0                sys_clock_announce
 .text.sys_clock_tick_get
                0x00004988       0x30 zephyr/kernel/libkernel.a(timeout.c.obj)
                0x00004988                sys_clock_tick_get
 .text.nrf_cc3xx_platform_init_no_rng
                0x000049b8       0x38 /home/uttec/ncs/nrfxlib/crypto/nrf_cc310_platform/lib/cortex-m4/soft-float/no-interrupts/libnrf_cc310_platform_0.9.19.a(nrf_cc3xx_platform.c.obj)
                0x000049b8                nrf_cc3xx_platform_init_no_rng
 .text.nrf_cc3xx_platform_abort
                0x000049f0       0x24 /home/uttec/ncs/nrfxlib/crypto/nrf_cc310_platform/lib/cortex-m4/soft-float/no-interrupts/libnrf_cc310_platform_0.9.19.a(nrf_cc3xx_platform_abort.c.obj)
 .text.CC_PalAbort
                0x00004a14       0x34 /home/uttec/ncs/nrfxlib/crypto/nrf_cc310_platform/lib/cortex-m4/soft-float/no-interrupts/libnrf_cc310_platform_0.9.19.a(nrf_cc3xx_platform_abort.c.obj)
                0x00004a14                CC_PalAbort
 .text.nrf_cc3xx_platform_set_abort
                0x00004a48       0x10 /home/uttec/ncs/nrfxlib/crypto/nrf_cc310_platform/lib/cortex-m4/soft-float/no-interrupts/libnrf_cc310_platform_0.9.19.a(nrf_cc3xx_platform_abort.c.obj)
                0x00004a48                nrf_cc3xx_platform_set_abort
 .text.mutex_free
                0x00004a58       0x34 /home/uttec/ncs/nrfxlib/crypto/nrf_cc310_platform/lib/cortex-m4/soft-float/no-interrupts/libnrf_cc310_platform_0.9.19.a(nrf_cc3xx_platform_mutex.c.obj)
 .text.mutex_lock
                0x00004a8c       0x48 /home/uttec/ncs/nrfxlib/crypto/nrf_cc310_platform/lib/cortex-m4/soft-float/no-interrupts/libnrf_cc310_platform_0.9.19.a(nrf_cc3xx_platform_mutex.c.obj)
 .text.mutex_unlock
                0x00004ad4       0x38 /home/uttec/ncs/nrfxlib/crypto/nrf_cc310_platform/lib/cortex-m4/soft-float/no-interrupts/libnrf_cc310_platform_0.9.19.a(nrf_cc3xx_platform_mutex.c.obj)
 .text.mutex_init
                0x00004b0c       0x20 /home/uttec/ncs/nrfxlib/crypto/nrf_cc310_platform/lib/cortex-m4/soft-float/no-interrupts/libnrf_cc310_platform_0.9.19.a(nrf_cc3xx_platform_mutex.c.obj)
 .text.nrf_cc3xx_platform_set_mutexes
                0x00004b2c       0x74 /home/uttec/ncs/nrfxlib/crypto/nrf_cc310_platform/lib/cortex-m4/soft-float/no-interrupts/libnrf_cc310_platform_0.9.19.a(nrf_cc3xx_platform_mutex.c.obj)
                0x00004b2c                nrf_cc3xx_platform_set_mutexes
 .text.CC_LibInitNoRng
                0x00004ba0       0x64 /home/uttec/ncs/nrfxlib/crypto/nrf_cc310_platform/lib/cortex-m4/soft-float/no-interrupts/libnrf_cc310_platform_0.9.19.a(cc_lib.c.obj)
                0x00004ba0                CC_LibInitNoRng
 .text.CC_HalInit
                0x00004c04        0x4 /home/uttec/ncs/nrfxlib/crypto/nrf_cc310_platform/lib/cortex-m4/soft-float/no-interrupts/libnrf_cc310_platform_0.9.19.a(cc_hal.c.obj)
                0x00004c04                CC_HalInit
 .text.CC_HalTerminate
                0x00004c08        0x4 /home/uttec/ncs/nrfxlib/crypto/nrf_cc310_platform/lib/cortex-m4/soft-float/no-interrupts/libnrf_cc310_platform_0.9.19.a(cc_hal.c.obj)
                0x00004c08                CC_HalTerminate
 .text.CC_HalMaskInterrupt
                0x00004c0c        0xc /home/uttec/ncs/nrfxlib/crypto/nrf_cc310_platform/lib/cortex-m4/soft-float/no-interrupts/libnrf_cc310_platform_0.9.19.a(cc_hal.c.obj)
                0x00004c0c                CC_HalMaskInterrupt
 .text.CC_PalInit
                0x00004c18       0x5c /home/uttec/ncs/nrfxlib/crypto/nrf_cc310_platform/lib/cortex-m4/soft-float/no-interrupts/libnrf_cc310_platform_0.9.19.a(cc_pal.c.obj)
                0x00004c18                CC_PalInit
 .text.CC_PalTerminate
                0x00004c74       0x34 /home/uttec/ncs/nrfxlib/crypto/nrf_cc310_platform/lib/cortex-m4/soft-float/no-interrupts/libnrf_cc310_platform_0.9.19.a(cc_pal.c.obj)
                0x00004c74                CC_PalTerminate
 .text.CC_PalDmaInit
                0x00004ca8        0x4 /home/uttec/ncs/nrfxlib/crypto/nrf_cc310_platform/lib/cortex-m4/soft-float/no-interrupts/libnrf_cc310_platform_0.9.19.a(cc_pal_dma.c.obj)
                0x00004ca8                CC_PalDmaInit
 .text.CC_PalDmaTerminate
                0x00004cac        0x4 /home/uttec/ncs/nrfxlib/crypto/nrf_cc310_platform/lib/cortex-m4/soft-float/no-interrupts/libnrf_cc310_platform_0.9.19.a(cc_pal_dma.c.obj)
                0x00004cac                CC_PalDmaTerminate
 .text.CC_PalMutexCreate
                0x00004cb0       0x14 /home/uttec/ncs/nrfxlib/crypto/nrf_cc310_platform/lib/cortex-m4/soft-float/no-interrupts/libnrf_cc310_platform_0.9.19.a(cc_pal_mutex.c.obj)
                0x00004cb0                CC_PalMutexCreate
 .text.CC_PalMutexDestroy
                0x00004cc4       0x14 /home/uttec/ncs/nrfxlib/crypto/nrf_cc310_platform/lib/cortex-m4/soft-float/no-interrupts/libnrf_cc310_platform_0.9.19.a(cc_pal_mutex.c.obj)
                0x00004cc4                CC_PalMutexDestroy
 .text.CC_PalPowerSaveModeInit
                0x00004cd8       0x3c /home/uttec/ncs/nrfxlib/crypto/nrf_cc310_platform/lib/cortex-m4/soft-float/no-interrupts/libnrf_cc310_platform_0.9.19.a(cc_pal_pm.c.obj)
                0x00004cd8                CC_PalPowerSaveModeInit
 .text.CC_PalPowerSaveModeSelect
                0x00004d14       0x84 /home/uttec/ncs/nrfxlib/crypto/nrf_cc310_platform/lib/cortex-m4/soft-float/no-interrupts/libnrf_cc310_platform_0.9.19.a(cc_pal_pm.c.obj)
                0x00004d14                CC_PalPowerSaveModeSelect
 .text.snprintf
                0x00004d98       0x58 /home/uttec/revita/hwTest/flash_test/build/flash_test/modules/picolibc/libc.a(snprintf.c.obj)
                0x00004d98                snprintf
 .text.skip_to_arg
                0x00004df0      0x120 /home/uttec/revita/hwTest/flash_test/build/flash_test/modules/picolibc/libc.a(vflprintf.c.obj)
 .text.vfprintf
                0x00004f10      0x538 /home/uttec/revita/hwTest/flash_test/build/flash_test/modules/picolibc/libc.a(vflprintf.c.obj)
                0x00004f10                __l_vfprintf
                0x00004f10                vfprintf
 .text._OffsetAbsSyms
                0x00005448        0x2 zephyr/CMakeFiles/offsets.dir/./arch/arm/core/offsets/offsets.c.obj
                0x00005448                _OffsetAbsSyms
 .text.flash_read.constprop.0
                0x0000544a       0x12 app/libapp.a(main.c.obj)
 .text.chunk_field
                0x0000545c       0x16 zephyr/libzephyr.a(heap.c.obj)
 .text.chunk_set
                0x00005472       0x16 zephyr/libzephyr.a(heap.c.obj)
 .text.chunk_size
                0x00005488        0xc zephyr/libzephyr.a(heap.c.obj)
 .text.set_chunk_used
                0x00005494       0x30 zephyr/libzephyr.a(heap.c.obj)
 .text.set_chunk_size
                0x000054c4        0x8 zephyr/libzephyr.a(heap.c.obj)
 .text.bucket_idx.isra.0
                0x000054cc       0x12 zephyr/libzephyr.a(heap.c.obj)
 .text.free_list_add
                0x000054de       0x84 zephyr/libzephyr.a(heap.c.obj)
 .text.sys_heap_init
                0x00005562       0xa4 zephyr/libzephyr.a(heap.c.obj)
                0x00005562                sys_heap_init
 .text.arch_printk_char_out
                0x00005606        0x4 zephyr/libzephyr.a(printk.c.obj)
                0x00005606                arch_printk_char_out
 .text.printk   0x0000560a       0x1a zephyr/libzephyr.a(printk.c.obj)
                0x0000560a                printk
 .text.z_thread_entry
                0x00005624       0x14 zephyr/libzephyr.a(thread_entry.c.obj)
                0x00005624                z_thread_entry
 .text.process_recheck
                0x00005638       0x38 zephyr/libzephyr.a(onoff.c.obj)
 .text.validate_args
                0x00005670       0x20 zephyr/libzephyr.a(onoff.c.obj)
 .text.notify_one
                0x00005690       0x2c zephyr/libzephyr.a(onoff.c.obj)
 .text.transition_complete
                0x000056bc       0x1a zephyr/libzephyr.a(onoff.c.obj)
 .text.onoff_manager_init
                0x000056d6       0x26 zephyr/libzephyr.a(onoff.c.obj)
                0x000056d6                onoff_manager_init
 .text.onoff_request
                0x000056fc       0x96 zephyr/libzephyr.a(onoff.c.obj)
                0x000056fc                onoff_request
 .text.sys_notify_validate
                0x00005792       0x22 zephyr/libzephyr.a(notify.c.obj)
                0x00005792                sys_notify_validate
 .text.sys_notify_finalize
                0x000057b4       0x1a zephyr/libzephyr.a(notify.c.obj)
                0x000057b4                sys_notify_finalize
 .text._ConfigAbsSyms
                0x000057ce        0x2 zephyr/libzephyr.a(configs.c.obj)
                0x000057ce                _ConfigAbsSyms
 .text.abort_function
                0x000057d0        0x2 zephyr/libzephyr.a(nrf_cc3xx_platform_abort_zephyr.c.obj)
 .text.z_arm_fatal_error
                0x000057d2        0xc zephyr/arch/arch/arm/core/libarch__arm__core.a(fatal.c.obj)
                0x000057d2                z_arm_fatal_error
 .text.z_do_kernel_oops
                0x000057de        0x8 zephyr/arch/arch/arm/core/libarch__arm__core.a(fatal.c.obj)
                0x000057de                z_do_kernel_oops
 .text.z_arm_nmi
                0x000057e6        0xe zephyr/arch/arch/arm/core/libarch__arm__core.a(nmi.c.obj)
                0x000057e6                z_arm_nmi
 .text.z_irq_spurious
                0x000057f4        0x8 zephyr/arch/arch/arm/core/cortex_m/libarch__arm__core__cortex_m.a(irq_manage.c.obj)
                0x000057f4                z_irq_spurious
 .text.arch_irq_unlock_outlined
                0x000057fc        0xe zephyr/arch/arch/arm/core/cortex_m/libarch__arm__core__cortex_m.a(thread.c.obj)
                0x000057fc                arch_irq_unlock_outlined
 .text.arch_cpu_idle
                0x0000580a       0x1a zephyr/arch/arch/arm/core/cortex_m/libarch__arm__core__cortex_m.a(cpu_idle.c.obj)
                0x0000580a                arch_cpu_idle
 .text.arch_cpu_atomic_idle
                0x00005824       0x1e zephyr/arch/arch/arm/core/cortex_m/libarch__arm__core__cortex_m.a(cpu_idle.c.obj)
                0x00005824                arch_cpu_atomic_idle
 .text.size_to_mpu_rasr_size
                0x00005842       0x20 zephyr/arch/arch/arm/core/mpu/libarch__arm__core__mpu.a(arm_mpu.c.obj)
 .text.picolibc_put
                0x00005862        0xa zephyr/lib/libc/picolibc/liblib__libc__picolibc.a(stdio.c.obj)
 .text.get_status
                0x0000586c       0x12 zephyr/drivers/clock_control/libdrivers__clock_control.a(clock_control_nrf.c.obj)
 .text.stop     0x0000587e       0x50 zephyr/drivers/clock_control/libdrivers__clock_control.a(clock_control_nrf.c.obj)
 .text.api_stop
                0x000058ce        0x6 zephyr/drivers/clock_control/libdrivers__clock_control.a(clock_control_nrf.c.obj)
 .text.async_start
                0x000058d4       0x60 zephyr/drivers/clock_control/libdrivers__clock_control.a(clock_control_nrf.c.obj)
 .text.api_start
                0x00005934        0xe zephyr/drivers/clock_control/libdrivers__clock_control.a(clock_control_nrf.c.obj)
 .text.onoff_started_callback
                0x00005942       0x12 zephyr/drivers/clock_control/libdrivers__clock_control.a(clock_control_nrf.c.obj)
 .text.lfclk_start
                0x00005954        0x6 zephyr/drivers/clock_control/libdrivers__clock_control.a(clock_control_nrf.c.obj)
 .text.lfclk_stop
                0x0000595a        0x6 zephyr/drivers/clock_control/libdrivers__clock_control.a(clock_control_nrf.c.obj)
 .text.blocking_start_callback
                0x00005960        0x6 zephyr/drivers/clock_control/libdrivers__clock_control.a(clock_control_nrf.c.obj)
 .text.qspi_nor_get_size
                0x00005966        0xe zephyr/drivers/flash/libdrivers__flash.a(nrf_qspi_nor.c.obj)
                0x00005966                qspi_nor_get_size
 .text.qspi_handler
                0x00005974        0xc zephyr/drivers/flash/libdrivers__flash.a(nrf_qspi_nor.c.obj)
 .text.qspi_send_cmd.isra.0
                0x00005980       0x64 zephyr/drivers/flash/libdrivers__flash.a(nrf_qspi_nor.c.obj)
 .text.qspi_nor_write_protection_set.isra.0
                0x000059e4       0x2a zephyr/drivers/flash/libdrivers__flash.a(nrf_qspi_nor.c.obj)
 .text.qspi_rdsr.constprop.0.isra.0
                0x00005a0e       0x34 zephyr/drivers/flash/libdrivers__flash.a(nrf_qspi_nor.c.obj)
 .text.qspi_release
                0x00005a42       0x36 zephyr/drivers/flash/libdrivers__flash.a(nrf_qspi_nor.c.obj)
 .text.qspi_acquire
                0x00005a78       0x28 zephyr/drivers/flash/libdrivers__flash.a(nrf_qspi_nor.c.obj)
 .text.flash_nrf_get_size
                0x00005aa0       0x12 zephyr/drivers/flash/libdrivers__flash.a(soc_flash_nrf.c.obj)
 .text.is_regular_addr_valid
                0x00005ab2       0x22 zephyr/drivers/flash/libdrivers__flash.a(soc_flash_nrf.c.obj)
 .text.flash_nrf_read
                0x00005ad4       0x28 zephyr/drivers/flash/libdrivers__flash.a(soc_flash_nrf.c.obj)
 .text.gpio_nrfx_port_get_raw
                0x00005afc        0xe zephyr/drivers/gpio/libdrivers__gpio.a(gpio_nrfx.c.obj)
 .text.gpio_nrfx_port_set_masked_raw
                0x00005b0a       0x18 zephyr/drivers/gpio/libdrivers__gpio.a(gpio_nrfx.c.obj)
 .text.gpio_nrfx_port_set_bits_raw
                0x00005b22        0xc zephyr/drivers/gpio/libdrivers__gpio.a(gpio_nrfx.c.obj)
 .text.gpio_nrfx_port_clear_bits_raw
                0x00005b2e        0xc zephyr/drivers/gpio/libdrivers__gpio.a(gpio_nrfx.c.obj)
 .text.gpio_nrfx_port_toggle_bits
                0x00005b3a       0x1a zephyr/drivers/gpio/libdrivers__gpio.a(gpio_nrfx.c.obj)
 .text.gpio_nrfx_manage_callback
                0x00005b54       0x54 zephyr/drivers/gpio/libdrivers__gpio.a(gpio_nrfx.c.obj)
 .text.pinctrl_lookup_state
                0x00005ba8       0x26 zephyr/drivers/pinctrl/libdrivers__pinctrl.a(common.c.obj)
                0x00005ba8                pinctrl_lookup_state
 .text.uarte_nrfx_err_check
                0x00005bce        0xe zephyr/drivers/serial/libdrivers__serial.a(uart_nrfx_uarte.c.obj)
 .text.uarte_nrfx_poll_in
                0x00005bdc       0x26 zephyr/drivers/serial/libdrivers__serial.a(uart_nrfx_uarte.c.obj)
 .text.uarte_nrfx_fifo_read
                0x00005c02       0x28 zephyr/drivers/serial/libdrivers__serial.a(uart_nrfx_uarte.c.obj)
 .text.uarte_nrfx_irq_tx_enable
                0x00005c2a       0x34 zephyr/drivers/serial/libdrivers__serial.a(uart_nrfx_uarte.c.obj)
 .text.uarte_nrfx_irq_tx_disable
                0x00005c5e       0x10 zephyr/drivers/serial/libdrivers__serial.a(uart_nrfx_uarte.c.obj)
 .text.uarte_nrfx_irq_tx_ready_complete
                0x00005c6e       0x1e zephyr/drivers/serial/libdrivers__serial.a(uart_nrfx_uarte.c.obj)
 .text.uarte_nrfx_irq_rx_ready
                0x00005c8c       0x10 zephyr/drivers/serial/libdrivers__serial.a(uart_nrfx_uarte.c.obj)
 .text.uarte_nrfx_irq_rx_enable
                0x00005c9c        0xc zephyr/drivers/serial/libdrivers__serial.a(uart_nrfx_uarte.c.obj)
 .text.uarte_nrfx_irq_rx_disable
                0x00005ca8        0xc zephyr/drivers/serial/libdrivers__serial.a(uart_nrfx_uarte.c.obj)
 .text.uarte_nrfx_irq_err_enable
                0x00005cb4        0xe zephyr/drivers/serial/libdrivers__serial.a(uart_nrfx_uarte.c.obj)
 .text.uarte_nrfx_irq_err_disable
                0x00005cc2        0xe zephyr/drivers/serial/libdrivers__serial.a(uart_nrfx_uarte.c.obj)
 .text.uarte_nrfx_irq_is_pending
                0x00005cd0       0x32 zephyr/drivers/serial/libdrivers__serial.a(uart_nrfx_uarte.c.obj)
 .text.uarte_nrfx_irq_update
                0x00005d02        0x4 zephyr/drivers/serial/libdrivers__serial.a(uart_nrfx_uarte.c.obj)
 .text.uarte_nrfx_irq_callback_set
                0x00005d06        0xc zephyr/drivers/serial/libdrivers__serial.a(uart_nrfx_uarte.c.obj)
 .text.is_tx_ready.isra.0
                0x00005d12       0x20 zephyr/drivers/serial/libdrivers__serial.a(uart_nrfx_uarte.c.obj)
 .text.uarte_nrfx_isr_int
                0x00005d32       0x88 zephyr/drivers/serial/libdrivers__serial.a(uart_nrfx_uarte.c.obj)
 .text.uarte_nrfx_fifo_fill
                0x00005dba       0x92 zephyr/drivers/serial/libdrivers__serial.a(uart_nrfx_uarte.c.obj)
 .text.event_clear
                0x00005e4c       0x18 zephyr/drivers/timer/libdrivers__timer.a(nrf_rtc_timer.c.obj)
 .text.hw_cc3xx_init_internal
                0x00005e64        0x4 modules/nrf/drivers/hw_cc3xx/lib..__nrf__drivers__hw_cc3xx.a(hw_cc3xx.c.obj)
 .text.hw_cc3xx_init
                0x00005e68       0x12 modules/nrf/drivers/hw_cc3xx/lib..__nrf__drivers__hw_cc3xx.a(hw_cc3xx.c.obj)
 .text.nrf52_errata_98
                0x00005e7a       0x1a modules/hal_nordic/modules/hal_nordic/nrfx/libmodules__hal_nordic__nrfx.a(system_nrf52840.c.obj)
 .text.nrfx_isr
                0x00005e94        0x2 modules/hal_nordic/modules/hal_nordic/nrfx/libmodules__hal_nordic__nrfx.a(nrfx_glue.c.obj)
                0x00005e94                nrfx_isr
 .text.nrfx_busy_wait
                0x00005e96        0x4 modules/hal_nordic/modules/hal_nordic/nrfx/libmodules__hal_nordic__nrfx.a(nrfx_glue.c.obj)
                0x00005e96                nrfx_busy_wait
 .text.nrfx_gppi_channel_endpoints_setup
                0x00005e9a       0x14 modules/hal_nordic/modules/hal_nordic/nrfx/libmodules__hal_nordic__nrfx.a(nrfx_gppi_ppi.c.obj)
                0x00005e9a                nrfx_gppi_channel_endpoints_setup
 .text.nrfx_gppi_channel_alloc
                0x00005eae        0x4 modules/hal_nordic/modules/hal_nordic/nrfx/libmodules__hal_nordic__nrfx.a(nrfx_gppi_ppi.c.obj)
                0x00005eae                nrfx_gppi_channel_alloc
 .text.nrfx_clock_stop
                0x00005eb2        0x4 modules/hal_nordic/modules/hal_nordic/nrfx/libmodules__hal_nordic__nrfx.a(nrfx_clock.c.obj)
                0x00005eb2                nrfx_clock_stop
 .text.nrf_gpio_reconfigure
                0x00005eb6       0x92 modules/hal_nordic/modules/hal_nordic/nrfx/libmodules__hal_nordic__nrfx.a(nrfx_gpiote.c.obj)
 .text.nrf_gpio_cfg_sense_set
                0x00005f48       0x1e modules/hal_nordic/modules/hal_nordic/nrfx/libmodules__hal_nordic__nrfx.a(nrfx_gpiote.c.obj)
 .text.pin_trigger_disable
                0x00005f66       0x46 modules/hal_nordic/modules/hal_nordic/nrfx/libmodules__hal_nordic__nrfx.a(nrfx_gpiote.c.obj)
 .text.nrfx_gpiote_pin_uninit
                0x00005fac        0x4 modules/hal_nordic/modules/hal_nordic/nrfx/libmodules__hal_nordic__nrfx.a(nrfx_gpiote.c.obj)
                0x00005fac                nrfx_gpiote_pin_uninit
 .text.nrfx_gpiote_trigger_disable
                0x00005fb0        0x4 modules/hal_nordic/modules/hal_nordic/nrfx/libmodules__hal_nordic__nrfx.a(nrfx_gpiote.c.obj)
                0x00005fb0                nrfx_gpiote_trigger_disable
 .text.nrfx_nvmc_flash_size_get
                0x00005fb4        0xc modules/hal_nordic/modules/hal_nordic/nrfx/libmodules__hal_nordic__nrfx.a(nrfx_nvmc.c.obj)
                0x00005fb4                nrfx_nvmc_flash_size_get
 .text.nrfx_nvmc_flash_page_size_get
                0x00005fc0        0x8 modules/hal_nordic/modules/hal_nordic/nrfx/libmodules__hal_nordic__nrfx.a(nrfx_nvmc.c.obj)
                0x00005fc0                nrfx_nvmc_flash_page_size_get
 .text.nrfx_nvmc_flash_page_count_get
                0x00005fc8        0x8 modules/hal_nordic/modules/hal_nordic/nrfx/libmodules__hal_nordic__nrfx.a(nrfx_nvmc.c.obj)
                0x00005fc8                nrfx_nvmc_flash_page_count_get
 .text.nrfx_qspi_write
                0x00005fd0        0x6 modules/hal_nordic/modules/hal_nordic/nrfx/libmodules__hal_nordic__nrfx.a(nrfx_qspi.c.obj)
                0x00005fd0                nrfx_qspi_write
 .text.nrfx_qspi_read
                0x00005fd6        0x6 modules/hal_nordic/modules/hal_nordic/nrfx/libmodules__hal_nordic__nrfx.a(nrfx_qspi.c.obj)
                0x00005fd6                nrfx_qspi_read
 .text.nrfx_qspi_chip_erase
                0x00005fdc        0x8 modules/hal_nordic/modules/hal_nordic/nrfx/libmodules__hal_nordic__nrfx.a(nrfx_qspi.c.obj)
                0x00005fdc                nrfx_qspi_chip_erase
 .text.rtt_init
                0x00005fe4        0xa modules/segger/libmodules__segger.a(SEGGER_RTT_zephyr.c.obj)
 .text.z_impl_k_busy_wait
                0x00005fee        0x8 zephyr/kernel/libkernel.a(busy_wait.c.obj)
                0x00005fee                z_impl_k_busy_wait
 .text.z_device_state_init
                0x00005ff6        0x2 zephyr/kernel/libkernel.a(device.c.obj)
                0x00005ff6                z_device_state_init
 .text.z_impl_device_is_ready
                0x00005ff8       0x16 zephyr/kernel/libkernel.a(device.c.obj)
                0x00005ff8                z_impl_device_is_ready
 .text.arch_system_halt
                0x0000600e       0x10 zephyr/kernel/libkernel.a(fatal.c.obj)
                0x0000600e                arch_system_halt
 .text.k_sys_fatal_error_handler
                0x0000601e        0x6 zephyr/kernel/libkernel.a(fatal.c.obj)
                0x0000601e                k_sys_fatal_error_handler
 .text.do_device_init
                0x00006024       0x30 zephyr/kernel/libkernel.a(init.c.obj)
 .text.z_early_memset
                0x00006054        0x4 zephyr/kernel/libkernel.a(init.c.obj)
                0x00006054                z_early_memset
 .text.z_early_memcpy
                0x00006058        0x4 zephyr/kernel/libkernel.a(init.c.obj)
                0x00006058                z_early_memcpy
 .text.z_init_static
                0x0000605c        0x2 zephyr/kernel/libkernel.a(init_static.c.obj)
                0x0000605c                z_init_static
 .text.create_free_list
                0x0000605e       0x34 zephyr/kernel/libkernel.a(mem_slab.c.obj)
 .text.k_mem_slab_init
                0x00006092       0x1a zephyr/kernel/libkernel.a(mem_slab.c.obj)
                0x00006092                k_mem_slab_init
 .text.k_mem_slab_free
                0x000060ac       0x6e zephyr/kernel/libkernel.a(mem_slab.c.obj)
                0x000060ac                k_mem_slab_free
 .text.idle     0x0000611a       0x16 zephyr/kernel/libkernel.a(idle.c.obj)
                0x0000611a                idle
 .text.adjust_owner_prio.isra.0
                0x00006130       0x10 zephyr/kernel/libkernel.a(mutex.c.obj)
 .text.z_impl_k_mutex_init
                0x00006140        0xe zephyr/kernel/libkernel.a(mutex.c.obj)
                0x00006140                z_impl_k_mutex_init
 .text.z_impl_k_sem_init
                0x0000614e       0x18 zephyr/kernel/libkernel.a(sem.c.obj)
                0x0000614e                z_impl_k_sem_init
 .text.k_is_in_isr
                0x00006166        0xc zephyr/kernel/libkernel.a(thread.c.obj)
                0x00006166                k_is_in_isr
 .text.sys_dlist_remove
                0x00006172       0x10 zephyr/kernel/libkernel.a(sched.c.obj)
 .text.unpend_thread_no_timeout
                0x00006182       0x14 zephyr/kernel/libkernel.a(sched.c.obj)
 .text.add_to_waitq_locked
                0x00006196       0x4c zephyr/kernel/libkernel.a(sched.c.obj)
 .text.z_ready_thread
                0x000061e2       0x1e zephyr/kernel/libkernel.a(sched.c.obj)
                0x000061e2                z_ready_thread
 .text.z_sched_wake_thread
                0x00006200       0x3a zephyr/kernel/libkernel.a(sched.c.obj)
                0x00006200                z_sched_wake_thread
 .text.z_thread_timeout
                0x0000623a        0x8 zephyr/kernel/libkernel.a(sched.c.obj)
                0x0000623a                z_thread_timeout
 .text.z_impl_k_sleep
                0x00006242       0x32 zephyr/kernel/libkernel.a(sched.c.obj)
                0x00006242                z_impl_k_sleep
 .text.next_timeout
                0x00006274       0x32 zephyr/kernel/libkernel.a(timeout.c.obj)
 .text.z_abort_timeout
                0x000062a6       0x42 zephyr/kernel/libkernel.a(timeout.c.obj)
                0x000062a6                z_abort_timeout
 .text.sys_clock_tick_get_32
                0x000062e8        0x8 zephyr/kernel/libkernel.a(timeout.c.obj)
                0x000062e8                sys_clock_tick_get_32
 .text.memcpy   0x000062f0       0x1c /home/uttec/revita/hwTest/flash_test/build/flash_test/modules/picolibc/libc.a(memcpy.c.obj)
                0x000062f0                memcpy
                0x000062f0                __aeabi_memcpy
                0x000062f0                __aeabi_memcpy4
                0x000062f0                __aeabi_memcpy8
 .text.memmove  0x0000630c       0x32 /home/uttec/revita/hwTest/flash_test/build/flash_test/modules/picolibc/libc.a(memmove.c.obj)
                0x0000630c                memmove
                0x0000630c                __aeabi_memmove8
                0x0000630c                __aeabi_memmove
                0x0000630c                __aeabi_memmove4
 .text.memset   0x0000633e       0x10 /home/uttec/revita/hwTest/flash_test/build/flash_test/modules/picolibc/libc.a(memset.c.obj)
                0x0000633e                memset
 .text.memcmp   0x0000634e       0x20 /home/uttec/revita/hwTest/flash_test/build/flash_test/modules/picolibc/libc.a(memcmp.c.obj)
                0x0000634e                memcmp
 .text.strnlen  0x0000636e       0x18 /home/uttec/revita/hwTest/flash_test/build/flash_test/modules/picolibc/libc.a(strnlen.c.obj)
                0x0000636e                strnlen
 .text.__ultoa_invert
                0x00006386       0xc0 /home/uttec/revita/hwTest/flash_test/build/flash_test/modules/picolibc/libc.a(vflprintf.c.obj)
 .text.__file_str_put
                0x00006446       0x10 /home/uttec/revita/hwTest/flash_test/build/flash_test/modules/picolibc/libc.a(filestrput.c.obj)
                0x00006446                __file_str_put
 *(SORT_BY_ALIGNMENT(.TEXT.*))
 *(SORT_BY_ALIGNMENT(.gnu.linkonce.t.*))
 *(SORT_BY_ALIGNMENT(.glue_7t))
 .glue_7t       0x00006456        0x0 linker stubs
 *(SORT_BY_ALIGNMENT(.glue_7))
 .glue_7        0x00006456        0x0 linker stubs
 *(SORT_BY_ALIGNMENT(.vfp11_veneer))
 .vfp11_veneer  0x00006456        0x0 linker stubs
 *(SORT_BY_ALIGNMENT(.v4_bx))
 .v4_bx         0x00006456        0x0 linker stubs
                0x00006458                        . = ALIGN (0x4)
 *fill*         0x00006456        0x2 
                0x00006458                        __text_region_end = .

.ARM.exidx      0x00006458        0x0
                0x00006458                        __exidx_start = .
 *(SORT_BY_ALIGNMENT(.ARM.exidx*) SORT_BY_ALIGNMENT(gnu.linkonce.armexidx.*))
                0x00006458                        __exidx_end = .
                0x00006458                        __rodata_region_start = .

initlevel       0x00006458       0x70
                0x00006458                        __init_start = .
                0x00006458                        __init_EARLY_start = .
 *(SORT_BY_NAME(SORT_BY_ALIGNMENT(.z_init_EARLY?_*)))
 *(SORT_BY_NAME(SORT_BY_ALIGNMENT(.z_init_EARLY??_*)))
                0x00006458                        __init_PRE_KERNEL_1_start = .
 *(SORT_BY_NAME(SORT_BY_ALIGNMENT(.z_init_PRE_KERNEL_1?_*)))
 .z_init_PRE_KERNEL_10_0_
                0x00006458        0x8 zephyr/soc/soc/nrf52840/libsoc__nordic.a(soc.c.obj)
 *(SORT_BY_NAME(SORT_BY_ALIGNMENT(.z_init_PRE_KERNEL_1??_*)))
 .z_init_PRE_KERNEL_130_00075_
                0x00006460        0x8 zephyr/drivers/clock_control/libdrivers__clock_control.a(clock_control_nrf.c.obj)
 .z_init_PRE_KERNEL_130_0_
                0x00006468        0x8 modules/segger/libmodules__segger.a(SEGGER_RTT_zephyr.c.obj)
 .z_init_PRE_KERNEL_130_0_
                0x00006470        0x8 zephyr/kernel/libkernel.a(mem_slab.c.obj)
 .z_init_PRE_KERNEL_140_00011_
                0x00006478        0x8 zephyr/drivers/gpio/libdrivers__gpio.a(gpio_nrfx.c.obj)
 .z_init_PRE_KERNEL_140_00105_
                0x00006480        0x8 zephyr/drivers/gpio/libdrivers__gpio.a(gpio_nrfx.c.obj)
 .z_init_PRE_KERNEL_140_0_
                0x00006488        0x8 modules/nrf/drivers/hw_cc3xx/lib..__nrf__drivers__hw_cc3xx.a(hw_cc3xx.c.obj)
 .z_init_PRE_KERNEL_150_00113_
                0x00006490        0x8 zephyr/drivers/serial/libdrivers__serial.a(uart_nrfx_uarte.c.obj)
 .z_init_PRE_KERNEL_160_0_
                0x00006498        0x8 zephyr/drivers/console/libdrivers__console.a(uart_console.c.obj)
                0x000064a0                        __init_PRE_KERNEL_2_start = .
 *(SORT_BY_NAME(SORT_BY_ALIGNMENT(.z_init_PRE_KERNEL_2?_*)))
 .z_init_PRE_KERNEL_20_0_
                0x000064a0        0x8 zephyr/drivers/timer/libdrivers__timer.a(nrf_rtc_timer.c.obj)
 *(SORT_BY_NAME(SORT_BY_ALIGNMENT(.z_init_PRE_KERNEL_2??_*)))
                0x000064a8                        __init_POST_KERNEL_start = .
 *(SORT_BY_NAME(SORT_BY_ALIGNMENT(.z_init_POST_KERNEL?_*)))
 *(SORT_BY_NAME(SORT_BY_ALIGNMENT(.z_init_POST_KERNEL??_*)))
 .z_init_POST_KERNEL35_0_
                0x000064a8        0x8 zephyr/lib/libc/common/liblib__libc__common.a(malloc.c.obj)
 .z_init_POST_KERNEL40_0_
                0x000064b0        0x8 modules/nrf/drivers/hw_cc3xx/lib..__nrf__drivers__hw_cc3xx.a(hw_cc3xx.c.obj)
 .z_init_POST_KERNEL41_00131_
                0x000064b8        0x8 zephyr/drivers/flash/libdrivers__flash.a(nrf_qspi_nor.c.obj)
 .z_init_POST_KERNEL50_00118_
                0x000064c0        0x8 zephyr/drivers/flash/libdrivers__flash.a(soc_flash_nrf.c.obj)
                0x000064c8                        __init_APPLICATION_start = .
 *(SORT_BY_NAME(SORT_BY_ALIGNMENT(.z_init_APPLICATION?_*)))
 *(SORT_BY_NAME(SORT_BY_ALIGNMENT(.z_init_APPLICATION??_*)))
                0x000064c8                        __init_SMP_start = .
 *(SORT_BY_NAME(SORT_BY_ALIGNMENT(.z_init_SMP?_*)))
 *(SORT_BY_NAME(SORT_BY_ALIGNMENT(.z_init_SMP??_*)))
                0x000064c8                        __init_end = .
                0x000064c8                        __deferred_init_list_start = .
 *(SORT_BY_ALIGNMENT(.z_deferred_init*))
                0x000064c8                        __deferred_init_list_end = .

device_area     0x000064c8       0x78
                0x000064c8                        _device_list_start = .
 *(SORT_BY_NAME(SORT_BY_ALIGNMENT(._device.static.*_?_*)))
 *(SORT_BY_NAME(SORT_BY_ALIGNMENT(._device.static.*_??_*)))
 ._device.static.1_30_
                0x000064c8       0x14 zephyr/drivers/clock_control/libdrivers__clock_control.a(clock_control_nrf.c.obj)
                0x000064c8                __device_dts_ord_75
 ._device.static.1_40_
                0x000064dc       0x28 zephyr/drivers/gpio/libdrivers__gpio.a(gpio_nrfx.c.obj)
                0x000064dc                __device_dts_ord_105
                0x000064f0                __device_dts_ord_11
 ._device.static.1_50_
                0x00006504       0x14 zephyr/drivers/serial/libdrivers__serial.a(uart_nrfx_uarte.c.obj)
                0x00006504                __device_dts_ord_113
 ._device.static.3_41_
                0x00006518       0x14 zephyr/drivers/flash/libdrivers__flash.a(nrf_qspi_nor.c.obj)
                0x00006518                __device_dts_ord_131
 ._device.static.3_50_
                0x0000652c       0x14 zephyr/drivers/flash/libdrivers__flash.a(soc_flash_nrf.c.obj)
                0x0000652c                __device_dts_ord_118
                0x00006540                        _device_list_end = .

sw_isr_table    0x00006540      0x180
                0x00006540                        . = ALIGN (0x4)
 *(SORT_BY_ALIGNMENT(.gnu.linkonce.sw_isr_table*))
 .gnu.linkonce.sw_isr_table
                0x00006540      0x180 zephyr/CMakeFiles/zephyr_final.dir/isr_tables.c.obj
                0x00006540                _sw_isr_table

initlevel_error
 *(SORT_BY_NAME(SORT_BY_ALIGNMENT(.z_init_[_A-Z0-9]*)))
                0x00000001                        ASSERT ((SIZEOF (initlevel_error) == 0x0), Undefined initialization levels used.)

app_shmem_regions
                0x000066c0        0x0
                0x000066c0                        __app_shmem_regions_start = .
 *(SORT_BY_NAME(SORT_BY_ALIGNMENT(.app_regions.*)))
                0x000066c0                        __app_shmem_regions_end = .

k_p4wq_initparam_area
                0x000066c0        0x0
                0x000066c0                        _k_p4wq_initparam_list_start = .
 *(SORT_BY_NAME(SORT_BY_ALIGNMENT(._k_p4wq_initparam.static.*)))
                0x000066c0                        _k_p4wq_initparam_list_end = .

_static_thread_data_area
                0x000066c0        0x0
                0x000066c0                        __static_thread_data_list_start = .
 *(SORT_BY_NAME(SORT_BY_ALIGNMENT(.__static_thread_data.static.*)))
                0x000066c0                        __static_thread_data_list_end = .

device_deps     0x000066c0        0x0
                0x000066c0                        __device_deps_start = .
 *(SORT_BY_NAME(SORT_BY_ALIGNMENT(.__device_deps_pass2*)))
                0x000066c0                        __device_deps_end = .

flash_driver_api_area
                0x000066c0       0x30
                0x000066c0                        _flash_driver_api_list_start = .
 *(SORT_BY_NAME(SORT_BY_ALIGNMENT(._flash_driver_api.static.*)))
 ._flash_driver_api.static.flash_nrf_api_
                0x000066c0       0x18 zephyr/drivers/flash/libdrivers__flash.a(soc_flash_nrf.c.obj)
 ._flash_driver_api.static.qspi_nor_api_
                0x000066d8       0x18 zephyr/drivers/flash/libdrivers__flash.a(nrf_qspi_nor.c.obj)
                0x000066f0                        _flash_driver_api_list_end = .

gpio_driver_api_area
                0x000066f0       0x24
                0x000066f0                        _gpio_driver_api_list_start = .
 *(SORT_BY_NAME(SORT_BY_ALIGNMENT(._gpio_driver_api.static.*)))
 ._gpio_driver_api.static.gpio_nrfx_drv_api_funcs_
                0x000066f0       0x24 zephyr/drivers/gpio/libdrivers__gpio.a(gpio_nrfx.c.obj)
                0x00006714                        _gpio_driver_api_list_end = .

shared_irq_driver_api_area
                0x00006714        0x0
                0x00006714                        _shared_irq_driver_api_list_start = .
 *(SORT_BY_NAME(SORT_BY_ALIGNMENT(._shared_irq_driver_api.static.*)))
                0x00006714                        _shared_irq_driver_api_list_end = .

crypto_driver_api_area
                0x00006714        0x0
                0x00006714                        _crypto_driver_api_list_start = .
 *(SORT_BY_NAME(SORT_BY_ALIGNMENT(._crypto_driver_api.static.*)))
                0x00006714                        _crypto_driver_api_list_end = .

adc_driver_api_area
                0x00006714        0x0
                0x00006714                        _adc_driver_api_list_start = .
 *(SORT_BY_NAME(SORT_BY_ALIGNMENT(._adc_driver_api.static.*)))
                0x00006714                        _adc_driver_api_list_end = .

auxdisplay_driver_api_area
                0x00006714        0x0
                0x00006714                        _auxdisplay_driver_api_list_start = .
 *(SORT_BY_NAME(SORT_BY_ALIGNMENT(._auxdisplay_driver_api.static.*)))
                0x00006714                        _auxdisplay_driver_api_list_end = .

bbram_driver_api_area
                0x00006714        0x0
                0x00006714                        _bbram_driver_api_list_start = .
 *(SORT_BY_NAME(SORT_BY_ALIGNMENT(._bbram_driver_api.static.*)))
                0x00006714                        _bbram_driver_api_list_end = .

bt_hci_driver_api_area
                0x00006714        0x0
                0x00006714                        _bt_hci_driver_api_list_start = .
 *(SORT_BY_NAME(SORT_BY_ALIGNMENT(._bt_hci_driver_api.static.*)))
                0x00006714                        _bt_hci_driver_api_list_end = .

can_driver_api_area
                0x00006714        0x0
                0x00006714                        _can_driver_api_list_start = .
 *(SORT_BY_NAME(SORT_BY_ALIGNMENT(._can_driver_api.static.*)))
                0x00006714                        _can_driver_api_list_end = .

cellular_driver_api_area
                0x00006714        0x0
                0x00006714                        _cellular_driver_api_list_start = .
 *(SORT_BY_NAME(SORT_BY_ALIGNMENT(._cellular_driver_api.static.*)))
                0x00006714                        _cellular_driver_api_list_end = .

charger_driver_api_area
                0x00006714        0x0
                0x00006714                        _charger_driver_api_list_start = .
 *(SORT_BY_NAME(SORT_BY_ALIGNMENT(._charger_driver_api.static.*)))
                0x00006714                        _charger_driver_api_list_end = .

clock_control_driver_api_area
                0x00006714       0x1c
                0x00006714                        _clock_control_driver_api_list_start = .
 *(SORT_BY_NAME(SORT_BY_ALIGNMENT(._clock_control_driver_api.static.*)))
 ._clock_control_driver_api.static.clock_control_api_
                0x00006714       0x1c zephyr/drivers/clock_control/libdrivers__clock_control.a(clock_control_nrf.c.obj)
                0x00006730                        _clock_control_driver_api_list_end = .

comparator_driver_api_area
                0x00006730        0x0
                0x00006730                        _comparator_driver_api_list_start = .
 *(SORT_BY_NAME(SORT_BY_ALIGNMENT(._comparator_driver_api.static.*)))
                0x00006730                        _comparator_driver_api_list_end = .

coredump_driver_api_area
                0x00006730        0x0
                0x00006730                        _coredump_driver_api_list_start = .
 *(SORT_BY_NAME(SORT_BY_ALIGNMENT(._coredump_driver_api.static.*)))
                0x00006730                        _coredump_driver_api_list_end = .

counter_driver_api_area
                0x00006730        0x0
                0x00006730                        _counter_driver_api_list_start = .
 *(SORT_BY_NAME(SORT_BY_ALIGNMENT(._counter_driver_api.static.*)))
                0x00006730                        _counter_driver_api_list_end = .

dac_driver_api_area
                0x00006730        0x0
                0x00006730                        _dac_driver_api_list_start = .
 *(SORT_BY_NAME(SORT_BY_ALIGNMENT(._dac_driver_api.static.*)))
                0x00006730                        _dac_driver_api_list_end = .

dai_driver_api_area
                0x00006730        0x0
                0x00006730                        _dai_driver_api_list_start = .
 *(SORT_BY_NAME(SORT_BY_ALIGNMENT(._dai_driver_api.static.*)))
                0x00006730                        _dai_driver_api_list_end = .

display_driver_api_area
                0x00006730        0x0
                0x00006730                        _display_driver_api_list_start = .
 *(SORT_BY_NAME(SORT_BY_ALIGNMENT(._display_driver_api.static.*)))
                0x00006730                        _display_driver_api_list_end = .

dma_driver_api_area
                0x00006730        0x0
                0x00006730                        _dma_driver_api_list_start = .
 *(SORT_BY_NAME(SORT_BY_ALIGNMENT(._dma_driver_api.static.*)))
                0x00006730                        _dma_driver_api_list_end = .

edac_driver_api_area
                0x00006730        0x0
                0x00006730                        _edac_driver_api_list_start = .
 *(SORT_BY_NAME(SORT_BY_ALIGNMENT(._edac_driver_api.static.*)))
                0x00006730                        _edac_driver_api_list_end = .

eeprom_driver_api_area
                0x00006730        0x0
                0x00006730                        _eeprom_driver_api_list_start = .
 *(SORT_BY_NAME(SORT_BY_ALIGNMENT(._eeprom_driver_api.static.*)))
                0x00006730                        _eeprom_driver_api_list_end = .

emul_bbram_driver_api_area
                0x00006730        0x0
                0x00006730                        _emul_bbram_driver_api_list_start = .
 *(SORT_BY_NAME(SORT_BY_ALIGNMENT(._emul_bbram_driver_api.static.*)))
                0x00006730                        _emul_bbram_driver_api_list_end = .

fuel_gauge_emul_driver_api_area
                0x00006730        0x0
                0x00006730                        _fuel_gauge_emul_driver_api_list_start = .
 *(SORT_BY_NAME(SORT_BY_ALIGNMENT(._fuel_gauge_emul_driver_api.static.*)))
                0x00006730                        _fuel_gauge_emul_driver_api_list_end = .

emul_sensor_driver_api_area
                0x00006730        0x0
                0x00006730                        _emul_sensor_driver_api_list_start = .
 *(SORT_BY_NAME(SORT_BY_ALIGNMENT(._emul_sensor_driver_api.static.*)))
                0x00006730                        _emul_sensor_driver_api_list_end = .

entropy_driver_api_area
                0x00006730        0x0
                0x00006730                        _entropy_driver_api_list_start = .
 *(SORT_BY_NAME(SORT_BY_ALIGNMENT(._entropy_driver_api.static.*)))
                0x00006730                        _entropy_driver_api_list_end = .

espi_driver_api_area
                0x00006730        0x0
                0x00006730                        _espi_driver_api_list_start = .
 *(SORT_BY_NAME(SORT_BY_ALIGNMENT(._espi_driver_api.static.*)))
                0x00006730                        _espi_driver_api_list_end = .

espi_saf_driver_api_area
                0x00006730        0x0
                0x00006730                        _espi_saf_driver_api_list_start = .
 *(SORT_BY_NAME(SORT_BY_ALIGNMENT(._espi_saf_driver_api.static.*)))
                0x00006730                        _espi_saf_driver_api_list_end = .

fpga_driver_api_area
                0x00006730        0x0
                0x00006730                        _fpga_driver_api_list_start = .
 *(SORT_BY_NAME(SORT_BY_ALIGNMENT(._fpga_driver_api.static.*)))
                0x00006730                        _fpga_driver_api_list_end = .

fuel_gauge_driver_api_area
                0x00006730        0x0
                0x00006730                        _fuel_gauge_driver_api_list_start = .
 *(SORT_BY_NAME(SORT_BY_ALIGNMENT(._fuel_gauge_driver_api.static.*)))
                0x00006730                        _fuel_gauge_driver_api_list_end = .

gnss_driver_api_area
                0x00006730        0x0
                0x00006730                        _gnss_driver_api_list_start = .
 *(SORT_BY_NAME(SORT_BY_ALIGNMENT(._gnss_driver_api.static.*)))
                0x00006730                        _gnss_driver_api_list_end = .

haptics_driver_api_area
                0x00006730        0x0
                0x00006730                        _haptics_driver_api_list_start = .
 *(SORT_BY_NAME(SORT_BY_ALIGNMENT(._haptics_driver_api.static.*)))
                0x00006730                        _haptics_driver_api_list_end = .

hwspinlock_driver_api_area
                0x00006730        0x0
                0x00006730                        _hwspinlock_driver_api_list_start = .
 *(SORT_BY_NAME(SORT_BY_ALIGNMENT(._hwspinlock_driver_api.static.*)))
                0x00006730                        _hwspinlock_driver_api_list_end = .

i2c_driver_api_area
                0x00006730        0x0
                0x00006730                        _i2c_driver_api_list_start = .
 *(SORT_BY_NAME(SORT_BY_ALIGNMENT(._i2c_driver_api.static.*)))
                0x00006730                        _i2c_driver_api_list_end = .

i2c_target_driver_api_area
                0x00006730        0x0
                0x00006730                        _i2c_target_driver_api_list_start = .
 *(SORT_BY_NAME(SORT_BY_ALIGNMENT(._i2c_target_driver_api.static.*)))
                0x00006730                        _i2c_target_driver_api_list_end = .

i2s_driver_api_area
                0x00006730        0x0
                0x00006730                        _i2s_driver_api_list_start = .
 *(SORT_BY_NAME(SORT_BY_ALIGNMENT(._i2s_driver_api.static.*)))
                0x00006730                        _i2s_driver_api_list_end = .

i3c_driver_api_area
                0x00006730        0x0
                0x00006730                        _i3c_driver_api_list_start = .
 *(SORT_BY_NAME(SORT_BY_ALIGNMENT(._i3c_driver_api.static.*)))
                0x00006730                        _i3c_driver_api_list_end = .

ipm_driver_api_area
                0x00006730        0x0
                0x00006730                        _ipm_driver_api_list_start = .
 *(SORT_BY_NAME(SORT_BY_ALIGNMENT(._ipm_driver_api.static.*)))
                0x00006730                        _ipm_driver_api_list_end = .

kscan_driver_api_area
                0x00006730        0x0
                0x00006730                        _kscan_driver_api_list_start = .
 *(SORT_BY_NAME(SORT_BY_ALIGNMENT(._kscan_driver_api.static.*)))
                0x00006730                        _kscan_driver_api_list_end = .

led_driver_api_area
                0x00006730        0x0
                0x00006730                        _led_driver_api_list_start = .
 *(SORT_BY_NAME(SORT_BY_ALIGNMENT(._led_driver_api.static.*)))
                0x00006730                        _led_driver_api_list_end = .

led_strip_driver_api_area
                0x00006730        0x0
                0x00006730                        _led_strip_driver_api_list_start = .
 *(SORT_BY_NAME(SORT_BY_ALIGNMENT(._led_strip_driver_api.static.*)))
                0x00006730                        _led_strip_driver_api_list_end = .

lora_driver_api_area
                0x00006730        0x0
                0x00006730                        _lora_driver_api_list_start = .
 *(SORT_BY_NAME(SORT_BY_ALIGNMENT(._lora_driver_api.static.*)))
                0x00006730                        _lora_driver_api_list_end = .

mbox_driver_api_area
                0x00006730        0x0
                0x00006730                        _mbox_driver_api_list_start = .
 *(SORT_BY_NAME(SORT_BY_ALIGNMENT(._mbox_driver_api.static.*)))
                0x00006730                        _mbox_driver_api_list_end = .

mdio_driver_api_area
                0x00006730        0x0
                0x00006730                        _mdio_driver_api_list_start = .
 *(SORT_BY_NAME(SORT_BY_ALIGNMENT(._mdio_driver_api.static.*)))
                0x00006730                        _mdio_driver_api_list_end = .

mipi_dbi_driver_api_area
                0x00006730        0x0
                0x00006730                        _mipi_dbi_driver_api_list_start = .
 *(SORT_BY_NAME(SORT_BY_ALIGNMENT(._mipi_dbi_driver_api.static.*)))
                0x00006730                        _mipi_dbi_driver_api_list_end = .

mipi_dsi_driver_api_area
                0x00006730        0x0
                0x00006730                        _mipi_dsi_driver_api_list_start = .
 *(SORT_BY_NAME(SORT_BY_ALIGNMENT(._mipi_dsi_driver_api.static.*)))
                0x00006730                        _mipi_dsi_driver_api_list_end = .

mspi_driver_api_area
                0x00006730        0x0
                0x00006730                        _mspi_driver_api_list_start = .
 *(SORT_BY_NAME(SORT_BY_ALIGNMENT(._mspi_driver_api.static.*)))
                0x00006730                        _mspi_driver_api_list_end = .

peci_driver_api_area
                0x00006730        0x0
                0x00006730                        _peci_driver_api_list_start = .
 *(SORT_BY_NAME(SORT_BY_ALIGNMENT(._peci_driver_api.static.*)))
                0x00006730                        _peci_driver_api_list_end = .

ps2_driver_api_area
                0x00006730        0x0
                0x00006730                        _ps2_driver_api_list_start = .
 *(SORT_BY_NAME(SORT_BY_ALIGNMENT(._ps2_driver_api.static.*)))
                0x00006730                        _ps2_driver_api_list_end = .

ptp_clock_driver_api_area
                0x00006730        0x0
                0x00006730                        _ptp_clock_driver_api_list_start = .
 *(SORT_BY_NAME(SORT_BY_ALIGNMENT(._ptp_clock_driver_api.static.*)))
                0x00006730                        _ptp_clock_driver_api_list_end = .

pwm_driver_api_area
                0x00006730        0x0
                0x00006730                        _pwm_driver_api_list_start = .
 *(SORT_BY_NAME(SORT_BY_ALIGNMENT(._pwm_driver_api.static.*)))
                0x00006730                        _pwm_driver_api_list_end = .

regulator_parent_driver_api_area
                0x00006730        0x0
                0x00006730                        _regulator_parent_driver_api_list_start = .
 *(SORT_BY_NAME(SORT_BY_ALIGNMENT(._regulator_parent_driver_api.static.*)))
                0x00006730                        _regulator_parent_driver_api_list_end = .

regulator_driver_api_area
                0x00006730        0x0
                0x00006730                        _regulator_driver_api_list_start = .
 *(SORT_BY_NAME(SORT_BY_ALIGNMENT(._regulator_driver_api.static.*)))
                0x00006730                        _regulator_driver_api_list_end = .

reset_driver_api_area
                0x00006730        0x0
                0x00006730                        _reset_driver_api_list_start = .
 *(SORT_BY_NAME(SORT_BY_ALIGNMENT(._reset_driver_api.static.*)))
                0x00006730                        _reset_driver_api_list_end = .

retained_mem_driver_api_area
                0x00006730        0x0
                0x00006730                        _retained_mem_driver_api_list_start = .
 *(SORT_BY_NAME(SORT_BY_ALIGNMENT(._retained_mem_driver_api.static.*)))
                0x00006730                        _retained_mem_driver_api_list_end = .

rtc_driver_api_area
                0x00006730        0x0
                0x00006730                        _rtc_driver_api_list_start = .
 *(SORT_BY_NAME(SORT_BY_ALIGNMENT(._rtc_driver_api.static.*)))
                0x00006730                        _rtc_driver_api_list_end = .

sdhc_driver_api_area
                0x00006730        0x0
                0x00006730                        _sdhc_driver_api_list_start = .
 *(SORT_BY_NAME(SORT_BY_ALIGNMENT(._sdhc_driver_api.static.*)))
                0x00006730                        _sdhc_driver_api_list_end = .

sensor_driver_api_area
                0x00006730        0x0
                0x00006730                        _sensor_driver_api_list_start = .
 *(SORT_BY_NAME(SORT_BY_ALIGNMENT(._sensor_driver_api.static.*)))
                0x00006730                        _sensor_driver_api_list_end = .

smbus_driver_api_area
                0x00006730        0x0
                0x00006730                        _smbus_driver_api_list_start = .
 *(SORT_BY_NAME(SORT_BY_ALIGNMENT(._smbus_driver_api.static.*)))
                0x00006730                        _smbus_driver_api_list_end = .

spi_driver_api_area
                0x00006730        0x0
                0x00006730                        _spi_driver_api_list_start = .
 *(SORT_BY_NAME(SORT_BY_ALIGNMENT(._spi_driver_api.static.*)))
                0x00006730                        _spi_driver_api_list_end = .

stepper_driver_api_area
                0x00006730        0x0
                0x00006730                        _stepper_driver_api_list_start = .
 *(SORT_BY_NAME(SORT_BY_ALIGNMENT(._stepper_driver_api.static.*)))
                0x00006730                        _stepper_driver_api_list_end = .

syscon_driver_api_area
                0x00006730        0x0
                0x00006730                        _syscon_driver_api_list_start = .
 *(SORT_BY_NAME(SORT_BY_ALIGNMENT(._syscon_driver_api.static.*)))
                0x00006730                        _syscon_driver_api_list_end = .

tee_driver_api_area
                0x00006730        0x0
                0x00006730                        _tee_driver_api_list_start = .
 *(SORT_BY_NAME(SORT_BY_ALIGNMENT(._tee_driver_api.static.*)))
                0x00006730                        _tee_driver_api_list_end = .

video_driver_api_area
                0x00006730        0x0
                0x00006730                        _video_driver_api_list_start = .
 *(SORT_BY_NAME(SORT_BY_ALIGNMENT(._video_driver_api.static.*)))
                0x00006730                        _video_driver_api_list_end = .

w1_driver_api_area
                0x00006730        0x0
                0x00006730                        _w1_driver_api_list_start = .
 *(SORT_BY_NAME(SORT_BY_ALIGNMENT(._w1_driver_api.static.*)))
                0x00006730                        _w1_driver_api_list_end = .

wdt_driver_api_area
                0x00006730        0x0
                0x00006730                        _wdt_driver_api_list_start = .
 *(SORT_BY_NAME(SORT_BY_ALIGNMENT(._wdt_driver_api.static.*)))
                0x00006730                        _wdt_driver_api_list_end = .

can_transceiver_driver_api_area
                0x00006730        0x0
                0x00006730                        _can_transceiver_driver_api_list_start = .
 *(SORT_BY_NAME(SORT_BY_ALIGNMENT(._can_transceiver_driver_api.static.*)))
                0x00006730                        _can_transceiver_driver_api_list_end = .

nrf_clock_control_driver_api_area
                0x00006730        0x0
                0x00006730                        _nrf_clock_control_driver_api_list_start = .
 *(SORT_BY_NAME(SORT_BY_ALIGNMENT(._nrf_clock_control_driver_api.static.*)))
                0x00006730                        _nrf_clock_control_driver_api_list_end = .

i3c_target_driver_api_area
                0x00006730        0x0
                0x00006730                        _i3c_target_driver_api_list_start = .
 *(SORT_BY_NAME(SORT_BY_ALIGNMENT(._i3c_target_driver_api.static.*)))
                0x00006730                        _i3c_target_driver_api_list_end = .

its_driver_api_area
                0x00006730        0x0
                0x00006730                        _its_driver_api_list_start = .
 *(SORT_BY_NAME(SORT_BY_ALIGNMENT(._its_driver_api.static.*)))
                0x00006730                        _its_driver_api_list_end = .

vtd_driver_api_area
                0x00006730        0x0
                0x00006730                        _vtd_driver_api_list_start = .
 *(SORT_BY_NAME(SORT_BY_ALIGNMENT(._vtd_driver_api.static.*)))
                0x00006730                        _vtd_driver_api_list_end = .

tgpio_driver_api_area
                0x00006730        0x0
                0x00006730                        _tgpio_driver_api_list_start = .
 *(SORT_BY_NAME(SORT_BY_ALIGNMENT(._tgpio_driver_api.static.*)))
                0x00006730                        _tgpio_driver_api_list_end = .

pcie_ctrl_driver_api_area
                0x00006730        0x0
                0x00006730                        _pcie_ctrl_driver_api_list_start = .
 *(SORT_BY_NAME(SORT_BY_ALIGNMENT(._pcie_ctrl_driver_api.static.*)))
                0x00006730                        _pcie_ctrl_driver_api_list_end = .

pcie_ep_driver_api_area
                0x00006730        0x0
                0x00006730                        _pcie_ep_driver_api_list_start = .
 *(SORT_BY_NAME(SORT_BY_ALIGNMENT(._pcie_ep_driver_api.static.*)))
                0x00006730                        _pcie_ep_driver_api_list_end = .

svc_driver_api_area
                0x00006730        0x0
                0x00006730                        _svc_driver_api_list_start = .
 *(SORT_BY_NAME(SORT_BY_ALIGNMENT(._svc_driver_api.static.*)))
                0x00006730                        _svc_driver_api_list_end = .

uart_driver_api_area
                0x00006730       0x44
                0x00006730                        _uart_driver_api_list_start = .
 *(SORT_BY_NAME(SORT_BY_ALIGNMENT(._uart_driver_api.static.*)))
 ._uart_driver_api.static.uart_nrfx_uarte_driver_api_
                0x00006730       0x44 zephyr/drivers/serial/libdrivers__serial.a(uart_nrfx_uarte.c.obj)
                0x00006774                        _uart_driver_api_list_end = .

bc12_emul_driver_api_area
                0x00006774        0x0
                0x00006774                        _bc12_emul_driver_api_list_start = .
 *(SORT_BY_NAME(SORT_BY_ALIGNMENT(._bc12_emul_driver_api.static.*)))
                0x00006774                        _bc12_emul_driver_api_list_end = .

bc12_driver_api_area
                0x00006774        0x0
                0x00006774                        _bc12_driver_api_list_start = .
 *(SORT_BY_NAME(SORT_BY_ALIGNMENT(._bc12_driver_api.static.*)))
                0x00006774                        _bc12_driver_api_list_end = .

usbc_ppc_driver_api_area
                0x00006774        0x0
                0x00006774                        _usbc_ppc_driver_api_list_start = .
 *(SORT_BY_NAME(SORT_BY_ALIGNMENT(._usbc_ppc_driver_api.static.*)))
                0x00006774                        _usbc_ppc_driver_api_list_end = .

tcpc_driver_api_area
                0x00006774        0x0
                0x00006774                        _tcpc_driver_api_list_start = .
 *(SORT_BY_NAME(SORT_BY_ALIGNMENT(._tcpc_driver_api.static.*)))
                0x00006774                        _tcpc_driver_api_list_end = .

usbc_vbus_driver_api_area
                0x00006774        0x0
                0x00006774                        _usbc_vbus_driver_api_list_start = .
 *(SORT_BY_NAME(SORT_BY_ALIGNMENT(._usbc_vbus_driver_api.static.*)))
                0x00006774                        _usbc_vbus_driver_api_list_end = .

ivshmem_driver_api_area
                0x00006774        0x0
                0x00006774                        _ivshmem_driver_api_list_start = .
 *(SORT_BY_NAME(SORT_BY_ALIGNMENT(._ivshmem_driver_api.static.*)))
                0x00006774                        _ivshmem_driver_api_list_end = .

ethphy_driver_api_area
                0x00006774        0x0
                0x00006774                        _ethphy_driver_api_list_start = .
 *(SORT_BY_NAME(SORT_BY_ALIGNMENT(._ethphy_driver_api.static.*)))
                0x00006774                        _ethphy_driver_api_list_end = .

ztest           0x00006774        0x0
                0x00006774                        _ztest_expected_result_entry_list_start = .
 *(SORT_BY_NAME(SORT_BY_ALIGNMENT(._ztest_expected_result_entry.static.*)))
                0x00006774                        _ztest_expected_result_entry_list_end = .
                0x00006774                        _ztest_suite_node_list_start = .
 *(SORT_BY_NAME(SORT_BY_ALIGNMENT(._ztest_suite_node.static.*)))
                0x00006774                        _ztest_suite_node_list_end = .
                0x00006774                        _ztest_unit_test_list_start = .
 *(SORT_BY_NAME(SORT_BY_ALIGNMENT(._ztest_unit_test.static.*)))
                0x00006774                        _ztest_unit_test_list_end = .
                0x00006774                        _ztest_test_rule_list_start = .
 *(SORT_BY_NAME(SORT_BY_ALIGNMENT(._ztest_test_rule.static.*)))
                0x00006774                        _ztest_test_rule_list_end = .

init_array
 *(SORT_BY_NAME(SORT_BY_ALIGNMENT(.ctors*)))
 *(SORT_BY_NAME(SORT_BY_ALIGNMENT(.init_array*)))