Archive member included to satisfy reference by file (symbol)

app/libapp.a(main.c.obj)      (--whole-archive)
zephyr/libzephyr.a(heap.c.obj)
                              (--whole-archive)
zephyr/libzephyr.a(cbprintf_packaged.c.obj)
                              (--whole-archive)
zephyr/libzephyr.a(printk.c.obj)
                              (--whole-archive)
zephyr/libzephyr.a(sem.c.obj)
                              (--whole-archive)
zephyr/libzephyr.a(thread_entry.c.obj)
                              (--whole-archive)
zephyr/libzephyr.a(cbprintf_complete.c.obj)
                              (--whole-archive)
zephyr/libzephyr.a(assert.c.obj)
                              (--whole-archive)
zephyr/libzephyr.a(mpsc_pbuf.c.obj)
                              (--whole-archive)
zephyr/libzephyr.a(dec.c.obj)
                              (--whole-archive)
zephyr/libzephyr.a(hex.c.obj)
                              (--whole-archive)
zephyr/libzephyr.a(rb.c.obj)  (--whole-archive)
zephyr/libzephyr.a(timeutil.c.obj)
                              (--whole-archive)
zephyr/libzephyr.a(bitarray.c.obj)
                              (--whole-archive)
zephyr/libzephyr.a(onoff.c.obj)
                              (--whole-archive)
zephyr/libzephyr.a(notify.c.obj)
                              (--whole-archive)
zephyr/libzephyr.a(last_section_id.c.obj)
                              (--whole-archive)
zephyr/libzephyr.a(configs.c.obj)
                              (--whole-archive)
zephyr/libzephyr.a(log_core.c.obj)
                              (--whole-archive)
zephyr/libzephyr.a(log_mgmt.c.obj)
                              (--whole-archive)
zephyr/libzephyr.a(log_cache.c.obj)
                              (--whole-archive)
zephyr/libzephyr.a(log_msg.c.obj)
                              (--whole-archive)
zephyr/libzephyr.a(log_output.c.obj)
                              (--whole-archive)
zephyr/libzephyr.a(log_backend_rtt.c.obj)
                              (--whole-archive)
zephyr/libzephyr.a(log_backend_uart.c.obj)
                              (--whole-archive)
zephyr/libzephyr.a(mem_attr.c.obj)
                              (--whole-archive)
zephyr/libzephyr.a(tracing_none.c.obj)
                              (--whole-archive)
zephyr/libzephyr.a(banner.c.obj)
                              (--whole-archive)
zephyr/libzephyr.a(hci_vs_sdc.c.obj)
                              (--whole-archive)
zephyr/libzephyr.a(host_extensions.c.obj)
                              (--whole-archive)
zephyr/libzephyr.a(flash_map_partition_manager.c.obj)
                              (--whole-archive)
zephyr/libzephyr.a(nrf_cc3xx_platform_abort_zephyr.c.obj)
                              (--whole-archive)
zephyr/libzephyr.a(nrf_cc3xx_platform_mutex_zephyr.c.obj)
                              (--whole-archive)
zephyr/arch/common/libarch__common.a(sw_isr_common.c.obj)
                              (--whole-archive)
zephyr/arch/arch/arm/core/libarch__arm__core.a(fatal.c.obj)
                              (--whole-archive)
zephyr/arch/arch/arm/core/libarch__arm__core.a(nmi.c.obj)
                              (--whole-archive)
zephyr/arch/arch/arm/core/libarch__arm__core.a(nmi_on_reset.S.obj)
                              (--whole-archive)
zephyr/arch/arch/arm/core/cortex_m/libarch__arm__core__cortex_m.a(exc_exit.c.obj)
                              (--whole-archive)
zephyr/arch/arch/arm/core/cortex_m/libarch__arm__core__cortex_m.a(fault.c.obj)
                              (--whole-archive)
zephyr/arch/arch/arm/core/cortex_m/libarch__arm__core__cortex_m.a(fault_s.S.obj)
                              (--whole-archive)
zephyr/arch/arch/arm/core/cortex_m/libarch__arm__core__cortex_m.a(fpu.c.obj)
                              (--whole-archive)
zephyr/arch/arch/arm/core/cortex_m/libarch__arm__core__cortex_m.a(reset.S.obj)
                              (--whole-archive)
zephyr/arch/arch/arm/core/cortex_m/libarch__arm__core__cortex_m.a(scb.c.obj)
                              (--whole-archive)
zephyr/arch/arch/arm/core/cortex_m/libarch__arm__core__cortex_m.a(thread_abort.c.obj)
                              (--whole-archive)
zephyr/arch/arch/arm/core/cortex_m/libarch__arm__core__cortex_m.a(vector_table.S.obj)
                              (--whole-archive)
zephyr/arch/arch/arm/core/cortex_m/libarch__arm__core__cortex_m.a(swap_helper.S.obj)
                              (--whole-archive)
zephyr/arch/arch/arm/core/cortex_m/libarch__arm__core__cortex_m.a(irq_manage.c.obj)
                              (--whole-archive)
zephyr/arch/arch/arm/core/cortex_m/libarch__arm__core__cortex_m.a(prep_c.c.obj)
                              (--whole-archive)
zephyr/arch/arch/arm/core/cortex_m/libarch__arm__core__cortex_m.a(thread.c.obj)
                              (--whole-archive)
zephyr/arch/arch/arm/core/cortex_m/libarch__arm__core__cortex_m.a(cpu_idle.c.obj)
                              (--whole-archive)
[...]
Memory Configuration

Name             Origin             Length             Attributes
FLASH            0x00000000         0x00100000         xr
RAM              0x20000000         0x00040000         xw
IDT_LIST         0xffff7fff         0x00008000         xw
*default*        0x00000000         0xffffffff

Linker script and memory map

LOAD zephyr/CMakeFiles/zephyr_pre0.dir/misc/empty_file.c.obj
LOAD zephyr/CMakeFiles/offsets.dir/./arch/arm/core/offsets/offsets.c.obj
LOAD app/libapp.a
LOAD zephyr/libzephyr.a
LOAD zephyr/arch/common/libarch__common.a
LOAD zephyr/arch/arch/arm/core/libarch__arm__core.a
LOAD zephyr/arch/arch/arm/core/cortex_m/libarch__arm__core__cortex_m.a
LOAD zephyr/arch/arch/arm/core/mpu/libarch__arm__core__mpu.a
LOAD zephyr/lib/libc/picolibc/liblib__libc__picolibc.a
LOAD zephyr/lib/libc/common/liblib__libc__common.a
LOAD zephyr/lib/net_buf/liblib__net_buf.a
LOAD zephyr/soc/soc/nrf52840/libsoc__nordic.a
LOAD zephyr/subsys/random/libsubsys__random.a
LOAD zephyr/subsys/bluetooth/common/libsubsys__bluetooth__common.a
LOAD zephyr/subsys/bluetooth/host/libsubsys__bluetooth__host.a
LOAD zephyr/drivers/clock_control/libdrivers__clock_control.a
LOAD zephyr/drivers/console/libdrivers__console.a
LOAD zephyr/drivers/entropy/libdrivers__entropy.a
LOAD zephyr/drivers/gpio/libdrivers__gpio.a
LOAD zephyr/drivers/pinctrl/libdrivers__pinctrl.a
LOAD zephyr/drivers/serial/libdrivers__serial.a
LOAD zephyr/drivers/timer/libdrivers__timer.a
LOAD modules/nrf/lib/multithreading_lock/lib..__nrf__lib__multithreading_lock.a
LOAD modules/nrf/subsys/bluetooth/controller/lib..__nrf__subsys__bluetooth__controller.a
LOAD modules/nrf/subsys/mpsl/init/lib..__nrf__subsys__mpsl__init.a
LOAD modules/nrf/subsys/mpsl/fem/lib..__nrf__subsys__mpsl__fem.a
LOAD modules/nrf/drivers/hw_cc3xx/lib..__nrf__drivers__hw_cc3xx.a
LOAD modules/nrf/drivers/mpsl/clock_control/lib..__nrf__drivers__mpsl__clock_control.a
LOAD modules/hal_nordic/modules/hal_nordic/nrfx/libmodules__hal_nordic__nrfx.a
LOAD modules/segger/libmodules__segger.a
LOAD zephyr/kernel/libkernel.a
LOAD zephyr/arch/common/libisr_tables.a
LOAD /home/uttec/ncs/nrfxlib/crypto/nrf_cc310_platform/lib/cortex-m4/soft-float/no-interrupts/libnrf_cc310_platform_0.9.19.a
LOAD /home/uttec/ncs/nrfxlib/softdevice_controller/lib/nrf52/soft-float/libsoftdevice_controller_central.a
LOAD /home/uttec/ncs/nrfxlib/mpsl/fem/common/lib/nrf52/soft-float/libmpsl_fem_common.a
LOAD /home/uttec/ncs/nrfxlib/mpsl/fem/nrf21540_gpio/lib/nrf52/soft-float/libmpsl_fem_nrf21540_gpio.a
LOAD /home/uttec/ncs/nrfxlib/mpsl/fem/nrf21540_gpio_spi/lib/nrf52/soft-float/libmpsl_fem_nrf21540_gpio_spi.a
LOAD /home/uttec/ncs/nrfxlib/mpsl/fem/nrf2220/lib/nrf52/soft-float/libmpsl_fem_nrf2220.a
LOAD /home/uttec/ncs/nrfxlib/mpsl/fem/nrf2240/lib/nrf52/soft-float/libmpsl_fem_nrf2240.a
LOAD /home/uttec/ncs/nrfxlib/mpsl/fem/nrf22xx/lib/nrf52/soft-float/libmpsl_fem_nrf22xx.a
LOAD /home/uttec/ncs/nrfxlib/mpsl/fem/simple_gpio/lib/nrf52/soft-float/libmpsl_fem_simple_gpio.a
LOAD /home/uttec/ncs/nrfxlib/mpsl/lib/nrf52/soft-float/libmpsl.a
LOAD /home/uttec/revita/zephyr_workspace/bleTest/central/build/central/modules/picolibc/libc.a
LOAD /home/uttec/gnuarmemb/bin/../lib/gcc/arm-none-eabi/14.2.1/thumb/v7e-m/nofp/libgcc.a
                0x00000020                        _region_min_align = 0x20

.rel.plt        0x00000000        0x0
 *(SORT_BY_ALIGNMENT(.rel.plt))
                [!provide]                        PROVIDE (__rel_iplt_start = .)
 *(SORT_BY_ALIGNMENT(.rel.iplt))
 .rel.iplt      0x00000000        0x0 app/libapp.a(main.c.obj)
                [!provide]                        PROVIDE (__rel_iplt_end = .)

.rela.plt       0x00000000        0x0
 *(SORT_BY_ALIGNMENT(.rela.plt))
                [!provide]                        PROVIDE (__rela_iplt_start = .)
 *(SORT_BY_ALIGNMENT(.rela.iplt))
                [!provide]                        PROVIDE (__rela_iplt_end = .)

.rel.dyn
 *(SORT_BY_ALIGNMENT(.rel.*))

.rela.dyn
 *(SORT_BY_ALIGNMENT(.rela.*))

/DISCARD/
 *(SORT_BY_ALIGNMENT(.plt))

/DISCARD/
 *(SORT_BY_ALIGNMENT(.iplt))
                0x00000000                        __rom_region_start = 0x0

rom_start       0x00000000      0x100
                0x00000000                        __rom_start_address = .
 FILL mask 0x00
                0x00000000                        . = (. + (0x0 - (. - __rom_start_address)))
                0x00000000                        . = ALIGN (0x4)
                0x00000000                        . = ALIGN (0x80)
                0x00000000                        . = ALIGN (0x100)
                0x00000000                        _vector_start = .
 *(SORT_BY_ALIGNMENT(.exc_vector_table))
 *(SORT_BY_ALIGNMENT(.exc_vector_table.*))
 .exc_vector_table._vector_table_section
                0x00000000       0x40 zephyr/arch/arch/arm/core/cortex_m/libarch__arm__core__cortex_m.a(vector_table.S.obj)
                0x00000000                _vector_table
 *(SORT_BY_ALIGNMENT(.vectors))
                0x00000100                        _vector_end = .
                0x00000040                        . = ALIGN (0x4)
 *(SORT_BY_ALIGNMENT(.gnu.linkonce.irq_vector_table*))
 .gnu.linkonce.irq_vector_table
                0x00000040       0xc0 zephyr/arch/common/libisr_tables.a(isr_tables.c.obj)
                0x00000040                _irq_vector_table
                0x00000100                        _vector_end = .

text            0x00000100    0x21830
                0x00000100                        __text_region_start = .
 *(SORT_BY_ALIGNMENT(.text))
 .text          0x00000100       0x28 /home/uttec/ncs/nrfxlib/softdevice_controller/lib/nrf52/soft-float/libsoftdevice_controller_central.a(libsoftdevice_controller_s123_debug_soft__obfuscated.elf)
 .text          0x00000128       0x24 /home/uttec/ncs/nrfxlib/softdevice_controller/lib/nrf52/soft-float/libsoftdevice_controller_central.a(libsoftdevice_controller_s123_debug_soft__obfuscated.elf)
 .text          0x0000014c       0xe4 /home/uttec/ncs/nrfxlib/softdevice_controller/lib/nrf52/soft-float/libsoftdevice_controller_central.a(libsoftdevice_controller_s123_debug_soft__obfuscated.elf)
 .text          0x00000230       0x74 /home/uttec/ncs/nrfxlib/softdevice_controller/lib/nrf52/soft-float/libsoftdevice_controller_central.a(libsoftdevice_controller_s123_debug_soft__obfuscated.elf)
                0x00000230                sym_476LRB5XNUARAHCHHC7ZAIGPFC5VZ4W2N4467LI
 .text          0x000002a4       0x38 /home/uttec/ncs/nrfxlib/softdevice_controller/lib/nrf52/soft-float/libsoftdevice_controller_central.a(libsoftdevice_controller_s123_debug_soft__obfuscated.elf)
 .text          0x000002dc       0x78 /home/uttec/ncs/nrfxlib/softdevice_controller/lib/nrf52/soft-float/libsoftdevice_controller_central.a(libsoftdevice_controller_s123_debug_soft__obfuscated.elf)
                0x000002dc                sdc_init
 .text          0x00000354       0xac /home/uttec/ncs/nrfxlib/softdevice_controller/lib/nrf52/soft-float/libsoftdevice_controller_central.a(libsoftdevice_controller_s123_debug_soft__obfuscated.elf)
                0x00000354                sdc_cfg_set
 .text          0x00000400       0x60 /home/uttec/ncs/nrfxlib/softdevice_controller/lib/nrf52/soft-float/libsoftdevice_controller_central.a(libsoftdevice_controller_s123_debug_soft__obfuscated.elf)
                0x00000400                sdc_enable
 .text          0x00000460       0x24 /home/uttec/ncs/nrfxlib/softdevice_controller/lib/nrf52/soft-float/libsoftdevice_controller_central.a(libsoftdevice_controller_s123_debug_soft__obfuscated.elf)
                0x00000460                sdc_disable
 .text          0x00000484       0x24 /home/uttec/ncs/nrfxlib/softdevice_controller/lib/nrf52/soft-float/libsoftdevice_controller_central.a(libsoftdevice_controller_s123_debug_soft__obfuscated.elf)
                0x00000484                sdc_build_revision_get
 .text          0x000004a8       0x34 /home/uttec/ncs/nrfxlib/softdevice_controller/lib/nrf52/soft-float/libsoftdevice_controller_central.a(libsoftdevice_controller_s123_debug_soft__obfuscated.elf)
                0x000004a8                sdc_support_central
 .text          0x000004dc       0x1c /home/uttec/ncs/nrfxlib/softdevice_controller/lib/nrf52/soft-float/libsoftdevice_controller_central.a(libsoftdevice_controller_s123_debug_soft__obfuscated.elf)
                0x000004dc                sdc_support_le_2m_phy
 .text          0x000004f8       0x1c /home/uttec/ncs/nrfxlib/softdevice_controller/lib/nrf52/soft-float/libsoftdevice_controller_central.a(libsoftdevice_controller_s123_debug_soft__obfuscated.elf)
                0x000004f8                sdc_support_phy_update_central
 .text          0x00000514       0x20 /home/uttec/ncs/nrfxlib/softdevice_controller/lib/nrf52/soft-float/libsoftdevice_controller_central.a(libsoftdevice_controller_s123_debug_soft__obfuscated.elf)
                0x00000514                sdc_default_tx_power_set
 .text          0x00000534       0x10 /home/uttec/ncs/nrfxlib/softdevice_controller/lib/nrf52/soft-float/libsoftdevice_controller_central.a(libsoftdevice_controller_s123_debug_soft__obfuscated.elf)
                0x00000534                sdc_rand_source_register
 .text          0x00000544        0xc /home/uttec/ncs/nrfxlib/softdevice_controller/lib/nrf52/soft-float/libsoftdevice_controller_central.a(libsoftdevice_controller_s123_debug_soft__obfuscated.elf)
                0x00000544                sym_CVMXQJYKHZVHIOMGOYEICPLVAIQNUBL6USVNZSA
 .text          0x00000550       0x10 /home/uttec/ncs/nrfxlib/softdevice_controller/lib/nrf52/soft-float/libsoftdevice_controller_central.a(libsoftdevice_controller_s123_debug_soft__obfuscated.elf)
                0x00000550                sym_EZ7BAEZZMYJFIJAONX254JF3WPGEXUT4NMP2WJQ
 .text          0x00000560       0x7c /home/uttec/ncs/nrfxlib/softdevice_controller/lib/nrf52/soft-float/libsoftdevice_controller_central.a(libsoftdevice_controller_s123_debug_soft__obfuscated.elf)
                0x00000560                sym_MS2INTHZLDZMKZ5TZUDLWHPLKH3FLVZPA26JG6A
 .text          0x000005dc       0x28 /home/uttec/ncs/nrfxlib/softdevice_controller/lib/nrf52/soft-float/libsoftdevice_controller_central.a(libsoftdevice_controller_s123_debug_soft__obfuscated.elf)
                0x000005dc                sym_TG7NSIC2UKHCUBZWZ4K4EMD5QRI2QVSKVKV6CFQ
 .text          0x00000604       0x3c /home/uttec/ncs/nrfxlib/softdevice_controller/lib/nrf52/soft-float/libsoftdevice_controller_central.a(libsoftdevice_controller_s123_debug_soft__obfuscated.elf)
                0x00000604                sym_Z7NJGBYWCKFTEHRYWAIDKWPEUN45273QSWUA5CY
 .text          0x00000640       0x24 /home/uttec/ncs/nrfxlib/softdevice_controller/lib/nrf52/soft-float/libsoftdevice_controller_central.a(libsoftdevice_controller_s123_debug_soft__obfuscated.elf)
                0x00000640                sym_TU2SMBIUC7JL6C3K2XB6727DQLBLV5LEGIMZAFQ
 .text          0x00000664       0x10 /home/uttec/ncs/nrfxlib/softdevice_controller/lib/nrf52/soft-float/libsoftdevice_controller_central.a(libsoftdevice_controller_s123_debug_soft__obfuscated.elf)
                0x00000664                sym_CIVMWIRGIOQ374UFFPIFNN4ZGKYK2FRKTT6YRYA
 .text          0x00000674       0x10 /home/uttec/ncs/nrfxlib/softdevice_controller/lib/nrf52/soft-float/libsoftdevice_controller_central.a(libsoftdevice_controller_s123_debug_soft__obfuscated.elf)
                0x00000674                sym_PPT6FEOF2T6DRALMCRRTUI7CHLEPBAN25HYV3KQ
 .text          0x00000684       0x28 /home/uttec/ncs/nrfxlib/softdevice_controller/lib/nrf52/soft-float/libsoftdevice_controller_central.a(libsoftdevice_controller_s123_debug_soft__obfuscated.elf)
                0x00000684                sym_CEENVC5DZRUT7MGF5LABXKT4NV7YUL5F6EX6TEQ
 .text          0x000006ac        0xc /home/uttec/ncs/nrfxlib/softdevice_controller/lib/nrf52/soft-float/libsoftdevice_controller_central.a(libsoftdevice_controller_s123_debug_soft__obfuscated.elf)
                0x000006ac                sym_G3KVRHCJDVHL7HV53526V3YI3DTK2IW2CADUWZQ
 .text          0x000006b8       0x1c /home/uttec/ncs/nrfxlib/softdevice_controller/lib/nrf52/soft-float/libsoftdevice_controller_central.a(libsoftdevice_controller_s123_debug_soft__obfuscated.elf)
                0x000006b8                sdc_hci_cmd_cb_reset
 .text          0x000006d4       0x48 /home/uttec/ncs/nrfxlib/softdevice_controller/lib/nrf52/soft-float/libsoftdevice_controller_central.a(libsoftdevice_controller_s123_debug_soft__obfuscated.elf)
 .text          0x0000071c       0x40 /home/uttec/ncs/nrfxlib/softdevice_controller/lib/nrf52/soft-float/libsoftdevice_controller_central.a(libsoftdevice_controller_s123_debug_soft__obfuscated.elf)
                0x0000071c                sym_T2KVJXUKBW7E6DZMIXB2ENUQYG6P2TBYLXO3PAY
 .text          0x0000075c       0x4c /home/uttec/ncs/nrfxlib/softdevice_controller/lib/nrf52/soft-float/libsoftdevice_controller_central.a(libsoftdevice_controller_s123_debug_soft__obfuscated.elf)
 .text          0x000007a8       0x10 /home/uttec/ncs/nrfxlib/softdevice_controller/lib/nrf52/soft-float/libsoftdevice_controller_central.a(libsoftdevice_controller_s123_debug_soft__obfuscated.elf)
                0x000007a8                sym_QFMUQVSA2RVLCOVZ24CAF3TBH45MAZ6DL5HLWKY
 .text          0x000007b8       0x14 /home/uttec/ncs/nrfxlib/softdevice_controller/lib/nrf52/soft-float/libsoftdevice_controller_central.a(libsoftdevice_controller_s123_debug_soft__obfuscated.elf)
                0x000007b8                sym_CXUT4Q657Z75OBUIGHDMFNDKATOGPPQCSGHWG7Y
 .text          0x000007cc      0x178 /home/uttec/ncs/nrfxlib/softdevice_controller/lib/nrf52/soft-float/libsoftdevice_controller_central.a(libsoftdevice_controller_s123_debug_soft__obfuscated.elf)
                0x000007cc                sym_EQ53CEL7EDVHMFMHMFPRRQU46C5YKKFEBAACFOA
 .text          0x00000944       0x70 /home/uttec/ncs/nrfxlib/softdevice_controller/lib/nrf52/soft-float/libsoftdevice_controller_central.a(libsoftdevice_controller_s123_debug_soft__obfuscated.elf)
                0x00000944                sym_DMJHGENWVWA7ILXIIOOHU6SYMMXUDCUFUUBACLQ
 .text          0x000009b4       0x7c /home/uttec/ncs/nrfxlib/softdevice_controller/lib/nrf52/soft-float/libsoftdevice_controller_central.a(libsoftdevice_controller_s123_debug_soft__obfuscated.elf)
                0x000009b4                sym_7JFC7IFAJQVPYCQHAIUKZ626ISM3VUWBEEXY7WI
 .text          0x00000a30       0x2c /home/uttec/ncs/nrfxlib/softdevice_controller/lib/nrf52/soft-float/libsoftdevice_controller_central.a(libsoftdevice_controller_s123_debug_soft__obfuscated.elf)
                0x00000a30                sym_5X75WALYYBUWN4XT5LYOZBIGSZHVNFKF5J4CSQI
 .text          0x00000a5c       0x48 /home/uttec/ncs/nrfxlib/softdevice_controller/lib/nrf52/soft-float/libsoftdevice_controller_central.a(libsoftdevice_controller_s123_debug_soft__obfuscated.elf)
                0x00000a5c                sym_4AWF7EXI3MMHUULTY73E756U3IY5DEXOZ265MZY
 .text          0x00000aa4       0x40 /home/uttec/ncs/nrfxlib/softdevice_controller/lib/nrf52/soft-float/libsoftdevice_controller_central.a(libsoftdevice_controller_s123_debug_soft__obfuscated.elf)
                0x00000aa4                sym_6I4XEOIW7LI2E3Z53L54ZHQQHYICXR4H4JQWXLA
 .text          0x00000ae4       0x30 /home/uttec/ncs/nrfxlib/softdevice_controller/lib/nrf52/soft-float/libsoftdevice_controller_central.a(libsoftdevice_controller_s123_debug_soft__obfuscated.elf)
                0x00000ae4                sym_6DYG6C6ROXZA67GZINNB2XIQHL3KE2RCKK4QFXA
 .text          0x00000b14       0x7c /home/uttec/ncs/nrfxlib/softdevice_controller/lib/nrf52/soft-float/libsoftdevice_controller_central.a(libsoftdevice_controller_s123_debug_soft__obfuscated.elf)
                0x00000b14                sym_24NU2MJKHN4R2Z7HXHMPDWTTDYSB32VL6HEQPZA
 .text          0x00000b90       0x28 /home/uttec/ncs/nrfxlib/softdevice_controller/lib/nrf52/soft-float/libsoftdevice_controller_central.a(libsoftdevice_controller_s123_debug_soft__obfuscated.elf)
                0x00000b90                sym_3QFBRH4ZSIA64QP2I3K547Y5WIALGQTCBP5Y5SQ
 .text          0x00000bb8        0xc /home/uttec/ncs/nrfxlib/softdevice_controller/lib/nrf52/soft-float/libsoftdevice_controller_central.a(libsoftdevice_controller_s123_debug_soft__obfuscated.elf)
                0x00000bb8                sym_NOQRMQ5IH6SQFJEPI5A3UBMITO54HG4WO4DTTXA
 .text          0x00000bc4       0x5c /home/uttec/ncs/nrfxlib/softdevice_controller/lib/nrf52/soft-float/libsoftdevice_controller_central.a(libsoftdevice_controller_s123_debug_soft__obfuscated.elf)
                0x00000bc4                sym_E5WZNPP2DINHF6K4PHXLYLX5AXTYBQYGQESRSGQ
 .text          0x00000c20       0x20 /home/uttec/ncs/nrfxlib/softdevice_controller/lib/nrf52/soft-float/libsoftdevice_controller_central.a(libsoftdevice_controller_s123_debug_soft__obfuscated.elf)
 .text          0x00000c40       0x10 /home/uttec/ncs/nrfxlib/softdevice_controller/lib/nrf52/soft-float/libsoftdevice_controller_central.a(libsoftdevice_controller_s123_debug_soft__obfuscated.elf)
 .text          0x00000c50        0xc /home/uttec/ncs/nrfxlib/softdevice_controller/lib/nrf52/soft-float/libsoftdevice_controller_central.a(libsoftdevice_controller_s123_debug_soft__obfuscated.elf)
 .text          0x00000c5c       0x64 /home/uttec/ncs/nrfxlib/softdevice_controller/lib/nrf52/soft-float/libsoftdevice_controller_central.a(libsoftdevice_controller_s123_debug_soft__obfuscated.elf)
 .text          0x00000cc0       0x14 /home/uttec/ncs/nrfxlib/softdevice_controller/lib/nrf52/soft-float/libsoftdevice_controller_central.a(libsoftdevice_controller_s123_debug_soft__obfuscated.elf)
 .text          0x00000cd4       0x2c /home/uttec/ncs/nrfxlib/softdevice_controller/lib/nrf52/soft-float/libsoftdevice_controller_central.a(libsoftdevice_controller_s123_debug_soft__obfuscated.elf)
 .text          0x00000d00       0x40 /home/uttec/ncs/nrfxlib/softdevice_controller/lib/nrf52/soft-float/libsoftdevice_controller_central.a(libsoftdevice_controller_s123_debug_soft__obfuscated.elf)
 .text          0x00000d40      0x194 /home/uttec/ncs/nrfxlib/softdevice_controller/lib/nrf52/soft-float/libsoftdevice_controller_central.a(libsoftdevice_controller_s123_debug_soft__obfuscated.elf)
 .text          0x00000ed4      0x150 /home/uttec/ncs/nrfxlib/softdevice_controller/lib/nrf52/soft-float/libsoftdevice_controller_central.a(libsoftdevice_controller_s123_debug_soft__obfuscated.elf)
 .text          0x00001024       0x20 /home/uttec/ncs/nrfxlib/softdevice_controller/lib/nrf52/soft-float/libsoftdevice_controller_central.a(libsoftdevice_controller_s123_debug_soft__obfuscated.elf)
                0x00001024                sym_DOZBRJLK4YK3UIAPC27JGEBDCH5Y2BCX3XMRURY
 .text          0x00001044       0x3c /home/uttec/ncs/nrfxlib/softdevice_controller/lib/nrf52/soft-float/libsoftdevice_controller_central.a(libsoftdevice_controller_s123_debug_soft__obfuscated.elf)
                0x00001044                sym_7TCX7VR3LQDB2G4LYUM4YUKX3ZVIO33J3JZVMKY
 .text          0x00001080       0x10 /home/uttec/ncs/nrfxlib/softdevice_controller/lib/nrf52/soft-float/libsoftdevice_controller_central.a(libsoftdevice_controller_s123_debug_soft__obfuscated.elf)
                0x00001080                sym_DDEKRCVCBAV6DMR2JGOTTXJPMB6OW3IK3MJRV2Q
 .text          0x00001090      0x1cc /home/uttec/ncs/nrfxlib/softdevice_controller/lib/nrf52/soft-float/libsoftdevice_controller_central.a(libsoftdevice_controller_s123_debug_soft__obfuscated.elf)
                0x00001090                sym_EXF7QYQZRNDSXD5BXX5JHASOOMIXFF6ILEF5NVA
 .text          0x0000125c       0x2c /home/uttec/ncs/nrfxlib/softdevice_controller/lib/nrf52/soft-float/libsoftdevice_controller_central.a(libsoftdevice_controller_s123_debug_soft__obfuscated.elf)
                0x0000125c                sym_6BTYZXVNYPYTH2WUVFE5C5JVTZHQJAJ5IGD6OCA
 .text          0x00001288        0xc /home/uttec/ncs/nrfxlib/softdevice_controller/lib/nrf52/soft-float/libsoftdevice_controller_central.a(libsoftdevice_controller_s123_debug_soft__obfuscated.elf)
                0x00001288                sym_UAPFH34IEHUX3FGU7LNPEIJNCLAPRJP46TMN4NY
 .text          0x00001294       0x88 /home/uttec/ncs/nrfxlib/softdevice_controller/lib/nrf52/soft-float/libsoftdevice_controller_central.a(libsoftdevice_controller_s123_debug_soft__obfuscated.elf)
                0x00001294                sym_C4ZAWP4QAOEKUKS7VCLA6E4RPDOWCDVMBYVKPFI
 .text          0x0000131c      0x348 /home/uttec/ncs/nrfxlib/softdevice_controller/lib/nrf52/soft-float/libsoftdevice_controller_central.a(libsoftdevice_controller_s123_debug_soft__obfuscated.elf)
 .text          0x00001664       0x10 /home/uttec/ncs/nrfxlib/softdevice_controller/lib/nrf52/soft-float/libsoftdevice_controller_central.a(libsoftdevice_controller_s123_debug_soft__obfuscated.elf)
 .text          0x00001674       0x10 /home/uttec/ncs/nrfxlib/softdevice_controller/lib/nrf52/soft-float/libsoftdevice_controller_central.a(libsoftdevice_controller_s123_debug_soft__obfuscated.elf)
 .text          0x00001684       0x10 /home/uttec/ncs/nrfxlib/softdevice_controller/lib/nrf52/soft-float/libsoftdevice_controller_central.a(libsoftdevice_controller_s123_debug_soft__obfuscated.elf)
 .text          0x00001694       0x10 /home/uttec/ncs/nrfxlib/softdevice_controller/lib/nrf52/soft-float/libsoftdevice_controller_central.a(libsoftdevice_controller_s123_debug_soft__obfuscated.elf)
 .text          0x000016a4       0x44 /home/uttec/ncs/nrfxlib/softdevice_controller/lib/nrf52/soft-float/libsoftdevice_controller_central.a(libsoftdevice_controller_s123_debug_soft__obfuscated.elf)
 .text          0x000016e8       0xb4 /home/uttec/ncs/nrfxlib/softdevice_controller/lib/nrf52/soft-float/libsoftdevice_controller_central.a(libsoftdevice_controller_s123_debug_soft__obfuscated.elf)
 .text          0x0000179c       0x24 /home/uttec/ncs/nrfxlib/softdevice_controller/lib/nrf52/soft-float/libsoftdevice_controller_central.a(libsoftdevice_controller_s123_debug_soft__obfuscated.elf)
 .text          0x000017c0       0x8c /home/uttec/ncs/nrfxlib/softdevice_controller/lib/nrf52/soft-float/libsoftdevice_controller_central.a(libsoftdevice_controller_s123_debug_soft__obfuscated.elf)
 .text          0x0000184c       0x3c /home/uttec/ncs/nrfxlib/softdevice_controller/lib/nrf52/soft-float/libsoftdevice_controller_central.a(libsoftdevice_controller_s123_debug_soft__obfuscated.elf)
 .text          0x00001888       0x1c /home/uttec/ncs/nrfxlib/softdevice_controller/lib/nrf52/soft-float/libsoftdevice_controller_central.a(libsoftdevice_controller_s123_debug_soft__obfuscated.elf)
 .text          0x000018a4       0x20 /home/uttec/ncs/nrfxlib/softdevice_controller/lib/nrf52/soft-float/libsoftdevice_controller_central.a(libsoftdevice_controller_s123_debug_soft__obfuscated.elf)
 .text          0x000018c4       0x48 /home/uttec/ncs/nrfxlib/softdevice_controller/lib/nrf52/soft-float/libsoftdevice_controller_central.a(libsoftdevice_controller_s123_debug_soft__obfuscated.elf)
 .text          0x0000190c       0xc8 /home/uttec/ncs/nrfxlib/softdevice_controller/lib/nrf52/soft-float/libsoftdevice_controller_central.a(libsoftdevice_controller_s123_debug_soft__obfuscated.elf)
 .text          0x000019d4       0xf4 /home/uttec/ncs/nrfxlib/softdevice_controller/lib/nrf52/soft-float/libsoftdevice_controller_central.a(libsoftdevice_controller_s123_debug_soft__obfuscated.elf)
 .text          0x00001ac8      0x17c /home/uttec/ncs/nrfxlib/softdevice_controller/lib/nrf52/soft-float/libsoftdevice_controller_central.a(libsoftdevice_controller_s123_debug_soft__obfuscated.elf)
 .text          0x00001c44       0x38 /home/uttec/ncs/nrfxlib/softdevice_controller/lib/nrf52/soft-float/libsoftdevice_controller_central.a(libsoftdevice_controller_s123_debug_soft__obfuscated.elf)
 .text          0x00001c7c       0x68 /home/uttec/ncs/nrfxlib/softdevice_controller/lib/nrf52/soft-float/libsoftdevice_controller_central.a(libsoftdevice_controller_s123_debug_soft__obfuscated.elf)
 .text          0x00001ce4      0x4bc /home/uttec/ncs/nrfxlib/softdevice_controller/lib/nrf52/soft-float/libsoftdevice_controller_central.a(libsoftdevice_controller_s123_debug_soft__obfuscated.elf)
 .text          0x000021a0      0x10c /home/uttec/ncs/nrfxlib/softdevice_controller/lib/nrf52/soft-float/libsoftdevice_controller_central.a(libsoftdevice_controller_s123_debug_soft__obfuscated.elf)
 .text          0x000022ac       0x38 /home/uttec/ncs/nrfxlib/softdevice_controller/lib/nrf52/soft-float/libsoftdevice_controller_central.a(libsoftdevice_controller_s123_debug_soft__obfuscated.elf)
                0x000022ac                sym_MSYMIWR3PI6HXHUAZX2P7HGFCTCK3HSW5N3BC2A
 .text          0x000022e4       0x64 /home/uttec/ncs/nrfxlib/softdevice_controller/lib/nrf52/soft-float/libsoftdevice_controller_central.a(libsoftdevice_controller_s123_debug_soft__obfuscated.elf)
                0x000022e4                sym_NN7F2AFPNY6STZCCSXFBV5372QVP4U2ULKNO6YY
 .text          0x00002348       0x10 /home/uttec/ncs/nrfxlib/softdevice_controller/lib/nrf52/soft-float/libsoftdevice_controller_central.a(libsoftdevice_controller_s123_debug_soft__obfuscated.elf)
                0x00002348                sym_K7SQKMVWESLZUZE22L4CEOMCL4JSVJET4SYEPLI
 .text          0x00002358       0x28 /home/uttec/ncs/nrfxlib/softdevice_controller/lib/nrf52/soft-float/libsoftdevice_controller_central.a(libsoftdevice_controller_s123_debug_soft__obfuscated.elf)
                0x00002358                sym_KTO2H4NDIYSSQUUKE3NMMN4YAJAKAHZE3TQVHOY
 .text          0x00002380       0x68 /home/uttec/ncs/nrfxlib/softdevice_controller/lib/nrf52/soft-float/libsoftdevice_controller_central.a(libsoftdevice_controller_s123_debug_soft__obfuscated.elf)
                0x00002380                sym_CAWX7VFIWXNZLGUALKXHPOWKG5OUKQTCDAWDIJQ
 .text          0x000023e8        0xc /home/uttec/ncs/nrfxlib/softdevice_controller/lib/nrf52/soft-float/libsoftdevice_controller_central.a(libsoftdevice_controller_s123_debug_soft__obfuscated.elf)
                0x000023e8                sym_SPOA75Q2J6LVU6OSBDIHNSVXF4UIA7YYLMJNW6Y
 .text          0x000023f4       0x20 /home/uttec/ncs/nrfxlib/softdevice_controller/lib/nrf52/soft-float/libsoftdevice_controller_central.a(libsoftdevice_controller_s123_debug_soft__obfuscated.elf)
 .text          0x00002414      0x12c /home/uttec/ncs/nrfxlib/softdevice_controller/lib/nrf52/soft-float/libsoftdevice_controller_central.a(libsoftdevice_controller_s123_debug_soft__obfuscated.elf)
 .text          0x00002540      0x164 /home/uttec/ncs/nrfxlib/softdevice_controller/lib/nrf52/soft-float/libsoftdevice_controller_central.a(libsoftdevice_controller_s123_debug_soft__obfuscated.elf)
 .text          0x000026a4       0x24 /home/uttec/ncs/nrfxlib/softdevice_controller/lib/nrf52/soft-float/libsoftdevice_controller_central.a(libsoftdevice_controller_s123_debug_soft__obfuscated.elf)
                0x000026a4                sym_MZZ5CJE5YKBRI3UNENSSXM3SF3FKPPVI2OL74NY
 .text          0x000026c8       0x14 /home/uttec/ncs/nrfxlib/softdevice_controller/lib/nrf52/soft-float/libsoftdevice_controller_central.a(libsoftdevice_controller_s123_debug_soft__obfuscated.elf)
                0x000026c8                sym_OMWXBZW422C6DKXO7GJC4CUO6XR5IIZSWYHWWEY
 .text          0x000026dc       0x54 /home/uttec/ncs/nrfxlib/softdevice_controller/lib/nrf52/soft-float/libsoftdevice_controller_central.a(libsoftdevice_controller_s123_debug_soft__obfuscated.elf)
                0x000026dc                sym_64JITM2GCO5TNL2C5JQR6XU5LLQ4EW7FBY3YW4Y
 .text          0x00002730       0x1c /home/uttec/ncs/nrfxlib/softdevice_controller/lib/nrf52/soft-float/libsoftdevice_controller_central.a(libsoftdevice_controller_s123_debug_soft__obfuscated.elf)
                0x00002730                sym_23XPTURR4DW4ZQPJM5PC7AK46H5FSWTLTCCARJI
 .text          0x0000274c      0x320 /home/uttec/ncs/nrfxlib/softdevice_controller/lib/nrf52/soft-float/libsoftdevice_controller_central.a(libsoftdevice_controller_s123_debug_soft__obfuscated.elf)
 .text          0x00002a6c       0x5c /home/uttec/ncs/nrfxlib/softdevice_controller/lib/nrf52/soft-float/libsoftdevice_controller_central.a(libsoftdevice_controller_s123_debug_soft__obfuscated.elf)
                0x00002a6c                sym_FOQ3QPGOR6JQQMW2UGNYKWNNYYOKZLMCFF3HUQI
 .text          0x00002ac8       0x2c /home/uttec/ncs/nrfxlib/softdevice_controller/lib/nrf52/soft-float/libsoftdevice_controller_central.a(libsoftdevice_controller_s123_debug_soft__obfuscated.elf)
                0x00002ac8                sym_4SBBLL64WWP4ZG5OZI4AZRNE5QSDGST5WG4LTOA
 .text          0x00002af4       0xf8 /home/uttec/ncs/nrfxlib/softdevice_controller/lib/nrf52/soft-float/libsoftdevice_controller_central.a(libsoftdevice_controller_s123_debug_soft__obfuscated.elf)
                0x00002af4                sym_BAQ6XKIJ2DDNHUPTZJSMTWD7KTOEUEG7XPMPCIA
 .text          0x00002bec       0x80 /home/uttec/ncs/nrfxlib/softdevice_controller/lib/nrf52/soft-float/libsoftdevice_controller_central.a(libsoftdevice_controller_s123_debug_soft__obfuscated.elf)
 .text          0x00002c6c       0x38 /home/uttec/ncs/nrfxlib/softdevice_controller/lib/nrf52/soft-float/libsoftdevice_controller_central.a(libsoftdevice_controller_s123_debug_soft__obfuscated.elf)
 .text          0x00002ca4      0x130 /home/uttec/ncs/nrfxlib/softdevice_controller/lib/nrf52/soft-float/libsoftdevice_controller_central.a(libsoftdevice_controller_s123_debug_soft__obfuscated.elf)
 .text          0x00002dd4       0xd8 /home/uttec/ncs/nrfxlib/softdevice_controller/lib/nrf52/soft-float/libsoftdevice_controller_central.a(libsoftdevice_controller_s123_debug_soft__obfuscated.elf)
 .text          0x00002eac       0x10 /home/uttec/ncs/nrfxlib/softdevice_controller/lib/nrf52/soft-float/libsoftdevice_controller_central.a(libsoftdevice_controller_s123_debug_soft__obfuscated.elf)
                0x00002eac                sym_R2R62GLIY7S3OCJMRDPIB4TBZFUG2AN7TI7ERPI
 .text          0x00002ebc        0xc /home/uttec/ncs/nrfxlib/softdevice_controller/lib/nrf52/soft-float/libsoftdevice_controller_central.a(libsoftdevice_controller_s123_debug_soft__obfuscated.elf)
                0x00002ebc                sym_O5ZKMVYIIKH3EAJRECXZFOUFXDW4MCMBS67KZZI
 .text          0x00002ec8       0x48 /home/uttec/ncs/nrfxlib/softdevice_controller/lib/nrf52/soft-float/libsoftdevice_controller_central.a(libsoftdevice_controller_s123_debug_soft__obfuscated.elf)
                0x00002ec8                sym_5ZBAGF5IPZJLTC3H62ZY4U4SW6MV7I4QJW2DD3I
 .text          0x00002f10       0x20 /home/uttec/ncs/nrfxlib/softdevice_controller/lib/nrf52/soft-float/libsoftdevice_controller_central.a(libsoftdevice_controller_s123_debug_soft__obfuscated.elf)
                0x00002f10                sym_SVA6DLBGPY6XV2V2F4HOMHWDPSDIRD722L2FDEI
 .text          0x00002f30       0x90 /home/uttec/ncs/nrfxlib/softdevice_controller/lib/nrf52/soft-float/libsoftdevice_controller_central.a(libsoftdevice_controller_s123_debug_soft__obfuscated.elf)
                0x00002f30                sym_75TAEO5RFHKNVZFZHMOMYUKRALUIDEKJ3QZBZUI
 .text          0x00002fc0        0xc /home/uttec/ncs/nrfxlib/softdevice_controller/lib/nrf52/soft-float/libsoftdevice_controller_central.a(libsoftdevice_controller_s123_debug_soft__obfuscated.elf)
                0x00002fc0                sym_P52EVHQKGJ5EMXHU27BFVEFSO6ZMLSI4P52LQDA
 .text          0x00002fcc       0x18 /home/uttec/ncs/nrfxlib/softdevice_controller/lib/nrf52/soft-float/libsoftdevice_controller_central.a(libsoftdevice_controller_s123_debug_soft__obfuscated.elf)
                0x00002fcc                sym_GWAYX66NWSVNQ3OHE5BQRMOI6IRTYM6NL6TBSRQ
 .text          0x00002fe4       0x1c /home/uttec/ncs/nrfxlib/softdevice_controller/lib/nrf52/soft-float/libsoftdevice_controller_central.a(libsoftdevice_controller_s123_debug_soft__obfuscated.elf)
                0x00002fe4                sym_WQEYNQYPTFH4BI2WPULDBBECIY2RT3HWWUCSKNI
 .text          0x00003000       0x38 /home/uttec/ncs/nrfxlib/softdevice_controller/lib/nrf52/soft-float/libsoftdevice_controller_central.a(libsoftdevice_controller_s123_debug_soft__obfuscated.elf)
                0x00003000                sym_ZKPLK624IRELGER42R2ZHKGWJUXMU6RHHHTNAQY
 .text          0x00003038       0x48 /home/uttec/ncs/nrfxlib/softdevice_controller/lib/nrf52/soft-float/libsoftdevice_controller_central.a(libsoftdevice_controller_s123_debug_soft__obfuscated.elf)
                0x00003038                sym_O6XGUO2YE6EJZ7P2GIXT7NMMWYUEBQ4F3KREAXA
 .text          0x00003080        0xc /home/uttec/ncs/nrfxlib/softdevice_controller/lib/nrf52/soft-float/libsoftdevice_controller_central.a(libsoftdevice_controller_s123_debug_soft__obfuscated.elf)
                0x00003080                sym_KN3K6STNQWQWR2LORBLVX4RFT5RXJO5L5JNKV4I
 .text          0x0000308c       0x14 /home/uttec/ncs/nrfxlib/softdevice_controller/lib/nrf52/soft-float/libsoftdevice_controller_central.a(libsoftdevice_controller_s123_debug_soft__obfuscated.elf)
                0x0000308c                sym_WVUR7FIOL24MFCJHZIBLTPA7O44X57VSRLSLAPQ
 .text          0x000030a0       0x34 /home/uttec/ncs/nrfxlib/softdevice_controller/lib/nrf52/soft-float/libsoftdevice_controller_central.a(libsoftdevice_controller_s123_debug_soft__obfuscated.elf)
                0x000030a0                sym_JEWVWUVPPBKFY6NTG3STLQ3KWMWEBIH34A75HKI
 .text          0x000030d4       0x40 /home/uttec/ncs/nrfxlib/softdevice_controller/lib/nrf52/soft-float/libsoftdevice_controller_central.a(libsoftdevice_controller_s123_debug_soft__obfuscated.elf)
                0x000030d4                sym_LFMV7ZPMP2MCCNFNC4U7QQJ547VTI3Z5P2EL4WQ
 .text          0x00003114       0xa0 /home/uttec/ncs/nrfxlib/softdevice_controller/lib/nrf52/soft-float/libsoftdevice_controller_central.a(libsoftdevice_controller_s123_debug_soft__obfuscated.elf)
                0x00003114                sym_CRB5YCB3Z3AAZH7A5G7WM2JFASUE6SGAJROBYAA
 .text          0x000031b4       0x54 /home/uttec/ncs/nrfxlib/softdevice_controller/lib/nrf52/soft-float/libsoftdevice_controller_central.a(libsoftdevice_controller_s123_debug_soft__obfuscated.elf)
                0x000031b4                sym_DOABKABWEXEJSA2H5Z2UO6MFQES34UYN7XL6GMA
 .text          0x00003208       0x60 /home/uttec/ncs/nrfxlib/softdevice_controller/lib/nrf52/soft-float/libsoftdevice_controller_central.a(libsoftdevice_controller_s123_debug_soft__obfuscated.elf)
                0x00003208                sym_HRCF6LWSDWPWEZA7S5YQFCNRDXXCJA6WGOZECRY
 .text          0x00003268       0x30 /home/uttec/ncs/nrfxlib/softdevice_controller/lib/nrf52/soft-float/libsoftdevice_controller_central.a(libsoftdevice_controller_s123_debug_soft__obfuscated.elf)
 .text          0x00003298      0x18c /home/uttec/ncs/nrfxlib/softdevice_controller/lib/nrf52/soft-float/libsoftdevice_controller_central.a(libsoftdevice_controller_s123_debug_soft__obfuscated.elf)
 .text          0x00003424       0x70 /home/uttec/ncs/nrfxlib/softdevice_controller/lib/nrf52/soft-float/libsoftdevice_controller_central.a(libsoftdevice_controller_s123_debug_soft__obfuscated.elf)
                0x00003424                sym_RGKYP5TXYS27EGT6ZHZS5EDDAZK5QGTWLBOBJEA
 .text          0x00003494       0x18 /home/uttec/ncs/nrfxlib/softdevice_controller/lib/nrf52/soft-float/libsoftdevice_controller_central.a(libsoftdevice_controller_s123_debug_soft__obfuscated.elf)
                0x00003494                sym_5EMU3BEOS6JCQEXTZ5M5LP72YGJNCV3W3R43AOI
 .text          0x000034ac       0x18 /home/uttec/ncs/nrfxlib/softdevice_controller/lib/nrf52/soft-float/libsoftdevice_controller_central.a(libsoftdevice_controller_s123_debug_soft__obfuscated.elf)
                0x000034ac                sym_MCY7RRK5E6T6JDGA7HZL7CCKF7DGHVCG4MOX6PI
 .text          0x000034c4        0xc /home/uttec/ncs/nrfxlib/softdevice_controller/lib/nrf52/soft-float/libsoftdevice_controller_central.a(libsoftdevice_controller_s123_debug_soft__obfuscated.elf)
                0x000034c4                sym_UY577SX5HIKP7SN7G6RHWTFDXAXFXXF32S4VJUA
 .text          0x000034d0       0x14 /home/uttec/ncs/nrfxlib/softdevice_controller/lib/nrf52/soft-float/libsoftdevice_controller_central.a(libsoftdevice_controller_s123_debug_soft__obfuscated.elf)
                0x000034d0                sym_Y5RIWFUVP4FHJFYC7FBZKM2MV7INK43TLWQ5URA
 .text          0x000034e4       0x60 /home/uttec/ncs/nrfxlib/softdevice_controller/lib/nrf52/soft-float/libsoftdevice_controller_central.a(libsoftdevice_controller_s123_debug_soft__obfuscated.elf)
                0x000034e4                sym_CY3FVUNSUUR4I46K644NW3FXSFSLG3ETQWBRBHQ
 .text          0x00003544       0x5c /home/uttec/ncs/nrfxlib/softdevice_controller/lib/nrf52/soft-float/libsoftdevice_controller_central.a(libsoftdevice_controller_s123_debug_soft__obfuscated.elf)
                0x00003544                sym_4POEZKL66A5T3356722OWKNB5CNFKPMV6JI3HEA
 .text          0x000035a0       0x54 /home/uttec/ncs/nrfxlib/softdevice_controller/lib/nrf52/soft-float/libsoftdevice_controller_central.a(libsoftdevice_controller_s123_debug_soft__obfuscated.elf)
                0x000035a0                sym_IP3LLUNJTDBIIPB3UG65MJFJZABGVNT2GN3EQPY
 .text          0x000035f4      0x144 /home/uttec/ncs/nrfxlib/softdevice_controller/lib/nrf52/soft-float/libsoftdevice_controller_central.a(libsoftdevice_controller_s123_debug_soft__obfuscated.elf)
                0x000035f4                sym_CNVWBND3CKNA7X75YYI34DQVJHIIO67GC5L2TOA
 .text          0x00003738       0x68 /home/uttec/ncs/nrfxlib/softdevice_controller/lib/nrf52/soft-float/libsoftdevice_controller_central.a(libsoftdevice_controller_s123_debug_soft__obfuscated.elf)
                0x00003738                sym_B53ULTNRMKMM2752DLWCII2MNWMNLLOI2TCFUOA
 .text          0x000037a0      0x45c /home/uttec/ncs/nrfxlib/softdevice_controller/lib/nrf52/soft-float/libsoftdevice_controller_central.a(libsoftdevice_controller_s123_debug_soft__obfuscated.elf)
                0x000037a0                sym_WOLK7J5ES7P57ZMVXNQUWAYV6XJ7AZYSV3TL56A
 .text          0x00003bfc       0xc8 /home/uttec/ncs/nrfxlib/softdevice_controller/lib/nrf52/soft-float/libsoftdevice_controller_central.a(libsoftdevice_controller_s123_debug_soft__obfuscated.elf)
                0x00003bfc                sym_OVTAYAIM2HXXC4KB536GUWKDN6XBONTMDU2FIEA
 .text          0x00003cc4       0x9c /home/uttec/ncs/nrfxlib/softdevice_controller/lib/nrf52/soft-float/libsoftdevice_controller_central.a(libsoftdevice_controller_s123_debug_soft__obfuscated.elf)
                0x00003cc4                sym_7SW25XKRUPEFRFPCXK7QR35MHFXEZCDXN225F5Y
 .text          0x00003d60       0x2c /home/uttec/ncs/nrfxlib/softdevice_controller/lib/nrf52/soft-float/libsoftdevice_controller_central.a(libsoftdevice_controller_s123_debug_soft__obfuscated.elf)
                0x00003d60                sym_XQWU4MX22DPQIRRYTXBNWTH2DBYK7MH33FME7FI
 .text          0x00003d8c       0x10 /home/uttec/ncs/nrfxlib/softdevice_controller/lib/nrf52/soft-float/libsoftdevice_controller_central.a(libsoftdevice_controller_s123_debug_soft__obfuscated.elf)
                0x00003d8c                sym_DVVOECRRYK6EAGDREB2UKKQZT5MAOOUK66XNPTA
 .text          0x00003d9c       0x10 /home/uttec/ncs/nrfxlib/softdevice_controller/lib/nrf52/soft-float/libsoftdevice_controller_central.a(libsoftdevice_controller_s123_debug_soft__obfuscated.elf)
                0x00003d9c                sym_XSHSAOHXV6VAKS5XQAWAQ7Z3CGRIXZNSZFISASA
 .text          0x00003dac       0x18 /home/uttec/ncs/nrfxlib/softdevice_controller/lib/nrf52/soft-float/libsoftdevice_controller_central.a(libsoftdevice_controller_s123_debug_soft__obfuscated.elf)
                0x00003dac                sym_CTIZP4PFSP4VPO64SY4WNQXXAO6AQ4FBRX2MZ2Y
 .text          0x00003dc4       0x3c /home/uttec/ncs/nrfxlib/softdevice_controller/lib/nrf52/soft-float/libsoftdevice_controller_central.a(libsoftdevice_controller_s123_debug_soft__obfuscated.elf)
                0x00003dc4                sym_AQMZEUEC3F4Q53CYFKGZCEH47J6F6YNF35E42YI
 .text          0x00003e00       0x20 /home/uttec/ncs/nrfxlib/softdevice_controller/lib/nrf52/soft-float/libsoftdevice_controller_central.a(libsoftdevice_controller_s123_debug_soft__obfuscated.elf)
 .text          0x00003e20       0x30 /home/uttec/ncs/nrfxlib/softdevice_controller/lib/nrf52/soft-float/libsoftdevice_controller_central.a(libsoftdevice_controller_s123_debug_soft__obfuscated.elf)
 .text          0x00003e50       0x38 /home/uttec/ncs/nrfxlib/softdevice_controller/lib/nrf52/soft-float/libsoftdevice_controller_central.a(libsoftdevice_controller_s123_debug_soft__obfuscated.elf)
                0x00003e50                sym_XUBYH6XGZLLFFVYC6KQVA5MFJUUESCU2IF7KXFI
 .text          0x00003e88       0x2c /home/uttec/ncs/nrfxlib/softdevice_controller/lib/nrf52/soft-float/libsoftdevice_controller_central.a(libsoftdevice_controller_s123_debug_soft__obfuscated.elf)
                0x00003e88                sym_G4TIIR7KO3GHFF45HCHTIL3RIPRK2LVDQADUYJQ
 .text          0x00003eb4        0xc /home/uttec/ncs/nrfxlib/softdevice_controller/lib/nrf52/soft-float/libsoftdevice_controller_central.a(libsoftdevice_controller_s123_debug_soft__obfuscated.elf)
                0x00003eb4                sym_HG37ZAHWDO2P65KBJXRLV5PVSG5TCUWPMKZOZLQ
 .text          0x00003ec0       0x24 /home/uttec/ncs/nrfxlib/softdevice_controller/lib/nrf52/soft-float/libsoftdevice_controller_central.a(libsoftdevice_controller_s123_debug_soft__obfuscated.elf)
                0x00003ec0                sym_4W26TPGCKOCVVRKXQDBKGXGC2Y5LMZXNKS2QITA
 .text          0x00003ee4       0x1c /home/uttec/ncs/nrfxlib/softdevice_controller/lib/nrf52/soft-float/libsoftdevice_controller_central.a(libsoftdevice_controller_s123_debug_soft__obfuscated.elf)
                0x00003ee4                sym_N6TOG3AODPPFNS6LXFKKIADNGIMUMBS5BXPEFOY
 .text          0x00003f00        0xc /home/uttec/ncs/nrfxlib/softdevice_controller/lib/nrf52/soft-float/libsoftdevice_controller_central.a(libsoftdevice_controller_s123_debug_soft__obfuscated.elf)
                0x00003f00                sym_PBZPB3PSJJYSQQW7TH2XDGNLD2UYSZR6YJ4ZZNQ
 .text          0x00003f0c       0x14 /home/uttec/ncs/nrfxlib/softdevice_controller/lib/nrf52/soft-float/libsoftdevice_controller_central.a(libsoftdevice_controller_s123_debug_soft__obfuscated.elf)
                0x00003f0c                sym_HA7EOSELAQYVMG5UXMJGQLLFEIRQPB7MNOSYOXQ
 .text          0x00003f20       0x30 /home/uttec/ncs/nrfxlib/softdevice_controller/lib/nrf52/soft-float/libsoftdevice_controller_central.a(libsoftdevice_controller_s123_debug_soft__obfuscated.elf)
                0x00003f20                sym_MJMICEV3AHUJUDNI6JLXYNXCJNL4PTPUQLXISYA
 .text          0x00003f50       0x10 /home/uttec/ncs/nrfxlib/softdevice_controller/lib/nrf52/soft-float/libsoftdevice_controller_central.a(libsoftdevice_controller_s123_debug_soft__obfuscated.elf)
                0x00003f50                sym_W6QCODUONZ7VOOA5DU2R7RKAJUNWNTC3INZ7OGY
 .text          0x00003f60       0x50 /home/uttec/ncs/nrfxlib/softdevice_controller/lib/nrf52/soft-float/libsoftdevice_controller_central.a(libsoftdevice_controller_s123_debug_soft__obfuscated.elf)
                0x00003f60                sym_GECJUMXC7GX4QNB2JHCJHLFH72UPMJZW6VAQVRA
 .text          0x00003fb0       0x28 /home/uttec/ncs/nrfxlib/softdevice_controller/lib/nrf52/soft-float/libsoftdevice_controller_central.a(libsoftdevice_controller_s123_debug_soft__obfuscated.elf)
                0x00003fb0                sym_BOFYMMO2XEUTXLE26SHEVVPNVILC4XKISLRYGBI
 .text          0x00003fd8       0x18 /home/uttec/ncs/nrfxlib/softdevice_controller/lib/nrf52/soft-float/libsoftdevice_controller_central.a(libsoftdevice_controller_s123_debug_soft__obfuscated.elf)
                0x00003fd8                sym_MJCF2WRL4I323V23HKVENOJWV5IXH54R5X6LJRY
 .text          0x00003ff0       0x1c /home/uttec/ncs/nrfxlib/softdevice_controller/lib/nrf52/soft-float/libsoftdevice_controller_central.a(libsoftdevice_controller_s123_debug_soft__obfuscated.elf)
                0x00003ff0                sym_REO6MG4FRJTNQQ56RDJDYGEWFEO5TFVYGRW6OLI
 .text          0x0000400c        0xc /home/uttec/ncs/nrfxlib/softdevice_controller/lib/nrf52/soft-float/libsoftdevice_controller_central.a(libsoftdevice_controller_s123_debug_soft__obfuscated.elf)
                0x0000400c                sym_NKFCLZ5HTE6KVHDV5DGZ6TJP4KSZI43SYBECPRY
 .text          0x00004018       0x2c /home/uttec/ncs/nrfxlib/softdevice_controller/lib/nrf52/soft-float/libsoftdevice_controller_central.a(libsoftdevice_controller_s123_debug_soft__obfuscated.elf)
                0x00004018                sym_65LA7GM3MU7DDFQKTB75BYTZMPMROSWKS3VXCNI
 .text          0x00004044       0x20 /home/uttec/ncs/nrfxlib/softdevice_controller/lib/nrf52/soft-float/libsoftdevice_controller_central.a(libsoftdevice_controller_s123_debug_soft__obfuscated.elf)
                0x00004044                sym_AGWGY6I3YKHHV6TMAWL24HN4IKGOB7PZYXPWBRA
 .text          0x00004064        0xc /home/uttec/ncs/nrfxlib/softdevice_controller/lib/nrf52/soft-float/libsoftdevice_controller_central.a(libsoftdevice_controller_s123_debug_soft__obfuscated.elf)
                0x00004064                sym_IXGTNRGKILIZPWG2NJIZ2ALUPW2IM3XFVCGJW2I
 .text          0x00004070       0x20 /home/uttec/ncs/nrfxlib/softdevice_controller/lib/nrf52/soft-float/libsoftdevice_controller_central.a(libsoftdevice_controller_s123_debug_soft__obfuscated.elf)
                0x00004070                sym_JHXS4T25BAYOMDDZMWPX3HMPENRV73GSV2RYHAI
 .text          0x00004090       0x2c /home/uttec/ncs/nrfxlib/softdevice_controller/lib/nrf52/soft-float/libsoftdevice_controller_central.a(libsoftdevice_controller_s123_debug_soft__obfuscated.elf)
                0x00004090                sym_54CHYGRI3UHSVLN5ZOGJESXNRISJW5CS4IYBN7Y
 .text          0x000040bc       0x1c /home/uttec/ncs/nrfxlib/softdevice_controller/lib/nrf52/soft-float/libsoftdevice_controller_central.a(libsoftdevice_controller_s123_debug_soft__obfuscated.elf)
                0x000040bc                sym_V7MOOXL5SOLISKFFGWJC7M3XDITU574WBQOXGWY
 .text          0x000040d8       0x30 /home/uttec/ncs/nrfxlib/softdevice_controller/lib/nrf52/soft-float/libsoftdevice_controller_central.a(libsoftdevice_controller_s123_debug_soft__obfuscated.elf)
                0x000040d8                sym_QKSVBALUN2V4XT4OCC56LE75IAYLDFRRIVLBZ2Q
 .text          0x00004108       0x30 /home/uttec/ncs/nrfxlib/softdevice_controller/lib/nrf52/soft-float/libsoftdevice_controller_central.a(libsoftdevice_controller_s123_debug_soft__obfuscated.elf)
                0x00004108                sym_WCOWXKSKBH7DOKKKINFZAPWXKW4NYAUCJWTUKBI
 .text          0x00004138       0x1c /home/uttec/ncs/nrfxlib/softdevice_controller/lib/nrf52/soft-float/libsoftdevice_controller_central.a(libsoftdevice_controller_s123_debug_soft__obfuscated.elf)
                0x00004138                sym_AO3U45UEGFLUPMT565ZR5UWUQUONF5AKILLCT3A
 .text          0x00004154       0x48 /home/uttec/ncs/nrfxlib/softdevice_controller/lib/nrf52/soft-float/libsoftdevice_controller_central.a(libsoftdevice_controller_s123_debug_soft__obfuscated.elf)
 .text          0x0000419c       0x2c /home/uttec/ncs/nrfxlib/softdevice_controller/lib/nrf52/soft-float/libsoftdevice_controller_central.a(libsoftdevice_controller_s123_debug_soft__obfuscated.elf)
 .text          0x000041c8       0x9c /home/uttec/ncs/nrfxlib/softdevice_controller/lib/nrf52/soft-float/libsoftdevice_controller_central.a(libsoftdevice_controller_s123_debug_soft__obfuscated.elf)
 .text          0x00004264       0xc0 /home/uttec/ncs/nrfxlib/softdevice_controller/lib/nrf52/soft-float/libsoftdevice_controller_central.a(libsoftdevice_controller_s123_debug_soft__obfuscated.elf)
 .text          0x00004324       0x18 /home/uttec/ncs/nrfxlib/softdevice_controller/lib/nrf52/soft-float/libsoftdevice_controller_central.a(libsoftdevice_controller_s123_debug_soft__obfuscated.elf)
                0x00004324                sym_BAUTABQSJLBAZ6GNH7KOF4MJMAA6NF7CDAZNOEQ
 .text          0x0000433c       0x20 /home/uttec/ncs/nrfxlib/softdevice_controller/lib/nrf52/soft-float/libsoftdevice_controller_central.a(libsoftdevice_controller_s123_debug_soft__obfuscated.elf)
                0x0000433c                sym_62DUXM4M5AM4URNPP7IKDX3NCPAODBT4BMADGAY
 .text          0x0000435c        0xc /home/uttec/ncs/nrfxlib/softdevice_controller/lib/nrf52/soft-float/libsoftdevice_controller_central.a(libsoftdevice_controller_s123_debug_soft__obfuscated.elf)
                0x0000435c                sym_JQOBED6Y6P46KNYF2UD53QPDVNRPPOKMQL6EEBY
 .text          0x00004368       0x38 /home/uttec/ncs/nrfxlib/softdevice_controller/lib/nrf52/soft-float/libsoftdevice_controller_central.a(libsoftdevice_controller_s123_debug_soft__obfuscated.elf)
                0x00004368                sym_AH5PFWTC7OGNFGHZO3OGQJX75M4BUE2VWXVZZ5A
 .text          0x000043a0        0xc /home/uttec/ncs/nrfxlib/softdevice_controller/lib/nrf52/soft-float/libsoftdevice_controller_central.a(libsoftdevice_controller_s123_debug_soft__obfuscated.elf)
                0x000043a0                sym_RHRHCWPUPZHCOID576WBS7QZ2KAUT2GASS2T3QY
 .text          0x000043ac       0x30 /home/uttec/ncs/nrfxlib/softdevice_controller/lib/nrf52/soft-float/libsoftdevice_controller_central.a(libsoftdevice_controller_s123_debug_soft__obfuscated.elf)
                0x000043ac                sym_YAOI5BW7G2C6EUUY2B4S7A3CWX63A6MP2T3O5KA
 .text          0x000043dc       0x24 /home/uttec/ncs/nrfxlib/softdevice_controller/lib/nrf52/soft-float/libsoftdevice_controller_central.a(libsoftdevice_controller_s123_debug_soft__obfuscated.elf)
                0x000043dc                sym_2X6ZBBHQKFJV27I6OQZLD4IRAL5JANEGA5N34WA
 .text          0x00004400       0x68 /home/uttec/ncs/nrfxlib/softdevice_controller/lib/nrf52/soft-float/libsoftdevice_controller_central.a(libsoftdevice_controller_s123_debug_soft__obfuscated.elf)
                0x00004400                sym_EV54ITVX6ZJNRIULZTHEWNSCWW5GNYKPCEWELSY
 .text          0x00004468       0x74 /home/uttec/ncs/nrfxlib/softdevice_controller/lib/nrf52/soft-float/libsoftdevice_controller_central.a(libsoftdevice_controller_s123_debug_soft__obfuscated.elf)
                0x00004468                sym_GIJNJPFWODT7EMZGJ5C7DGNKPDDXY2MLUHAWNUI
 .text          0x000044dc       0x24 /home/uttec/ncs/nrfxlib/softdevice_controller/lib/nrf52/soft-float/libsoftdevice_controller_central.a(libsoftdevice_controller_s123_debug_soft__obfuscated.elf)
                0x000044dc                sym_DHR6XELGSD2MHYS7JWGEPSKXD43VLKKJDN33HMA
 .text          0x00004500       0x50 /home/uttec/ncs/nrfxlib/softdevice_controller/lib/nrf52/soft-float/libsoftdevice_controller_central.a(libsoftdevice_controller_s123_debug_soft__obfuscated.elf)
 .text          0x00004550       0x9c /home/uttec/ncs/nrfxlib/softdevice_controller/lib/nrf52/soft-float/libsoftdevice_controller_central.a(libsoftdevice_controller_s123_debug_soft__obfuscated.elf)
                0x00004550                sym_I6CP23ODGJWRR4E4LKGCN5RJCVBTXYTDYCCXNSQ
 .text          0x000045ec       0x14 /home/uttec/ncs/nrfxlib/softdevice_controller/lib/nrf52/soft-float/libsoftdevice_controller_central.a(libsoftdevice_controller_s123_debug_soft__obfuscated.elf)
                0x000045ec                sym_AIEQYZJFZQBQ5LEMJNMQV56TMLIGCBAC63QLHGI
 .text          0x00004600       0x24 /home/uttec/ncs/nrfxlib/softdevice_controller/lib/nrf52/soft-float/libsoftdevice_controller_central.a(libsoftdevice_controller_s123_debug_soft__obfuscated.elf)
                0x00004600                sym_MYZDSWHZMVTUGPWK7CFFVMNCPRPZBKC3UH2GTLQ
 .text          0x00004624       0x28 /home/uttec/ncs/nrfxlib/softdevice_controller/lib/nrf52/soft-float/libsoftdevice_controller_central.a(libsoftdevice_controller_s123_debug_soft__obfuscated.elf)
                0x00004624                sym_XECBDXJ42XLR262DOTTQGYR47BZ5WSNNCRAJKPI
 .text          0x0000464c       0x44 /home/uttec/ncs/nrfxlib/softdevice_controller/lib/nrf52/soft-float/libsoftdevice_controller_central.a(libsoftdevice_controller_s123_debug_soft__obfuscated.elf)
                0x0000464c                sym_ZIE6EQ2YDF5ZLLLNRMU6NPOFHB7VMBHYMI4646I
 .text          0x00004690       0x10 /home/uttec/ncs/nrfxlib/softdevice_controller/lib/nrf52/soft-float/libsoftdevice_controller_central.a(libsoftdevice_controller_s123_debug_soft__obfuscated.elf)
                0x00004690                sym_JANNQMW3JZGYLNSOPAA2HBYBA6JBSX4W7VBR56Q
 .text          0x000046a0       0x20 /home/uttec/ncs/nrfxlib/softdevice_controller/lib/nrf52/soft-float/libsoftdevice_controller_central.a(libsoftdevice_controller_s123_debug_soft__obfuscated.elf)
                0x000046a0                sym_RQLOJUGFCKCS5YSXHMF5LIHXPBLO5AO63KQE3GQ
 .text          0x000046c0       0x20 /home/uttec/ncs/nrfxlib/softdevice_controller/lib/nrf52/soft-float/libsoftdevice_controller_central.a(libsoftdevice_controller_s123_debug_soft__obfuscated.elf)
                0x000046c0                sym_MAOKHHVPGVT23KVRN33B7KPEJU6F55EB66KOGDQ
 .text          0x000046e0       0x20 /home/uttec/ncs/nrfxlib/softdevice_controller/lib/nrf52/soft-float/libsoftdevice_controller_central.a(libsoftdevice_controller_s123_debug_soft__obfuscated.elf)
                0x000046e0                sym_S635TH4ZNECIWRKFWYBUXBZ3GFP7WORE4PRXDPQ
 .text          0x00004700       0x34 /home/uttec/ncs/nrfxlib/softdevice_controller/lib/nrf52/soft-float/libsoftdevice_controller_central.a(libsoftdevice_controller_s123_debug_soft__obfuscated.elf)
                0x00004700                sym_3S3ZPZTS3JKT3LR3P6QZ3KOW4P72YQZEIQOYGSA
 .text          0x00004734       0x3c /home/uttec/ncs/nrfxlib/softdevice_controller/lib/nrf52/soft-float/libsoftdevice_controller_central.a(libsoftdevice_controller_s123_debug_soft__obfuscated.elf)
                0x00004734                sym_U3LPDM4ZN7F4EBRA6GBYBEUAHXDWZU7U4P3OZRQ
 .text          0x00004770       0x88 /home/uttec/ncs/nrfxlib/softdevice_controller/lib/nrf52/soft-float/libsoftdevice_controller_central.a(libsoftdevice_controller_s123_debug_soft__obfuscated.elf)
 .text          0x000047f8       0x10 /home/uttec/ncs/nrfxlib/softdevice_controller/lib/nrf52/soft-float/libsoftdevice_controller_central.a(libsoftdevice_controller_s123_debug_soft__obfuscated.elf)
                0x000047f8                sym_N2NJCIBZFHVP7II7LSOD6U4WPOYSC3U3IRJ6NLY
 .text          0x00004808       0x10 /home/uttec/ncs/nrfxlib/softdevice_controller/lib/nrf52/soft-float/libsoftdevice_controller_central.a(libsoftdevice_controller_s123_debug_soft__obfuscated.elf)
 .text          0x00004818       0xb4 /home/uttec/ncs/nrfxlib/softdevice_controller/lib/nrf52/soft-float/libsoftdevice_controller_central.a(libsoftdevice_controller_s123_debug_soft__obfuscated.elf)
 .text          0x000048cc      0x168 /home/uttec/ncs/nrfxlib/softdevice_controller/lib/nrf52/soft-float/libsoftdevice_controller_central.a(libsoftdevice_controller_s123_debug_soft__obfuscated.elf)
 .text          0x00004a34       0x5c /home/uttec/ncs/nrfxlib/softdevice_controller/lib/nrf52/soft-float/libsoftdevice_controller_central.a(libsoftdevice_controller_s123_debug_soft__obfuscated.elf)
 .text          0x00004a90       0x28 /home/uttec/ncs/nrfxlib/softdevice_controller/lib/nrf52/soft-float/libsoftdevice_controller_central.a(libsoftdevice_controller_s123_debug_soft__obfuscated.elf)
                0x00004a90                sym_VKBDHCW5KWYFAEZJJBKQNHH4JDURIHHEJCK4SOA
 .text          0x00004ab8       0x14 /home/uttec/ncs/nrfxlib/softdevice_controller/lib/nrf52/soft-float/libsoftdevice_controller_central.a(libsoftdevice_controller_s123_debug_soft__obfuscated.elf)
                0x00004ab8                sym_JKMI2SFC2N7KXC6XI6ZEAONO7SV2US6LWEISHOY
 .text          0x00004acc        0xc /home/uttec/ncs/nrfxlib/softdevice_controller/lib/nrf52/soft-float/libsoftdevice_controller_central.a(libsoftdevice_controller_s123_debug_soft__obfuscated.elf)
                0x00004acc                sym_LZWMHZYOCOZFEZM63EFTHCONDNYRE5YDAMU6QDQ
 .text          0x00004ad8       0x10 /home/uttec/ncs/nrfxlib/softdevice_controller/lib/nrf52/soft-float/libsoftdevice_controller_central.a(libsoftdevice_controller_s123_debug_soft__obfuscated.elf)
                0x00004ad8                sym_BXRWRIA3M3K52MZ3ABK6S37OOTXMFTRBOBYS7TY
 .text          0x00004ae8       0x24 /home/uttec/ncs/nrfxlib/softdevice_controller/lib/nrf52/soft-float/libsoftdevice_controller_central.a(libsoftdevice_controller_s123_debug_soft__obfuscated.elf)
                0x00004ae8                sym_XOOTGCSEAKA3PUKZW3QYB4DCVC2FKUP2TS5AZ5Q
 .text          0x00004b0c       0x24 /home/uttec/ncs/nrfxlib/softdevice_controller/lib/nrf52/soft-float/libsoftdevice_controller_central.a(libsoftdevice_controller_s123_debug_soft__obfuscated.elf)
                0x00004b0c                sym_XYMSM3YEXEOTUFIX3SPRBT27O44DJZKZVLNHELY
 .text          0x00004b30       0x1c /home/uttec/ncs/nrfxlib/softdevice_controller/lib/nrf52/soft-float/libsoftdevice_controller_central.a(libsoftdevice_controller_s123_debug_soft__obfuscated.elf)
                0x00004b30                sym_HHT5YV37VWRBGUMO4AOJUKOJARZKAH2OUWPZF7Q
 .text          0x00004b4c       0x24 /home/uttec/ncs/nrfxlib/softdevice_controller/lib/nrf52/soft-float/libsoftdevice_controller_central.a(libsoftdevice_controller_s123_debug_soft__obfuscated.elf)
                0x00004b4c                sym_NJ23GB56DKRDWNC3A6OFPLEADGH3SOLDHUUSOYQ
 .text          0x00004b70       0x24 /home/uttec/ncs/nrfxlib/softdevice_controller/lib/nrf52/soft-float/libsoftdevice_controller_central.a(libsoftdevice_controller_s123_debug_soft__obfuscated.elf)
                0x00004b70                sym_ZWMGPE3QKJAQI4HTKIFMREKNKAUYHMAALNVM2QI
 .text          0x00004b94       0x18 /home/uttec/ncs/nrfxlib/softdevice_controller/lib/nrf52/soft-float/libsoftdevice_controller_central.a(libsoftdevice_controller_s123_debug_soft__obfuscated.elf)
                0x00004b94                sym_MWHYECJZLQQJKLQZGDI66SVA3IIWYKXL7G5FMHY
 .text          0x00004bac       0x2c /home/uttec/ncs/nrfxlib/softdevice_controller/lib/nrf52/soft-float/libsoftdevice_controller_central.a(libsoftdevice_controller_s123_debug_soft__obfuscated.elf)
                0x00004bac                sym_43VAZS4NQXUMOPHD7W7SYFZ3WJ6KGQYQH6UOYPQ
 .text          0x00004bd8       0x9c /home/uttec/ncs/nrfxlib/softdevice_controller/lib/nrf52/soft-float/libsoftdevice_controller_central.a(libsoftdevice_controller_s123_debug_soft__obfuscated.elf)
                0x00004bd8                sym_IPYDOGNKVSD5CNASNRZPFKSG4XKU4ZG4SVERI7Q
 .text          0x00004c74       0x30 /home/uttec/ncs/nrfxlib/softdevice_controller/lib/nrf52/soft-float/libsoftdevice_controller_central.a(libsoftdevice_controller_s123_debug_soft__obfuscated.elf)
                0x00004c74                sym_7LZ5OF5UTH4WGXV6IKS6GUUHKYRIWQTTIJXNBEY
 .text          0x00004ca4       0x34 /home/uttec/ncs/nrfxlib/softdevice_controller/lib/nrf52/soft-float/libsoftdevice_controller_central.a(libsoftdevice_controller_s123_debug_soft__obfuscated.elf)
                0x00004ca4                sym_77ICNIHY2R2L3JRP4ZLMOWZSS3UZRKJXJOBWTWI
 .text          0x00004cd8       0x40 /home/uttec/ncs/nrfxlib/softdevice_controller/lib/nrf52/soft-float/libsoftdevice_controller_central.a(libsoftdevice_controller_s123_debug_soft__obfuscated.elf)
                0x00004cd8                sym_NUAUKG3UHAJMAJB3VWKIDP75NSBCJHFDAIIU6EI
 .text          0x00004d18       0xc0 /home/uttec/ncs/nrfxlib/softdevice_controller/lib/nrf52/soft-float/libsoftdevice_controller_central.a(libsoftdevice_controller_s123_debug_soft__obfuscated.elf)
                0x00004d18                sym_5UEPRCW3EPZ7AP72CPP4EMSXBK27JNQSU5DMVOI
 .text          0x00004dd8       0x30 /home/uttec/ncs/nrfxlib/softdevice_controller/lib/nrf52/soft-float/libsoftdevice_controller_central.a(libsoftdevice_controller_s123_debug_soft__obfuscated.elf)
                0x00004dd8                sym_Q4666MQBABRNQWVVM7BXH6CZLBLJXH7EUKSGMNQ
 .text          0x00004e08      0x1b0 /home/uttec/ncs/nrfxlib/softdevice_controller/lib/nrf52/soft-float/libsoftdevice_controller_central.a(libsoftdevice_controller_s123_debug_soft__obfuscated.elf)
                0x00004e08                sym_BZUCV52NNXYJ4PFZE6PPPT2ZDHUDTEPDS6LUKZI
 .text          0x00004fb8       0x24 /home/uttec/ncs/nrfxlib/softdevice_controller/lib/nrf52/soft-float/libsoftdevice_controller_central.a(libsoftdevice_controller_s123_debug_soft__obfuscated.elf)
                0x00004fb8                sym_NDXK2LOMZUDHFXKAI2VSFPUCPEZUOQPNHNILM7Y
 .text          0x00004fdc       0x24 /home/uttec/ncs/nrfxlib/softdevice_controller/lib/nrf52/soft-float/libsoftdevice_controller_central.a(libsoftdevice_controller_s123_debug_soft__obfuscated.elf)
                0x00004fdc                sym_HRA437GJ2CDV2E32FJ2QNXI3YG322UHSFPFJ3CI
 .text          0x00005000       0x50 /home/uttec/ncs/nrfxlib/softdevice_controller/lib/nrf52/soft-float/libsoftdevice_controller_central.a(libsoftdevice_controller_s123_debug_soft__obfuscated.elf)
                0x00005000                sym_IM3N55HLVRFQYD25P6A2DK6S6UPAUWTY4RZRVZY
 .text          0x00005050       0x64 /home/uttec/ncs/nrfxlib/softdevice_controller/lib/nrf52/soft-float/libsoftdevice_controller_central.a(libsoftdevice_controller_s123_debug_soft__obfuscated.elf)
                0x00005050                sym_JU6OV3GKZF5HIJH3MU2Q3OVF2CL7DGZ6RFYTUVY
 .text          0x000050b4       0x44 /home/uttec/ncs/nrfxlib/softdevice_controller/lib/nrf52/soft-float/libsoftdevice_controller_central.a(libsoftdevice_controller_s123_debug_soft__obfuscated.elf)
                0x000050b4                sym_7ABLLIXUF3HMINU3DLWXJDVBNAU7RSUXPXZ3RFQ
 .text          0x000050f8       0x80 /home/uttec/ncs/nrfxlib/softdevice_controller/lib/nrf52/soft-float/libsoftdevice_controller_central.a(libsoftdevice_controller_s123_debug_soft__obfuscated.elf)
                0x000050f8                sym_RHE23VLW3YS5P4HRDMPTVWIHXVLEGJ7BJEAEEUI
 .text          0x00005178       0x20 /home/uttec/ncs/nrfxlib/softdevice_controller/lib/nrf52/soft-float/libsoftdevice_controller_central.a(libsoftdevice_controller_s123_debug_soft__obfuscated.elf)
                0x00005178                sym_CYYZ5DA5UWAE37FM7XP643I473QUSWWZ2MS7OLY
 .text          0x00005198       0x34 /home/uttec/ncs/nrfxlib/softdevice_controller/lib/nrf52/soft-float/libsoftdevice_controller_central.a(libsoftdevice_controller_s123_debug_soft__obfuscated.elf)
                0x00005198                sym_KQ4RAL3HW3LUBE4EKZDESO77BJMQRXFGP63ANLQ
 .text          0x000051cc       0x38 /home/uttec/ncs/nrfxlib/softdevice_controller/lib/nrf52/soft-float/libsoftdevice_controller_central.a(libsoftdevice_controller_s123_debug_soft__obfuscated.elf)
                0x000051cc                sym_56UVHHES3DVKQZWKPD4W2O56B6Q35VFE7VP3FTY
 .text          0x00005204       0xa0 /home/uttec/ncs/nrfxlib/softdevice_controller/lib/nrf52/soft-float/libsoftdevice_controller_central.a(libsoftdevice_controller_s123_debug_soft__obfuscated.elf)
                0x00005204                sym_365Y77DXDRWJHR4QPTXJM46KZ7L557J533F2SNY
 .text          0x000052a4       0x24 /home/uttec/ncs/nrfxlib/softdevice_controller/lib/nrf52/soft-float/libsoftdevice_controller_central.a(libsoftdevice_controller_s123_debug_soft__obfuscated.elf)
                0x000052a4                sym_MKU2XEL6QB4MO4JU3HW4P3NALUM7PALQ3OF2VGA
 .text          0x000052c8       0x10 /home/uttec/ncs/nrfxlib/softdevice_controller/lib/nrf52/soft-float/libsoftdevice_controller_central.a(libsoftdevice_controller_s123_debug_soft__obfuscated.elf)
                0x000052c8                sym_3LKWZEY2K7UEF3M7QI5VCO43HM3TH6VAPJSZJBY
 .text          0x000052d8       0x88 /home/uttec/ncs/nrfxlib/softdevice_controller/lib/nrf52/soft-float/libsoftdevice_controller_central.a(libsoftdevice_controller_s123_debug_soft__obfuscated.elf)
 .text          0x00005360       0x24 /home/uttec/ncs/nrfxlib/softdevice_controller/lib/nrf52/soft-float/libsoftdevice_controller_central.a(libsoftdevice_controller_s123_debug_soft__obfuscated.elf)
                0x00005360                sym_ECAFXV3NMZ2THIWY27PTYY6WSGFWQJNAJOG5HIY
 .text          0x00005384        0xc /home/uttec/ncs/nrfxlib/softdevice_controller/lib/nrf52/soft-float/libsoftdevice_controller_central.a(libsoftdevice_controller_s123_debug_soft__obfuscated.elf)
                0x00005384                sym_FKU5SDIGNJ3CUR3VYEELCK5CK3EK42NLF7KQXSQ
 .text          0x00005390        0xc /home/uttec/ncs/nrfxlib/softdevice_controller/lib/nrf52/soft-float/libsoftdevice_controller_central.a(libsoftdevice_controller_s123_debug_soft__obfuscated.elf)
                0x00005390                sym_MD2ACKWOI3UMWSI6IONGH6VN62ROA3VVQP7HYBQ
 .text          0x0000539c       0x60 /home/uttec/ncs/nrfxlib/softdevice_controller/lib/nrf52/soft-float/libsoftdevice_controller_central.a(libsoftdevice_controller_s123_debug_soft__obfuscated.elf)
                0x0000539c                sym_VT36OYILRYR2ODZV34U7WHVGGSRS7VN6JG7WPYI
 .text          0x000053fc       0x48 /home/uttec/ncs/nrfxlib/softdevice_controller/lib/nrf52/soft-float/libsoftdevice_controller_central.a(libsoftdevice_controller_s123_debug_soft__obfuscated.elf)
                0x000053fc                sym_3BV6HS2RZST6R6C5ZWOISO6OTZHTSW3BAFXBSVQ
 .text          0x00005444       0x20 /home/uttec/ncs/nrfxlib/softdevice_controller/lib/nrf52/soft-float/libsoftdevice_controller_central.a(libsoftdevice_controller_s123_debug_soft__obfuscated.elf)
 .text          0x00005464       0x10 /home/uttec/ncs/nrfxlib/softdevice_controller/lib/nrf52/soft-float/libsoftdevice_controller_central.a(libsoftdevice_controller_s123_debug_soft__obfuscated.elf)
                0x00005464                sym_QCAWKLQF54ZUVQEUZYI3LS3CAU7N52INENNQS4A
 .text          0x00005474       0x64 /home/uttec/ncs/nrfxlib/softdevice_controller/lib/nrf52/soft-float/libsoftdevice_controller_central.a(libsoftdevice_controller_s123_debug_soft__obfuscated.elf)
                0x00005474                sym_DTBEJNW7A7JHG4MN52YFYEA2GZJHMHF7KQIBYHA
 .text          0x000054d8       0x5c /home/uttec/ncs/nrfxlib/softdevice_controller/lib/nrf52/soft-float/libsoftdevice_controller_central.a(libsoftdevice_controller_s123_debug_soft__obfuscated.elf)
 .text          0x00005534       0x58 /home/uttec/ncs/nrfxlib/softdevice_controller/lib/nrf52/soft-float/libsoftdevice_controller_central.a(libsoftdevice_controller_s123_debug_soft__obfuscated.elf)
 .text          0x0000558c       0x8c /home/uttec/ncs/nrfxlib/softdevice_controller/lib/nrf52/soft-float/libsoftdevice_controller_central.a(libsoftdevice_controller_s123_debug_soft__obfuscated.elf)
 .text          0x00005618       0x3c /home/uttec/ncs/nrfxlib/softdevice_controller/lib/nrf52/soft-float/libsoftdevice_controller_central.a(libsoftdevice_controller_s123_debug_soft__obfuscated.elf)
 .text          0x00005654       0x40 /home/uttec/ncs/nrfxlib/softdevice_controller/lib/nrf52/soft-float/libsoftdevice_controller_central.a(libsoftdevice_controller_s123_debug_soft__obfuscated.elf)
 .text          0x00005694       0x74 /home/uttec/ncs/nrfxlib/softdevice_controller/lib/nrf52/soft-float/libsoftdevice_controller_central.a(libsoftdevice_controller_s123_debug_soft__obfuscated.elf)
 .text          0x00005708       0xb0 /home/uttec/ncs/nrfxlib/softdevice_controller/lib/nrf52/soft-float/libsoftdevice_controller_central.a(libsoftdevice_controller_s123_debug_soft__obfuscated.elf)
 .text          0x000057b8       0x40 /home/uttec/ncs/nrfxlib/softdevice_controller/lib/nrf52/soft-float/libsoftdevice_controller_central.a(libsoftdevice_controller_s123_debug_soft__obfuscated.elf)
 .text          0x000057f8       0xbc /home/uttec/ncs/nrfxlib/softdevice_controller/lib/nrf52/soft-float/libsoftdevice_controller_central.a(libsoftdevice_controller_s123_debug_soft__obfuscated.elf)
 .text          0x000058b4       0x40 /home/uttec/ncs/nrfxlib/softdevice_controller/lib/nrf52/soft-float/libsoftdevice_controller_central.a(libsoftdevice_controller_s123_debug_soft__obfuscated.elf)
 .text          0x000058f4      0x798 /home/uttec/ncs/nrfxlib/softdevice_controller/lib/nrf52/soft-float/libsoftdevice_controller_central.a(libsoftdevice_controller_s123_debug_soft__obfuscated.elf)
 .text          0x0000608c      0x180 /home/uttec/ncs/nrfxlib/softdevice_controller/lib/nrf52/soft-float/libsoftdevice_controller_central.a(libsoftdevice_controller_s123_debug_soft__obfuscated.elf)
                0x0000608c                sym_C4R73COZU7NKK6UAUGTJ6HNWDG7QPVROF5RMZMA
 .text          0x0000620c       0xa0 /home/uttec/ncs/nrfxlib/softdevice_controller/lib/nrf52/soft-float/libsoftdevice_controller_central.a(libsoftdevice_controller_s123_debug_soft__obfuscated.elf)
                0x0000620c                sym_ELB4EXXRKBATZ6KCANX37LXPZBQQJSOFPSAT7UI
 .text          0x000062ac       0x20 /home/uttec/ncs/nrfxlib/softdevice_controller/lib/nrf52/soft-float/libsoftdevice_controller_central.a(libsoftdevice_controller_s123_debug_soft__obfuscated.elf)
 .text          0x000062cc       0x14 /home/uttec/ncs/nrfxlib/softdevice_controller/lib/nrf52/soft-float/libsoftdevice_controller_central.a(libsoftdevice_controller_s123_debug_soft__obfuscated.elf)
                0x000062cc                sym_LOTFHGQTFUFWGX7HOTL4Q2XATGIJRVIMCMOYRMA
 .text          0x000062e0       0x30 /home/uttec/ncs/nrfxlib/softdevice_controller/lib/nrf52/soft-float/libsoftdevice_controller_central.a(libsoftdevice_controller_s123_debug_soft__obfuscated.elf)
                0x000062e0                sym_MDF364N4PQDEA5ZGP5CB3ZDZVZM5Q32KSEZZ5HI
 .text          0x00006310       0x34 /home/uttec/ncs/nrfxlib/softdevice_controller/lib/nrf52/soft-float/libsoftdevice_controller_central.a(libsoftdevice_controller_s123_debug_soft__obfuscated.elf)
                0x00006310                sym_XCEN5K7VEI2CAO42XW7S3FKM3HKMOCDCUFDX25Y
 .text          0x00006344       0x44 /home/uttec/ncs/nrfxlib/softdevice_controller/lib/nrf52/soft-float/libsoftdevice_controller_central.a(libsoftdevice_controller_s123_debug_soft__obfuscated.elf)
                0x00006344                sym_5DEPI2OGSPXE5OVFBPVFPSPYPRYUQ54QVVXIKNI
 .text          0x00006388       0x34 /home/uttec/ncs/nrfxlib/softdevice_controller/lib/nrf52/soft-float/libsoftdevice_controller_central.a(libsoftdevice_controller_s123_debug_soft__obfuscated.elf)
                0x00006388                sym_KZ5CVONZGMGIGNMI7YD6HLN3FXAAJK6OMEJW6BQ
 .text          0x000063bc       0x28 /home/uttec/ncs/nrfxlib/softdevice_controller/lib/nrf52/soft-float/libsoftdevice_controller_central.a(libsoftdevice_controller_s123_debug_soft__obfuscated.elf)
                0x000063bc                sym_ZQHB3ANU2DANFLJZLZL5U4SPQ2ZDVUAHI35744Y
 .text          0x000063e4       0x10 /home/uttec/ncs/nrfxlib/softdevice_controller/lib/nrf52/soft-float/libsoftdevice_controller_central.a(libsoftdevice_controller_s123_debug_soft__obfuscated.elf)
                0x000063e4                sym_TRMXENGHOH4VBQQZPIN222FLCEFU3Z3CD5C47DY
 .text          0x000063f4       0x8c /home/uttec/ncs/nrfxlib/softdevice_controller/lib/nrf52/soft-float/libsoftdevice_controller_central.a(libsoftdevice_controller_s123_debug_soft__obfuscated.elf)
                0x000063f4                sym_5I5MTMPTF2F4WI7MIXG5OG4TUPLUR53CB2QHVUA
 .text          0x00006480       0x94 /home/uttec/ncs/nrfxlib/softdevice_controller/lib/nrf52/soft-float/libsoftdevice_controller_central.a(libsoftdevice_controller_s123_debug_soft__obfuscated.elf)
                0x00006480                sym_WLH66EC4H754I3MAYKGHFOCADIOY4E4WNRBI4TA
 .text          0x00006514       0x30 /home/uttec/ncs/nrfxlib/softdevice_controller/lib/nrf52/soft-float/libsoftdevice_controller_central.a(libsoftdevice_controller_s123_debug_soft__obfuscated.elf)
                0x00006514                sym_VIDE7XVSTT4HHX2MQJX6VUVABAKVNGIPRTLRLEQ
 .text          0x00006544       0x78 /home/uttec/ncs/nrfxlib/softdevice_controller/lib/nrf52/soft-float/libsoftdevice_controller_central.a(libsoftdevice_controller_s123_debug_soft__obfuscated.elf)
                0x00006544                sym_FYMYD324TMLKJZE62CZN4WTXFSPL6FPU2SZH6CI
 .text          0x000065bc        0xc /home/uttec/ncs/nrfxlib/softdevice_controller/lib/nrf52/soft-float/libsoftdevice_controller_central.a(libsoftdevice_controller_s123_debug_soft__obfuscated.elf)
                0x000065bc                sym_QQVHHHKNBN5TJBK4NCDSUYAMXMOEHFSL7HE7RRA
 .text          0x000065c8       0x3c /home/uttec/ncs/nrfxlib/softdevice_controller/lib/nrf52/soft-float/libsoftdevice_controller_central.a(libsoftdevice_controller_s123_debug_soft__obfuscated.elf)
                0x000065c8                sym_XPKSFPKFBNSTZZU4FUMGC3XRHAVS24BBL53HRMA
 .text          0x00006604       0x60 /home/uttec/ncs/nrfxlib/softdevice_controller/lib/nrf52/soft-float/libsoftdevice_controller_central.a(libsoftdevice_controller_s123_debug_soft__obfuscated.elf)
                0x00006604                sym_6Q45YYTUN2KDQ5V5UGE3T2LTI5FNGX6WIJYLIDI
 .text          0x00006664       0x10 /home/uttec/ncs/nrfxlib/softdevice_controller/lib/nrf52/soft-float/libsoftdevice_controller_central.a(libsoftdevice_controller_s123_debug_soft__obfuscated.elf)
 .text          0x00006674       0x58 /home/uttec/ncs/nrfxlib/softdevice_controller/lib/nrf52/soft-float/libsoftdevice_controller_central.a(libsoftdevice_controller_s123_debug_soft__obfuscated.elf)
 .text          0x000066cc       0x30 /home/uttec/ncs/nrfxlib/softdevice_controller/lib/nrf52/soft-float/libsoftdevice_controller_central.a(libsoftdevice_controller_s123_debug_soft__obfuscated.elf)
 .text          0x000066fc       0x64 /home/uttec/ncs/nrfxlib/softdevice_controller/lib/nrf52/soft-float/libsoftdevice_controller_central.a(libsoftdevice_controller_s123_debug_soft__obfuscated.elf)
 .text          0x00006760       0x34 /home/uttec/ncs/nrfxlib/softdevice_controller/lib/nrf52/soft-float/libsoftdevice_controller_central.a(libsoftdevice_controller_s123_debug_soft__obfuscated.elf)
 .text          0x00006794       0x4c /home/uttec/ncs/nrfxlib/softdevice_controller/lib/nrf52/soft-float/libsoftdevice_controller_central.a(libsoftdevice_controller_s123_debug_soft__obfuscated.elf)
 .text          0x000067e0       0x38 /home/uttec/ncs/nrfxlib/softdevice_controller/lib/nrf52/soft-float/libsoftdevice_controller_central.a(libsoftdevice_controller_s123_debug_soft__obfuscated.elf)
 .text          0x00006818       0x1c /home/uttec/ncs/nrfxlib/softdevice_controller/lib/nrf52/soft-float/libsoftdevice_controller_central.a(libsoftdevice_controller_s123_debug_soft__obfuscated.elf)
 .text          0x00006834       0x5c /home/uttec/ncs/nrfxlib/softdevice_controller/lib/nrf52/soft-float/libsoftdevice_controller_central.a(libsoftdevice_controller_s123_debug_soft__obfuscated.elf)
 .text          0x00006890       0x60 /home/uttec/ncs/nrfxlib/softdevice_controller/lib/nrf52/soft-float/libsoftdevice_controller_central.a(libsoftdevice_controller_s123_debug_soft__obfuscated.elf)
 .text          0x000068f0      0x110 /home/uttec/ncs/nrfxlib/softdevice_controller/lib/nrf52/soft-float/libsoftdevice_controller_central.a(libsoftdevice_controller_s123_debug_soft__obfuscated.elf)
 .text          0x00006a00       0x74 /home/uttec/ncs/nrfxlib/softdevice_controller/lib/nrf52/soft-float/libsoftdevice_controller_central.a(libsoftdevice_controller_s123_debug_soft__obfuscated.elf)
                0x00006a00                sym_RUQBFILZ5CHV2AAL6C3D2J5Y33TCCAPZTHBGZ3A
 .text          0x00006a74       0x10 /home/uttec/ncs/nrfxlib/softdevice_controller/lib/nrf52/soft-float/libsoftdevice_controller_central.a(libsoftdevice_controller_s123_debug_soft__obfuscated.elf)
                0x00006a74                sym_DRIMECVE2FH7O6C2LQ25QRVJOICPHLA5GC6TM2I
 .text          0x00006a84        0xc /home/uttec/ncs/nrfxlib/softdevice_controller/lib/nrf52/soft-float/libsoftdevice_controller_central.a(libsoftdevice_controller_s123_debug_soft__obfuscated.elf)
                0x00006a84                sym_ARLNRKQ66P65CL63VENK3NR6NFAZLWPJOOVV7RQ
 .text          0x00006a90       0x10 /home/uttec/ncs/nrfxlib/softdevice_controller/lib/nrf52/soft-float/libsoftdevice_controller_central.a(libsoftdevice_controller_s123_debug_soft__obfuscated.elf)
                0x00006a90                sym_GI7KSEEMTJQ7HR2XTQJ6A3EAB54YYLMWKNL2RBA
 .text          0x00006aa0       0x30 /home/uttec/ncs/nrfxlib/softdevice_controller/lib/nrf52/soft-float/libsoftdevice_controller_central.a(libsoftdevice_controller_s123_debug_soft__obfuscated.elf)
                0x00006aa0                sym_RSWA3KDPDNEX2QOFCEQGJOF7JZOR274BWTEY2JA
 .text          0x00006ad0       0x48 /home/uttec/ncs/nrfxlib/softdevice_controller/lib/nrf52/soft-float/libsoftdevice_controller_central.a(libsoftdevice_controller_s123_debug_soft__obfuscated.elf)
                0x00006ad0                sym_5M4NZWSJ6BHHJZLT6EUU64HNZ2KEYYSTH2RKH5I
 .text          0x00006b18       0x58 /home/uttec/ncs/nrfxlib/softdevice_controller/lib/nrf52/soft-float/libsoftdevice_controller_central.a(libsoftdevice_controller_s123_debug_soft__obfuscated.elf)
                0x00006b18                sym_5CHOZAQ75MOW32NPEGX5AYLDFVQR6HZCDXZY5PQ
 .text          0x00006b70      0x11c /home/uttec/ncs/nrfxlib/softdevice_controller/lib/nrf52/soft-float/libsoftdevice_controller_central.a(libsoftdevice_controller_s123_debug_soft__obfuscated.elf)
                0x00006b70                sym_JQ5GTNCJKXERB3SSKQRXLQOKWJQVRNEOVZZZVXI
 .text          0x00006c8c        0xc /home/uttec/ncs/nrfxlib/softdevice_controller/lib/nrf52/soft-float/libsoftdevice_controller_central.a(libsoftdevice_controller_s123_debug_soft__obfuscated.elf)
                0x00006c8c                sym_HE5JGYEZFIITGQL7PMATDHSORSCK7HJIY5UXOZA
 .text          0x00006c98       0x14 /home/uttec/ncs/nrfxlib/softdevice_controller/lib/nrf52/soft-float/libsoftdevice_controller_central.a(libsoftdevice_controller_s123_debug_soft__obfuscated.elf)
                0x00006c98                sym_YLRTPBVG5ROXKOW4KXUYITRUY3FD2MVZW5LF7ZA
 .text          0x00006cac       0x38 /home/uttec/ncs/nrfxlib/softdevice_controller/lib/nrf52/soft-float/libsoftdevice_controller_central.a(libsoftdevice_controller_s123_debug_soft__obfuscated.elf)
                0x00006cac                sym_GVSNNBZMBIJOMUA3FPIAVVC7S5MNBYUF4QELXZA
 .text          0x00006ce4        0xc /home/uttec/ncs/nrfxlib/softdevice_controller/lib/nrf52/soft-float/libsoftdevice_controller_central.a(libsoftdevice_controller_s123_debug_soft__obfuscated.elf)
                0x00006ce4                sym_ZQE76VUU7S5U7DETTZA65E75LHFWL5PGRN4JPHI
 .text          0x00006cf0       0xa4 /home/uttec/ncs/nrfxlib/softdevice_controller/lib/nrf52/soft-float/libsoftdevice_controller_central.a(libsoftdevice_controller_s123_debug_soft__obfuscated.elf)
                0x00006cf0                sym_6PPYXQQOLTVZ6DHASA45P4Y6MOJ5US37OHECCGI
 .text          0x00006d94       0x28 /home/uttec/ncs/nrfxlib/softdevice_controller/lib/nrf52/soft-float/libsoftdevice_controller_central.a(libsoftdevice_controller_s123_debug_soft__obfuscated.elf)
                0x00006d94                sym_E7IS652W2J5N5UTHP752WOA4YNSR7E5S5H4J2AA
 .text          0x00006dbc       0xa4 /home/uttec/ncs/nrfxlib/softdevice_controller/lib/nrf52/soft-float/libsoftdevice_controller_central.a(libsoftdevice_controller_s123_debug_soft__obfuscated.elf)
                0x00006dbc                sym_A5S3P57NWYYY5XJWBYERU6H4QSVP5TCTU7HKA5Y
 .text          0x00006e60       0x80 /home/uttec/ncs/nrfxlib/softdevice_controller/lib/nrf52/soft-float/libsoftdevice_controller_central.a(libsoftdevice_controller_s123_debug_soft__obfuscated.elf)
                0x00006e60                sym_2YSDS7VWGMSD5CN64D2VGQIYXBV3A6NJCHWFZEY
 .text          0x00006ee0        0xc /home/uttec/ncs/nrfxlib/softdevice_controller/lib/nrf52/soft-float/libsoftdevice_controller_central.a(libsoftdevice_controller_s123_debug_soft__obfuscated.elf)
                0x00006ee0                sym_XD56LJG2JTRU4Q2V7WCY72EI3VTZICA3O4ERV2A
 .text          0x00006eec       0x10 /home/uttec/ncs/nrfxlib/softdevice_controller/lib/nrf52/soft-float/libsoftdevice_controller_central.a(libsoftdevice_controller_s123_debug_soft__obfuscated.elf)
                0x00006eec                sym_YG4UROEKVB7ZBE5TWHLNJHYKSFBTXGBYAX3RXRI
 .text          0x00006efc       0x34 /home/uttec/ncs/nrfxlib/softdevice_controller/lib/nrf52/soft-float/libsoftdevice_controller_central.a(libsoftdevice_controller_s123_debug_soft__obfuscated.elf)
                0x00006efc                sym_LPFN6QJEOHBT4AP2K7MEYWDZW35U5VHIHXOA54I
 .text          0x00006f30       0x38 /home/uttec/ncs/nrfxlib/softdevice_controller/lib/nrf52/soft-float/libsoftdevice_controller_central.a(libsoftdevice_controller_s123_debug_soft__obfuscated.elf)
                0x00006f30                sym_VQAAPKOYTNBXWM73YG7JTMODY25W7PKP7WAPGJI
 .text          0x00006f68       0x48 /home/uttec/ncs/nrfxlib/softdevice_controller/lib/nrf52/soft-float/libsoftdevice_controller_central.a(libsoftdevice_controller_s123_debug_soft__obfuscated.elf)
                0x00006f68                sym_Y6HXZQJARJ7FDWKGPREPQGRRGDOQMXHDALUK6KY
 .text          0x00006fb0       0x18 /home/uttec/ncs/nrfxlib/softdevice_controller/lib/nrf52/soft-float/libsoftdevice_controller_central.a(libsoftdevice_controller_s123_debug_soft__obfuscated.elf)
                0x00006fb0                sym_RXYEX777ZXB2E2DXJWDBCV7AAHWTCHNTLOSENBY
 .text          0x00006fc8       0x1c /home/uttec/ncs/nrfxlib/softdevice_controller/lib/nrf52/soft-float/libsoftdevice_controller_central.a(libsoftdevice_controller_s123_debug_soft__obfuscated.elf)
                0x00006fc8                sym_PCLF3MATC3G3MYGRPG4ATMGCS6N4B7M5CSF2C2Y
 .text          0x00006fe4       0x18 /home/uttec/ncs/nrfxlib/softdevice_controller/lib/nrf52/soft-float/libsoftdevice_controller_central.a(libsoftdevice_controller_s123_debug_soft__obfuscated.elf)
                0x00006fe4                sym_EZCFQXKGAFHY5HQVJOXWDLO45XWMEJQY5WUGZNI
 .text          0x00006ffc       0x40 /home/uttec/ncs/nrfxlib/softdevice_controller/lib/nrf52/soft-float/libsoftdevice_controller_central.a(libsoftdevice_controller_s123_debug_soft__obfuscated.elf)
                0x00006ffc                sym_2GNBSSSS7HPV6RZQ52VFCGRXSPA3KLWISQSF42I
 .text          0x0000703c       0x10 /home/uttec/ncs/nrfxlib/softdevice_controller/lib/nrf52/soft-float/libsoftdevice_controller_central.a(libsoftdevice_controller_s123_debug_soft__obfuscated.elf)
                0x0000703c                sym_VEC44ISWPJAJ32J57NYIBEMC7Q6QEP7J6SVR4BQ
 .text          0x0000704c      0x264 /home/uttec/ncs/nrfxlib/softdevice_controller/lib/nrf52/soft-float/libsoftdevice_controller_central.a(libsoftdevice_controller_s123_debug_soft__obfuscated.elf)
                0x0000704c                sym_EMR2H7KEGRFFKS6A4P3ZPPGOJSTVXLGRI25MEYQ
 .text          0x000072b0       0x10 /home/uttec/ncs/nrfxlib/softdevice_controller/lib/nrf52/soft-float/libsoftdevice_controller_central.a(libsoftdevice_controller_s123_debug_soft__obfuscated.elf)
                0x000072b0                sym_V67AIMSO57NYVNGXZF2PDQSJQJLITHU4KD4CKAY
 .text          0x000072c0        0xc /home/uttec/ncs/nrfxlib/softdevice_controller/lib/nrf52/soft-float/libsoftdevice_controller_central.a(libsoftdevice_controller_s123_debug_soft__obfuscated.elf)
                0x000072c0                sym_UX6VBOIQ7ULLMX3I6UDFOFZ6IT2DVZKKVIEVRMY
 .text          0x000072cc       0x10 /home/uttec/ncs/nrfxlib/softdevice_controller/lib/nrf52/soft-float/libsoftdevice_controller_central.a(libsoftdevice_controller_s123_debug_soft__obfuscated.elf)
                0x000072cc                sym_L4JTLGMK2AWYAAPRB3O77773SG36X2NTZJ3FAHA
 .text          0x000072dc       0x1c /home/uttec/ncs/nrfxlib/softdevice_controller/lib/nrf52/soft-float/libsoftdevice_controller_central.a(libsoftdevice_controller_s123_debug_soft__obfuscated.elf)
                0x000072dc                sym_WD6EQ3FQVKOAARDWHQJJC5SVKHQS7A2MF5YDCPA
 .text          0x000072f8       0x1c /home/uttec/ncs/nrfxlib/softdevice_controller/lib/nrf52/soft-float/libsoftdevice_controller_central.a(libsoftdevice_controller_s123_debug_soft__obfuscated.elf)
                0x000072f8                sym_WGW6HZ6PNLYQSUJALICWZO27AY5UJWYCU6B6ACI
 .text          0x00007314       0x34 /home/uttec/ncs/nrfxlib/softdevice_controller/lib/nrf52/soft-float/libsoftdevice_controller_central.a(libsoftdevice_controller_s123_debug_soft__obfuscated.elf)
                0x00007314                sym_7VLVVPDI26BVJ64XQBSGXOQYGQA4VH5APIPDGYA
 .text          0x00007348       0x38 /home/uttec/ncs/nrfxlib/softdevice_controller/lib/nrf52/soft-float/libsoftdevice_controller_central.a(libsoftdevice_controller_s123_debug_soft__obfuscated.elf)
                0x00007348                sym_55XNA7W2CQFJPCH62ZAKHLPISYHJ7KMNREEN6EA
 .text          0x00007380       0xa0 /home/uttec/ncs/nrfxlib/softdevice_controller/lib/nrf52/soft-float/libsoftdevice_controller_central.a(libsoftdevice_controller_s123_debug_soft__obfuscated.elf)
                0x00007380                sym_472GCM45ITLH5GOXITRUEUJXOU6SPVHTMEVFHWQ
 .text          0x00007420        0xc /home/uttec/ncs/nrfxlib/mpsl/fem/common/lib/nrf52/soft-float/libmpsl_fem_common.a(libmpsl_fem_common_debug_soft__obfuscated.elf)
                0x00007420                mpsl_fem_enable
 .text          0x0000742c        0xc /home/uttec/ncs/nrfxlib/mpsl/fem/common/lib/nrf52/soft-float/libmpsl_fem_common.a(libmpsl_fem_common_debug_soft__obfuscated.elf)
                0x0000742c                mpsl_fem_disable
 .text          0x00007438        0xc /home/uttec/ncs/nrfxlib/mpsl/fem/common/lib/nrf52/soft-float/libmpsl_fem_common.a(libmpsl_fem_common_debug_soft__obfuscated.elf)
                0x00007438                mpsl_fem_pa_configuration_set
 .text          0x00007444        0xc /home/uttec/ncs/nrfxlib/mpsl/fem/common/lib/nrf52/soft-float/libmpsl_fem_common.a(libmpsl_fem_common_debug_soft__obfuscated.elf)
                0x00007444                mpsl_fem_lna_configuration_set
 .text          0x00007450        0xc /home/uttec/ncs/nrfxlib/mpsl/fem/common/lib/nrf52/soft-float/libmpsl_fem_common.a(libmpsl_fem_common_debug_soft__obfuscated.elf)
                0x00007450                mpsl_fem_pa_configuration_clear
 .text          0x0000745c        0xc /home/uttec/ncs/nrfxlib/mpsl/fem/common/lib/nrf52/soft-float/libmpsl_fem_common.a(libmpsl_fem_common_debug_soft__obfuscated.elf)
                0x0000745c                mpsl_fem_lna_configuration_clear
 .text          0x00007468        0xc /home/uttec/ncs/nrfxlib/mpsl/fem/common/lib/nrf52/soft-float/libmpsl_fem_common.a(libmpsl_fem_common_debug_soft__obfuscated.elf)
                0x00007468                mpsl_fem_pa_power_control_set
 .text          0x00007474       0x14 /home/uttec/ncs/nrfxlib/mpsl/fem/common/lib/nrf52/soft-float/libmpsl_fem_common.a(libmpsl_fem_common_debug_soft__obfuscated.elf)
                0x00007474                mpsl_fem_tx_power_split
 .text          0x00007488        0xc /home/uttec/ncs/nrfxlib/mpsl/fem/common/lib/nrf52/soft-float/libmpsl_fem_common.a(libmpsl_fem_common_debug_soft__obfuscated.elf)
                0x00007488                mpsl_fem_device_config_254_apply_get
 .text          0x00007494       0x44 /home/uttec/ncs/nrfxlib/mpsl/fem/common/lib/nrf52/soft-float/libmpsl_fem_common.a(libmpsl_fem_common_debug_soft__obfuscated.elf)
                0x00007494                mpsl_fem_utils_available_cc_channels_cache
 .text          0x000074d8        0xc /home/uttec/ncs/nrfxlib/mpsl/lib/nrf52/soft-float/libmpsl.a(libmpsl_debug_soft__obfuscated.elf)
                0x000074d8                sym_3NUECOSAIC227DBCPHAP4U7EQ3UBTGANU5ASIOA
 .text          0x000074e4       0x34 /home/uttec/ncs/nrfxlib/mpsl/lib/nrf52/soft-float/libmpsl.a(libmpsl_debug_soft__obfuscated.elf)
                0x000074e4                sym_QLJBNB55XHXGY3EZ4W3ZZ3U6AVPE2YGDOXRUZSQ
 .text          0x00007518       0x54 /home/uttec/ncs/nrfxlib/mpsl/lib/nrf52/soft-float/libmpsl.a(libmpsl_debug_soft__obfuscated.elf)
                0x00007518                sym_VWOYI7XCNXBFVPWSS6WFJ2CWKPJYCMRRQTU7QWQ
 .text          0x0000756c       0x20 /home/uttec/ncs/nrfxlib/mpsl/lib/nrf52/soft-float/libmpsl.a(libmpsl_debug_soft__obfuscated.elf)
                0x0000756c                mpsl_tx_power_radio_supported_power_adjust
 .text          0x0000758c       0x80 /home/uttec/ncs/nrfxlib/mpsl/lib/nrf52/soft-float/libmpsl.a(libmpsl_debug_soft__obfuscated.elf)
                0x0000758c                sym_JBMIQXYLJQQB56KLSIZ2WVKBMEMRZHLRBGLEPTA
 .text          0x0000760c       0x18 /home/uttec/ncs/nrfxlib/mpsl/lib/nrf52/soft-float/libmpsl.a(libmpsl_debug_soft__obfuscated.elf)
                0x0000760c                sym_XK3TMLCZALCYYWGULGHQIRSOBMPIIPJ7HEMOZIQ
 .text          0x00007624        0xc /home/uttec/ncs/nrfxlib/mpsl/lib/nrf52/soft-float/libmpsl.a(libmpsl_debug_soft__obfuscated.elf)
                0x00007624                sym_PIRI3CTIHOPR5MPDQRHBJRRZEA2NVOD4J3GXGOA
 .text          0x00007630       0x1c /home/uttec/ncs/nrfxlib/mpsl/lib/nrf52/soft-float/libmpsl.a(libmpsl_debug_soft__obfuscated.elf)
                0x00007630                sym_LIY23QT3GHIV7NCGJ6ZW6LB2ZUSI56CIFCL6HUY
 .text          0x0000764c       0x30 /home/uttec/ncs/nrfxlib/mpsl/lib/nrf52/soft-float/libmpsl.a(libmpsl_debug_soft__obfuscated.elf)
                0x0000764c                sym_V4BKJ3JML36CWEOV3IXWZR6UWSBWXTXWM2DI3TY
 .text          0x0000767c       0x10 /home/uttec/ncs/nrfxlib/mpsl/lib/nrf52/soft-float/libmpsl.a(libmpsl_debug_soft__obfuscated.elf)
                0x0000767c                sym_KOE6VAFEEMU6WWJIX2YPZ4GY7B7U3D4BFIDGCKQ
 .text          0x0000768c       0x14 /home/uttec/ncs/nrfxlib/mpsl/lib/nrf52/soft-float/libmpsl.a(libmpsl_debug_soft__obfuscated.elf)
                0x0000768c                sym_3SZAYBC5OCNQZBIVUZYG7A3DU4BAGVEUO2Y2ZRA
 .text          0x000076a0        0xc /home/uttec/ncs/nrfxlib/mpsl/lib/nrf52/soft-float/libmpsl.a(libmpsl_debug_soft__obfuscated.elf)
                0x000076a0                sym_2KMHJG6IWTS4F37J76OPGV6TB6CGBJE6GPXD32Q
 .text          0x000076ac        0xc /home/uttec/ncs/nrfxlib/mpsl/lib/nrf52/soft-float/libmpsl.a(libmpsl_debug_soft__obfuscated.elf)
                0x000076ac                sym_4NCCWTMBQU3U24NGOPOJYU4GP7PEJI4KR44Q5XI
 .text          0x000076b8       0x28 /home/uttec/ncs/nrfxlib/mpsl/lib/nrf52/soft-float/libmpsl.a(libmpsl_debug_soft__obfuscated.elf)
                0x000076b8                sym_ZA5SDIYL3AVNDD7AHK7E7AUJI3LEYUOUHLD4V7A
 .text          0x000076e0       0x34 /home/uttec/ncs/nrfxlib/mpsl/lib/nrf52/soft-float/libmpsl.a(libmpsl_debug_soft__obfuscated.elf)
 .text          0x00007714       0x34 /home/uttec/ncs/nrfxlib/mpsl/lib/nrf52/soft-float/libmpsl.a(libmpsl_debug_soft__obfuscated.elf)
                0x00007714                sym_BRWWBUSI76W7RNK4752SPUHXUPDEXM36TXJBBPY
 .text          0x00007748       0x10 /home/uttec/ncs/nrfxlib/mpsl/lib/nrf52/soft-float/libmpsl.a(libmpsl_debug_soft__obfuscated.elf)
                0x00007748                sym_SDHO22NE7WQFGQ4CQJRIJINUULFKMZETRQXV3VQ
 .text          0x00007758       0x78 /home/uttec/ncs/nrfxlib/mpsl/lib/nrf52/soft-float/libmpsl.a(libmpsl_debug_soft__obfuscated.elf)
                0x00007758                sym_PPHZHUJXI7LPAEI5QUASSIIGHAIVT4H7EME7O3Y
 .text          0x000077d0       0xf0 /home/uttec/ncs/nrfxlib/mpsl/lib/nrf52/soft-float/libmpsl.a(libmpsl_debug_soft__obfuscated.elf)
                0x000077d0                MPSL_IRQ_CLOCK_Handler
 .text          0x000078c0       0x1c /home/uttec/ncs/nrfxlib/mpsl/lib/nrf52/soft-float/libmpsl.a(libmpsl_debug_soft__obfuscated.elf)
                0x000078c0                sym_76IVKPQMZOZ7IXNJTGMWOSIWIVCASAX3TTNHN7I
 .text          0x000078dc      0x258 /home/uttec/ncs/nrfxlib/mpsl/lib/nrf52/soft-float/libmpsl.a(libmpsl_debug_soft__obfuscated.elf)
                0x000078dc                sym_GYXW4XY25R4ELPOOTEBFKAUAI3X7A5AGZZV7OTI
 .text          0x00007b34       0x44 /home/uttec/ncs/nrfxlib/mpsl/lib/nrf52/soft-float/libmpsl.a(libmpsl_debug_soft__obfuscated.elf)
                0x00007b34                sym_YHVCZX2JW2WJF77BGOWGQVSUJFQZOE2VIV4ZMVI
 .text          0x00007b78       0x2c /home/uttec/ncs/nrfxlib/mpsl/lib/nrf52/soft-float/libmpsl.a(libmpsl_debug_soft__obfuscated.elf)
                0x00007b78                mpsl_clock_hfclk_request
 .text          0x00007ba4       0x28 /home/uttec/ncs/nrfxlib/mpsl/lib/nrf52/soft-float/libmpsl.a(libmpsl_debug_soft__obfuscated.elf)
                0x00007ba4                mpsl_clock_hfclk_release
 .text          0x00007bcc        0xc /home/uttec/ncs/nrfxlib/mpsl/lib/nrf52/soft-float/libmpsl.a(libmpsl_debug_soft__obfuscated.elf)
                0x00007bcc                sym_PEUB6CZG5CWXXD4M2S6OVBXZGDFOG4XII7USUDQ
 .text          0x00007bd8        0xc /home/uttec/ncs/nrfxlib/mpsl/lib/nrf52/soft-float/libmpsl.a(libmpsl_debug_soft__obfuscated.elf)
                0x00007bd8                sym_AF5XKA2WT4DMFZTLKHOBWE7E2EZAMLDDFPQGGTQ
 .text          0x00007be4        0xc /home/uttec/ncs/nrfxlib/mpsl/lib/nrf52/soft-float/libmpsl.a(libmpsl_debug_soft__obfuscated.elf)
                0x00007be4                sym_DCDRLVBT43ANSLX3KNDZ4TST3Z3CVWXAQQUSXQQ
 .text          0x00007bf0       0x14 /home/uttec/ncs/nrfxlib/mpsl/lib/nrf52/soft-float/libmpsl.a(libmpsl_debug_soft__obfuscated.elf)
                0x00007bf0                sym_ETIE3PCEXQYLK2GIVZENQ6V7PLBRV57MB7BDMNY
 .text          0x00007c04       0x14 /home/uttec/ncs/nrfxlib/mpsl/lib/nrf52/soft-float/libmpsl.a(libmpsl_debug_soft__obfuscated.elf)
                0x00007c04                sym_V2LWAK3UGHIHIFJ4K55BIZCBUII6XKZXLFYUXTY
 .text          0x00007c18       0x10 /home/uttec/ncs/nrfxlib/mpsl/lib/nrf52/soft-float/libmpsl.a(libmpsl_debug_soft__obfuscated.elf)
                0x00007c18                sym_A4JUKJUCTJV55V2WD6TXU63VO5GAMB4XA4EE56Q
 .text          0x00007c28        0xc /home/uttec/ncs/nrfxlib/mpsl/lib/nrf52/soft-float/libmpsl.a(libmpsl_debug_soft__obfuscated.elf)
                0x00007c28                sym_4PX37LW4KIUYQZ73JWLPH5GAGIRWAKTV3E6F62Q
 .text          0x00007c34       0x70 /home/uttec/ncs/nrfxlib/mpsl/lib/nrf52/soft-float/libmpsl.a(libmpsl_debug_soft__obfuscated.elf)
                0x00007c34                sym_FYHKZOVAJN6VDDHY43FT7PF4YLRDHWRTEWHFG6I
 .text          0x00007ca4       0x20 /home/uttec/ncs/nrfxlib/mpsl/lib/nrf52/soft-float/libmpsl.a(libmpsl_debug_soft__obfuscated.elf)
                0x00007ca4                mpsl_clock_hfclk_latency_set
 .text          0x00007cc4        0xc /home/uttec/ncs/nrfxlib/mpsl/lib/nrf52/soft-float/libmpsl.a(libmpsl_debug_soft__obfuscated.elf)
                0x00007cc4                sym_SKFSQME5SGNPYLL7B75KY7PHXFYWSRI2HSTT45A
 .text          0x00007cd0       0x1c /home/uttec/ncs/nrfxlib/mpsl/lib/nrf52/soft-float/libmpsl.a(libmpsl_debug_soft__obfuscated.elf)