Archive member included to satisfy reference by file (symbol)

app/libapp.a(main.c.obj)      (--whole-archive)
zephyr/libzephyr.a(heap.c.obj)
                              (--whole-archive)
zephyr/libzephyr.a(cbprintf_packaged.c.obj)
                              (--whole-archive)
zephyr/libzephyr.a(printk.c.obj)
                              (--whole-archive)
zephyr/libzephyr.a(sem.c.obj)
                              (--whole-archive)
zephyr/libzephyr.a(thread_entry.c.obj)
                              (--whole-archive)
zephyr/libzephyr.a(cbprintf_complete.c.obj)
                              (--whole-archive)
zephyr/libzephyr.a(assert.c.obj)
                              (--whole-archive)
zephyr/libzephyr.a(dec.c.obj)
                              (--whole-archive)
zephyr/libzephyr.a(hex.c.obj)
                              (--whole-archive)
zephyr/libzephyr.a(rb.c.obj)  (--whole-archive)
zephyr/libzephyr.a(timeutil.c.obj)
                              (--whole-archive)
zephyr/libzephyr.a(bitarray.c.obj)
                              (--whole-archive)
zephyr/libzephyr.a(onoff.c.obj)
                              (--whole-archive)
zephyr/libzephyr.a(notify.c.obj)
                              (--whole-archive)
zephyr/libzephyr.a(last_section_id.c.obj)
                              (--whole-archive)
zephyr/libzephyr.a(configs.c.obj)
                              (--whole-archive)
zephyr/libzephyr.a(mem_attr.c.obj)
                              (--whole-archive)
zephyr/libzephyr.a(tracing_none.c.obj)
                              (--whole-archive)
zephyr/libzephyr.a(banner.c.obj)
                              (--whole-archive)
zephyr/libzephyr.a(flash_map_partition_manager.c.obj)
                              (--whole-archive)
zephyr/libzephyr.a(nrf_cc3xx_platform_abort_zephyr.c.obj)
                              (--whole-archive)
zephyr/libzephyr.a(nrf_cc3xx_platform_mutex_zephyr.c.obj)
                              (--whole-archive)
zephyr/arch/common/libarch__common.a(sw_isr_common.c.obj)
                              (--whole-archive)
zephyr/arch/arch/arm/core/libarch__arm__core.a(fatal.c.obj)
                              (--whole-archive)
zephyr/arch/arch/arm/core/libarch__arm__core.a(nmi.c.obj)
                              (--whole-archive)
zephyr/arch/arch/arm/core/libarch__arm__core.a(nmi_on_reset.S.obj)
                              (--whole-archive)
zephyr/arch/arch/arm/core/cortex_m/libarch__arm__core__cortex_m.a(exc_exit.c.obj)
                              (--whole-archive)
zephyr/arch/arch/arm/core/cortex_m/libarch__arm__core__cortex_m.a(fault.c.obj)
                              (--whole-archive)
zephyr/arch/arch/arm/core/cortex_m/libarch__arm__core__cortex_m.a(fault_s.S.obj)
                              (--whole-archive)
zephyr/arch/arch/arm/core/cortex_m/libarch__arm__core__cortex_m.a(fpu.c.obj)
                              (--whole-archive)
zephyr/arch/arch/arm/core/cortex_m/libarch__arm__core__cortex_m.a(reset.S.obj)
                              (--whole-archive)
zephyr/arch/arch/arm/core/cortex_m/libarch__arm__core__cortex_m.a(scb.c.obj)
                              (--whole-archive)
zephyr/arch/arch/arm/core/cortex_m/libarch__arm__core__cortex_m.a(thread_abort.c.obj)
                              (--whole-archive)
zephyr/arch/arch/arm/core/cortex_m/libarch__arm__core__cortex_m.a(vector_table.S.obj)
                              (--whole-archive)
zephyr/arch/arch/arm/core/cortex_m/libarch__arm__core__cortex_m.a(swap_helper.S.obj)
                              (--whole-archive)
zephyr/arch/arch/arm/core/cortex_m/libarch__arm__core__cortex_m.a(irq_manage.c.obj)
                              (--whole-archive)
zephyr/arch/arch/arm/core/cortex_m/libarch__arm__core__cortex_m.a(prep_c.c.obj)
                              (--whole-archive)
zephyr/arch/arch/arm/core/cortex_m/libarch__arm__core__cortex_m.a(thread.c.obj)
                              (--whole-archive)
zephyr/arch/arch/arm/core/cortex_m/libarch__arm__core__cortex_m.a(cpu_idle.c.obj)
                              (--whole-archive)
zephyr/arch/arch/arm/core/cortex_m/libarch__arm__core__cortex_m.a(irq_init.c.obj)
                              (--whole-archive)
zephyr/arch/arch/arm/core/cortex_m/libarch__arm__core__cortex_m.a(isr_wrapper.c.obj)
                              (--whole-archive)
zephyr/arch/arch/arm/core/mpu/libarch__arm__core__mpu.a(arm_core_mpu.c.obj)
                              (--whole-archive)
zephyr/arch/arch/arm/core/mpu/libarch__arm__core__mpu.a(arm_mpu.c.obj)
                              (--whole-archive)
zephyr/arch/arch/arm/core/mpu/libarch__arm__core__mpu.a(arm_mpu_regions.c.obj)
                              (--whole-archive)
zephyr/lib/libc/picolibc/liblib__libc__picolibc.a(assert.c.obj)
                              (--whole-archive)
zephyr/lib/libc/picolibc/liblib__libc__picolibc.a(cbprintf.c.obj)
                              (--whole-archive)
[...]
Memory Configuration

Name             Origin             Length             Attributes
FLASH            0x00000000         0x00100000         xr
RAM              0x20000000         0x00040000         xw
IDT_LIST         0xffff7fff         0x00008000         xw
*default*        0x00000000         0xffffffff

Linker script and memory map

LOAD zephyr/CMakeFiles/zephyr_pre0.dir/misc/empty_file.c.obj
LOAD zephyr/CMakeFiles/offsets.dir/./arch/arm/core/offsets/offsets.c.obj
LOAD app/libapp.a
LOAD zephyr/libzephyr.a
LOAD zephyr/arch/common/libarch__common.a
LOAD zephyr/arch/arch/arm/core/libarch__arm__core.a
LOAD zephyr/arch/arch/arm/core/cortex_m/libarch__arm__core__cortex_m.a
LOAD zephyr/arch/arch/arm/core/mpu/libarch__arm__core__mpu.a
LOAD zephyr/lib/libc/picolibc/liblib__libc__picolibc.a
LOAD zephyr/lib/libc/common/liblib__libc__common.a
LOAD zephyr/soc/soc/nrf52840/libsoc__nordic.a
LOAD zephyr/drivers/clock_control/libdrivers__clock_control.a
LOAD zephyr/drivers/console/libdrivers__console.a
LOAD zephyr/drivers/gpio/libdrivers__gpio.a
LOAD zephyr/drivers/pinctrl/libdrivers__pinctrl.a
LOAD zephyr/drivers/serial/libdrivers__serial.a
LOAD zephyr/drivers/timer/libdrivers__timer.a
LOAD modules/nrf/drivers/hw_cc3xx/lib..__nrf__drivers__hw_cc3xx.a
LOAD modules/hal_nordic/modules/hal_nordic/nrfx/libmodules__hal_nordic__nrfx.a
LOAD modules/segger/libmodules__segger.a
LOAD zephyr/kernel/libkernel.a
LOAD zephyr/arch/common/libisr_tables.a
LOAD /home/uttec/ncs/nrfxlib/crypto/nrf_cc310_platform/lib/cortex-m4/soft-float/no-interrupts/libnrf_cc310_platform_0.9.19.a
LOAD /home/uttec/revita/hwTest/serial_counter/build/serial_counter/modules/picolibc/libc.a
LOAD /home/uttec/gnuarmemb/bin/../lib/gcc/arm-none-eabi/14.2.1/thumb/v7e-m/nofp/libgcc.a
                0x00000020                        _region_min_align = 0x20

.rel.plt        0x00000000        0x0
 *(SORT_BY_ALIGNMENT(.rel.plt))
                [!provide]                        PROVIDE (__rel_iplt_start = .)
 *(SORT_BY_ALIGNMENT(.rel.iplt))
 .rel.iplt      0x00000000        0x0 app/libapp.a(main.c.obj)
                [!provide]                        PROVIDE (__rel_iplt_end = .)

.rela.plt       0x00000000        0x0
 *(SORT_BY_ALIGNMENT(.rela.plt))
                [!provide]                        PROVIDE (__rela_iplt_start = .)
 *(SORT_BY_ALIGNMENT(.rela.iplt))
                [!provide]                        PROVIDE (__rela_iplt_end = .)

.rel.dyn
 *(SORT_BY_ALIGNMENT(.rel.*))

.rela.dyn
 *(SORT_BY_ALIGNMENT(.rela.*))

/DISCARD/
 *(SORT_BY_ALIGNMENT(.plt))

/DISCARD/
 *(SORT_BY_ALIGNMENT(.iplt))
                0x00000000                        __rom_region_start = 0x0

rom_start       0x00000000      0x100
                0x00000000                        __rom_start_address = .
 FILL mask 0x00
                0x00000000                        . = (. + (0x0 - (. - __rom_start_address)))
                0x00000000                        . = ALIGN (0x4)
                0x00000000                        . = ALIGN (0x80)
                0x00000000                        . = ALIGN (0x100)
                0x00000000                        _vector_start = .
 *(SORT_BY_ALIGNMENT(.exc_vector_table))
 *(SORT_BY_ALIGNMENT(.exc_vector_table.*))
 .exc_vector_table._vector_table_section
                0x00000000       0x40 zephyr/arch/arch/arm/core/cortex_m/libarch__arm__core__cortex_m.a(vector_table.S.obj)
                0x00000000                _vector_table
 *(SORT_BY_ALIGNMENT(.vectors))
                0x00000100                        _vector_end = .
                0x00000040                        . = ALIGN (0x4)
 *(SORT_BY_ALIGNMENT(.gnu.linkonce.irq_vector_table*))
 .gnu.linkonce.irq_vector_table
                0x00000040       0xc0 zephyr/arch/common/libisr_tables.a(isr_tables.c.obj)
                0x00000040                _irq_vector_table
                0x00000100                        _vector_end = .

text            0x00000100     0x5040
                0x00000100                        __text_region_start = .
 *(SORT_BY_ALIGNMENT(.text))
 *(SORT_BY_ALIGNMENT(.text.*))
 .text.main     0x00000100       0x54 app/libapp.a(main.c.obj)
                0x00000100                main
 .text.char_out
                0x00000154        0xc zephyr/libzephyr.a(printk.c.obj)
 .text.__printk_hook_install
                0x00000160        0xc zephyr/libzephyr.a(printk.c.obj)
                0x00000160                __printk_hook_install
 .text.vprintk  0x0000016c       0x30 zephyr/libzephyr.a(printk.c.obj)
                0x0000016c                vprintk
 .text.process_event
                0x0000019c      0x1e8 zephyr/libzephyr.a(onoff.c.obj)
 .text.mem_attr_get_regions
                0x00000384        0xc zephyr/libzephyr.a(mem_attr.c.obj)
                0x00000384                mem_attr_get_regions
 .text.boot_banner
                0x00000390       0x1c zephyr/libzephyr.a(banner.c.obj)
                0x00000390                boot_banner
 .text.nrf_cc3xx_platform_abort_init
                0x000003ac        0xc zephyr/libzephyr.a(nrf_cc3xx_platform_abort_zephyr.c.obj)
                0x000003ac                nrf_cc3xx_platform_abort_init
 .text.mutex_free_platform
                0x000003b8       0x54 zephyr/libzephyr.a(nrf_cc3xx_platform_mutex_zephyr.c.obj)
 .text.mutex_lock_platform
                0x0000040c       0x60 zephyr/libzephyr.a(nrf_cc3xx_platform_mutex_zephyr.c.obj)
 .text.mutex_unlock_platform
                0x0000046c       0x58 zephyr/libzephyr.a(nrf_cc3xx_platform_mutex_zephyr.c.obj)
 .text.mutex_init_platform
                0x000004c4       0x94 zephyr/libzephyr.a(nrf_cc3xx_platform_mutex_zephyr.c.obj)
 .text.nrf_cc3xx_platform_mutex_init
                0x00000558       0x2c zephyr/libzephyr.a(nrf_cc3xx_platform_mutex_zephyr.c.obj)
                0x00000558                nrf_cc3xx_platform_mutex_init
 .text.z_SysNmiOnReset
                0x00000584        0x8 zephyr/arch/arch/arm/core/libarch__arm__core.a(nmi_on_reset.S.obj)
                0x00000584                z_SysNmiOnReset
 .text._HandlerModeExit
                0x0000058c       0x28 zephyr/arch/arch/arm/core/cortex_m/libarch__arm__core__cortex_m.a(exc_exit.c.obj)
                0x0000058c                z_arm_exc_exit
                0x0000058c                z_arm_int_exit
 .text.mem_manage_fault
                0x000005b4       0xa0 zephyr/arch/arch/arm/core/cortex_m/libarch__arm__core__cortex_m.a(fault.c.obj)
 .text.usage_fault.isra.0
                0x00000654       0x54 zephyr/arch/arch/arm/core/cortex_m/libarch__arm__core__cortex_m.a(fault.c.obj)
 .text.bus_fault.isra.0
                0x000006a8       0x6c zephyr/arch/arch/arm/core/cortex_m/libarch__arm__core__cortex_m.a(fault.c.obj)
 .text.z_arm_fault
                0x00000714      0x12c zephyr/arch/arch/arm/core/cortex_m/libarch__arm__core__cortex_m.a(fault.c.obj)
                0x00000714                z_arm_fault
 .text.z_arm_fault_init
                0x00000840       0x18 zephyr/arch/arch/arm/core/cortex_m/libarch__arm__core__cortex_m.a(fault.c.obj)
                0x00000840                z_arm_fault_init
 .text.__fault  0x00000858       0x14 zephyr/arch/arch/arm/core/cortex_m/libarch__arm__core__cortex_m.a(fault_s.S.obj)
                0x00000858                z_arm_bus_fault
                0x00000858                z_arm_usage_fault
                0x00000858                z_arm_mpu_fault
                0x00000858                z_arm_exc_spurious
                0x00000858                z_arm_debug_monitor
                0x00000858                z_arm_hard_fault
 .text._reset_section
                0x0000086c       0x54 zephyr/arch/arch/arm/core/cortex_m/libarch__arm__core__cortex_m.a(reset.S.obj)
                0x0000086c                z_arm_reset
                0x0000086c                __start
 .text.z_arm_clear_arm_mpu_config
                0x000008c0       0x24 zephyr/arch/arch/arm/core/cortex_m/libarch__arm__core__cortex_m.a(scb.c.obj)
                0x000008c0                z_arm_clear_arm_mpu_config
 .text.z_arm_init_arch_hw_at_boot
                0x000008e4       0x64 zephyr/arch/arch/arm/core/cortex_m/libarch__arm__core__cortex_m.a(scb.c.obj)
                0x000008e4                z_arm_init_arch_hw_at_boot
 .text.z_impl_k_thread_abort
                0x00000948       0x2c zephyr/arch/arch/arm/core/cortex_m/libarch__arm__core__cortex_m.a(thread_abort.c.obj)
                0x00000948                z_impl_k_thread_abort
 .text.z_arm_pendsv
                0x00000974       0x54 zephyr/arch/arch/arm/core/cortex_m/libarch__arm__core__cortex_m.a(swap_helper.S.obj)
                0x00000974                z_arm_pendsv
 .text.z_arm_svc
                0x000009c8       0x24 zephyr/arch/arch/arm/core/cortex_m/libarch__arm__core__cortex_m.a(swap_helper.S.obj)
                0x000009c8                z_arm_svc
 .text.arch_irq_enable
                0x000009ec       0x1c zephyr/arch/arch/arm/core/cortex_m/libarch__arm__core__cortex_m.a(irq_manage.c.obj)
                0x000009ec                arch_irq_enable
 .text.arch_irq_is_enabled
                0x00000a08       0x1c zephyr/arch/arch/arm/core/cortex_m/libarch__arm__core__cortex_m.a(irq_manage.c.obj)
                0x00000a08                arch_irq_is_enabled
 .text.z_arm_irq_priority_set
                0x00000a24       0x30 zephyr/arch/arch/arm/core/cortex_m/libarch__arm__core__cortex_m.a(irq_manage.c.obj)
                0x00000a24                z_arm_irq_priority_set
 .text.z_prep_c
                0x00000a54       0x38 zephyr/arch/arch/arm/core/cortex_m/libarch__arm__core__cortex_m.a(prep_c.c.obj)
                0x00000a54                z_prep_c
 .text.arch_new_thread
                0x00000a8c       0x38 zephyr/arch/arch/arm/core/cortex_m/libarch__arm__core__cortex_m.a(thread.c.obj)
                0x00000a8c                arch_new_thread
 .text.z_check_thread_stack_fail
                0x00000ac4       0x2c zephyr/arch/arch/arm/core/cortex_m/libarch__arm__core__cortex_m.a(thread.c.obj)
                0x00000ac4                z_check_thread_stack_fail
 .text.arch_switch_to_main_thread
                0x00000af0       0x34 zephyr/arch/arch/arm/core/cortex_m/libarch__arm__core__cortex_m.a(thread.c.obj)
                0x00000af0                arch_switch_to_main_thread
 .text.z_arm_cpu_idle_init
                0x00000b24        0xc zephyr/arch/arch/arm/core/cortex_m/libarch__arm__core__cortex_m.a(cpu_idle.c.obj)
                0x00000b24                z_arm_cpu_idle_init
 .text.z_arm_interrupt_init
                0x00000b30       0x18 zephyr/arch/arch/arm/core/cortex_m/libarch__arm__core__cortex_m.a(irq_init.c.obj)
                0x00000b30                z_arm_interrupt_init
 .text._isr_wrapper
                0x00000b48       0x24 zephyr/arch/arch/arm/core/cortex_m/libarch__arm__core__cortex_m.a(isr_wrapper.c.obj)
                0x00000b48                _isr_wrapper
 .text.z_arm_configure_static_mpu_regions
                0x00000b6c       0x18 zephyr/arch/arch/arm/core/mpu/libarch__arm__core__mpu.a(arm_core_mpu.c.obj)
                0x00000b6c                z_arm_configure_static_mpu_regions
 .text.z_arm_configure_dynamic_mpu_regions
                0x00000b84       0x20 zephyr/arch/arch/arm/core/mpu/libarch__arm__core__mpu.a(arm_core_mpu.c.obj)
                0x00000b84                z_arm_configure_dynamic_mpu_regions
 .text.region_init
                0x00000ba4       0x28 zephyr/arch/arch/arm/core/mpu/libarch__arm__core__mpu.a(arm_mpu.c.obj)
 .text.mpu_configure_regions
                0x00000bcc       0x6c zephyr/arch/arch/arm/core/mpu/libarch__arm__core__mpu.a(arm_mpu.c.obj)
 .text.arm_core_mpu_enable
                0x00000c38       0x18 zephyr/arch/arch/arm/core/mpu/libarch__arm__core__mpu.a(arm_mpu.c.obj)
                0x00000c38                arm_core_mpu_enable
 .text.arm_core_mpu_disable
                0x00000c50       0x14 zephyr/arch/arch/arm/core/mpu/libarch__arm__core__mpu.a(arm_mpu.c.obj)
                0x00000c50                arm_core_mpu_disable
 .text.arm_core_mpu_configure_static_mpu_regions
                0x00000c64       0x14 zephyr/arch/arch/arm/core/mpu/libarch__arm__core__mpu.a(arm_mpu.c.obj)
                0x00000c64                arm_core_mpu_configure_static_mpu_regions
 .text.arm_core_mpu_configure_dynamic_mpu_regions
                0x00000c78       0x38 zephyr/arch/arch/arm/core/mpu/libarch__arm__core__mpu.a(arm_mpu.c.obj)
                0x00000c78                arm_core_mpu_configure_dynamic_mpu_regions
 .text.z_arm_mpu_init
                0x00000cb0      0x164 zephyr/arch/arch/arm/core/mpu/libarch__arm__core__mpu.a(arm_mpu.c.obj)
                0x00000cb0                z_arm_mpu_init
 .text.z_impl_zephyr_fputc
                0x00000e14       0x10 zephyr/lib/libc/picolibc/liblib__libc__picolibc.a(stdio.c.obj)
                0x00000e14                z_impl_zephyr_fputc
 .text.__stdout_hook_install
                0x00000e24       0x18 zephyr/lib/libc/picolibc/liblib__libc__picolibc.a(stdio.c.obj)
                0x00000e24                __stdout_hook_install
 .text.malloc_prepare
                0x00000e3c       0x24 zephyr/lib/libc/common/liblib__libc__common.a(malloc.c.obj)
 .text.nordicsemi_nrf52_init
                0x00000e60       0x38 zephyr/soc/soc/nrf52840/libsoc__nordic.a(soc.c.obj)
 .text.arch_busy_wait
                0x00000e98       0x14 zephyr/soc/soc/nrf52840/libsoc__nordic.a(soc.c.obj)
                0x00000e98                arch_busy_wait
 .text.onoff_stop
                0x00000eac       0x30 zephyr/drivers/clock_control/libdrivers__clock_control.a(clock_control_nrf.c.obj)
 .text.onoff_start
                0x00000edc       0x44 zephyr/drivers/clock_control/libdrivers__clock_control.a(clock_control_nrf.c.obj)
 .text.clk_init
                0x00000f20       0x58 zephyr/drivers/clock_control/libdrivers__clock_control.a(clock_control_nrf.c.obj)
 .text.api_blocking_start
                0x00000f78       0x30 zephyr/drivers/clock_control/libdrivers__clock_control.a(clock_control_nrf.c.obj)
 .text.generic_hfclk_stop
                0x00000fa8       0x34 zephyr/drivers/clock_control/libdrivers__clock_control.a(clock_control_nrf.c.obj)
 .text.clkstarted_handle.constprop.0
                0x00000fdc       0x4c zephyr/drivers/clock_control/libdrivers__clock_control.a(clock_control_nrf.c.obj)
 .text.generic_hfclk_start
                0x00001028       0x78 zephyr/drivers/clock_control/libdrivers__clock_control.a(clock_control_nrf.c.obj)
 .text.clock_event_handler
                0x000010a0       0x1c zephyr/drivers/clock_control/libdrivers__clock_control.a(clock_control_nrf.c.obj)
 .text.z_nrf_clock_control_lf_on
                0x000010bc       0xfc zephyr/drivers/clock_control/libdrivers__clock_control.a(clock_control_nrf.c.obj)
                0x000010bc                z_nrf_clock_control_lf_on
 .text.uart_console_init
                0x000011b8       0x28 zephyr/drivers/console/libdrivers__console.a(uart_console.c.obj)
 .text.console_out
                0x000011e0       0x28 zephyr/drivers/console/libdrivers__console.a(uart_console.c.obj)
 .text.gpio_nrfx_init
                0x00001208       0x48 zephyr/drivers/gpio/libdrivers__gpio.a(gpio_nrfx.c.obj)
 .text.gpio_nrfx_pin_configure
                0x00001250      0x190 zephyr/drivers/gpio/libdrivers__gpio.a(gpio_nrfx.c.obj)
 .text.nrfx_gpio_handler
                0x000013e0       0x4c zephyr/drivers/gpio/libdrivers__gpio.a(gpio_nrfx.c.obj)
 .text.gpio_nrfx_pin_interrupt_configure
                0x0000142c      0x100 zephyr/drivers/gpio/libdrivers__gpio.a(gpio_nrfx.c.obj)
 .text.nrf_gpio_pin_port_decode
                0x0000152c       0x20 zephyr/drivers/pinctrl/libdrivers__pinctrl.a(pinctrl_nrf.c.obj)
 .text.pinctrl_configure_pins
                0x0000154c      0x198 zephyr/drivers/pinctrl/libdrivers__pinctrl.a(pinctrl_nrf.c.obj)
                0x0000154c                pinctrl_configure_pins
 .text.uarte_nrfx_poll_out
                0x000016e4       0xb4 zephyr/drivers/serial/libdrivers__serial.a(uart_nrfx_uarte.c.obj)
 .text.uarte_instance_init.constprop.0
                0x00001798       0xe4 zephyr/drivers/serial/libdrivers__serial.a(uart_nrfx_uarte.c.obj)
 .text.compare_int_lock
                0x0000187c       0x4c zephyr/drivers/timer/libdrivers__timer.a(nrf_rtc_timer.c.obj)
 .text.sys_clock_timeout_handler
                0x000018c8       0x48 zephyr/drivers/timer/libdrivers__timer.a(nrf_rtc_timer.c.obj)
 .text.compare_int_unlock
                0x00001910       0x5c zephyr/drivers/timer/libdrivers__timer.a(nrf_rtc_timer.c.obj)
 .text.z_nrf_rtc_timer_read
                0x0000196c       0x44 zephyr/drivers/timer/libdrivers__timer.a(nrf_rtc_timer.c.obj)
                0x0000196c                z_nrf_rtc_timer_read
 .text.compare_set
                0x000019b0      0x130 zephyr/drivers/timer/libdrivers__timer.a(nrf_rtc_timer.c.obj)
 .text.sys_clock_driver_init
                0x00001ae0       0x90 zephyr/drivers/timer/libdrivers__timer.a(nrf_rtc_timer.c.obj)
 .text.rtc_nrf_isr
                0x00001b70       0xd0 zephyr/drivers/timer/libdrivers__timer.a(nrf_rtc_timer.c.obj)
                0x00001b70                rtc_nrf_isr
 .text.sys_clock_set_timeout
                0x00001c40       0x5c zephyr/drivers/timer/libdrivers__timer.a(nrf_rtc_timer.c.obj)
                0x00001c40                sys_clock_set_timeout
 .text.sys_clock_elapsed
                0x00001c9c       0x14 zephyr/drivers/timer/libdrivers__timer.a(nrf_rtc_timer.c.obj)
                0x00001c9c                sys_clock_elapsed
 .text.nvmc_wait
                0x00001cb0       0x10 modules/hal_nordic/modules/hal_nordic/nrfx/libmodules__hal_nordic__nrfx.a(system_nrf52840.c.obj)
                0x00001cb0                nvmc_wait
 .text.SystemInit
                0x00001cc0      0x1ac modules/hal_nordic/modules/hal_nordic/nrfx/libmodules__hal_nordic__nrfx.a(system_nrf52840.c.obj)
                0x00001cc0                SystemInit
 .text.nrfx_flag32_alloc
                0x00001e6c       0x48 modules/hal_nordic/modules/hal_nordic/nrfx/libmodules__hal_nordic__nrfx.a(nrfx_flag32_allocator.c.obj)
                0x00001e6c                nrfx_flag32_alloc
 .text.nrfx_flag32_free
                0x00001eb4       0x40 modules/hal_nordic/modules/hal_nordic/nrfx/libmodules__hal_nordic__nrfx.a(nrfx_flag32_allocator.c.obj)
                0x00001eb4                nrfx_flag32_free
 .text.nrfx_gppi_channels_enable
                0x00001ef4        0xc modules/hal_nordic/modules/hal_nordic/nrfx/libmodules__hal_nordic__nrfx.a(nrfx_gppi_ppi.c.obj)
                0x00001ef4                nrfx_gppi_channels_enable
 .text.clock_stop
                0x00001f00       0xa0 modules/hal_nordic/modules/hal_nordic/nrfx/libmodules__hal_nordic__nrfx.a(nrfx_clock.c.obj)
 .text.nrfx_clock_init
                0x00001fa0       0x20 modules/hal_nordic/modules/hal_nordic/nrfx/libmodules__hal_nordic__nrfx.a(nrfx_clock.c.obj)
                0x00001fa0                nrfx_clock_init
 .text.nrfx_clock_enable
                0x00001fc0       0x24 modules/hal_nordic/modules/hal_nordic/nrfx/libmodules__hal_nordic__nrfx.a(nrfx_clock.c.obj)
                0x00001fc0                nrfx_clock_enable
 .text.nrfx_clock_start
                0x00001fe4       0xac modules/hal_nordic/modules/hal_nordic/nrfx/libmodules__hal_nordic__nrfx.a(nrfx_clock.c.obj)
                0x00001fe4                nrfx_clock_start
 .text.nrfx_power_clock_irq_handler
                0x00002090       0x7c modules/hal_nordic/modules/hal_nordic/nrfx/libmodules__hal_nordic__nrfx.a(nrfx_clock.c.obj)
                0x00002090                nrfx_power_clock_irq_handler
 .text.nrf_gpio_pin_port_decode
                0x0000210c       0x20 modules/hal_nordic/modules/hal_nordic/nrfx/libmodules__hal_nordic__nrfx.a(nrfx_gpiote.c.obj)
 .text.get_pin_idx
                0x0000212c       0x14 modules/hal_nordic/modules/hal_nordic/nrfx/libmodules__hal_nordic__nrfx.a(nrfx_gpiote.c.obj)
 .text.call_handler.constprop.0
                0x00002140       0x40 modules/hal_nordic/modules/hal_nordic/nrfx/libmodules__hal_nordic__nrfx.a(nrfx_gpiote.c.obj)
 .text.latch_pending_read_and_check
                0x00002180       0x40 modules/hal_nordic/modules/hal_nordic/nrfx/libmodules__hal_nordic__nrfx.a(nrfx_gpiote.c.obj)
 .text.release_handler.isra.0
                0x000021c0       0x58 modules/hal_nordic/modules/hal_nordic/nrfx/libmodules__hal_nordic__nrfx.a(nrfx_gpiote.c.obj)
 .text.pin_te_get.isra.0
                0x00002218       0x18 modules/hal_nordic/modules/hal_nordic/nrfx/libmodules__hal_nordic__nrfx.a(nrfx_gpiote.c.obj)
 .text.pin_in_use_by_te.isra.0
                0x00002230       0x18 modules/hal_nordic/modules/hal_nordic/nrfx/libmodules__hal_nordic__nrfx.a(nrfx_gpiote.c.obj)
 .text.__nrfy_internal_gpiote_events_process.constprop.0
                0x00002248       0x5c modules/hal_nordic/modules/hal_nordic/nrfx/libmodules__hal_nordic__nrfx.a(nrfx_gpiote.c.obj)
 .text.pin_is_input.isra.0
                0x000022a4       0x20 modules/hal_nordic/modules/hal_nordic/nrfx/libmodules__hal_nordic__nrfx.a(nrfx_gpiote.c.obj)
 .text.pin_uninit
                0x000022c4       0x80 modules/hal_nordic/modules/hal_nordic/nrfx/libmodules__hal_nordic__nrfx.a(nrfx_gpiote.c.obj)
 .text.nrfx_gpiote_input_configure
                0x00002344      0x16c modules/hal_nordic/modules/hal_nordic/nrfx/libmodules__hal_nordic__nrfx.a(nrfx_gpiote.c.obj)
                0x00002344                nrfx_gpiote_input_configure
 .text.nrfx_gpiote_output_configure
                0x000024b0       0xfc modules/hal_nordic/modules/hal_nordic/nrfx/libmodules__hal_nordic__nrfx.a(nrfx_gpiote.c.obj)
                0x000024b0                nrfx_gpiote_output_configure
 .text.nrfx_gpiote_global_callback_set
                0x000025ac        0xc modules/hal_nordic/modules/hal_nordic/nrfx/libmodules__hal_nordic__nrfx.a(nrfx_gpiote.c.obj)
                0x000025ac                nrfx_gpiote_global_callback_set
 .text.nrfx_gpiote_channel_get
                0x000025b8       0x34 modules/hal_nordic/modules/hal_nordic/nrfx/libmodules__hal_nordic__nrfx.a(nrfx_gpiote.c.obj)
                0x000025b8                nrfx_gpiote_channel_get
 .text.nrfx_gpiote_init
                0x000025ec       0x68 modules/hal_nordic/modules/hal_nordic/nrfx/libmodules__hal_nordic__nrfx.a(nrfx_gpiote.c.obj)
                0x000025ec                nrfx_gpiote_init
 .text.nrfx_gpiote_init_check
                0x00002654       0x14 modules/hal_nordic/modules/hal_nordic/nrfx/libmodules__hal_nordic__nrfx.a(nrfx_gpiote.c.obj)
                0x00002654                nrfx_gpiote_init_check
 .text.nrfx_gpiote_channel_free
                0x00002668        0xc modules/hal_nordic/modules/hal_nordic/nrfx/libmodules__hal_nordic__nrfx.a(nrfx_gpiote.c.obj)
                0x00002668                nrfx_gpiote_channel_free
 .text.nrfx_gpiote_channel_alloc
                0x00002674        0xc modules/hal_nordic/modules/hal_nordic/nrfx/libmodules__hal_nordic__nrfx.a(nrfx_gpiote.c.obj)
                0x00002674                nrfx_gpiote_channel_alloc
 .text.nrfx_gpiote_trigger_enable
                0x00002680       0xa8 modules/hal_nordic/modules/hal_nordic/nrfx/libmodules__hal_nordic__nrfx.a(nrfx_gpiote.c.obj)
                0x00002680                nrfx_gpiote_trigger_enable
 .text.nrfx_gpiote_0_irq_handler
                0x00002728      0x1ac modules/hal_nordic/modules/hal_nordic/nrfx/libmodules__hal_nordic__nrfx.a(nrfx_gpiote.c.obj)
                0x00002728                nrfx_gpiote_0_irq_handler
 .text.nrfx_ppi_channel_alloc
                0x000028d4        0xc modules/hal_nordic/modules/hal_nordic/nrfx/libmodules__hal_nordic__nrfx.a(nrfx_ppi.c.obj)
                0x000028d4                nrfx_ppi_channel_alloc
 .text._DoInit  0x000028e0       0x68 modules/segger/libmodules__segger.a(SEGGER_RTT.c.obj)
 .text.SEGGER_RTT_Init
                0x00002948       0x3c modules/segger/libmodules__segger.a(SEGGER_RTT.c.obj)
                0x00002948                SEGGER_RTT_Init
 .text.z_fatal_error
                0x00002984       0x30 zephyr/kernel/libkernel.a(fatal.c.obj)
                0x00002984                z_fatal_error
 .text.z_sys_init_run_level
                0x000029b4       0x2c zephyr/kernel/libkernel.a(init.c.obj)
 .text.bg_thread_main
                0x000029e0       0xc4 zephyr/kernel/libkernel.a(init.c.obj)
 .text.z_bss_zero
                0x00002aa4       0x18 zephyr/kernel/libkernel.a(init.c.obj)
                0x00002aa4                z_bss_zero
 .text.z_init_cpu
                0x00002abc       0x70 zephyr/kernel/libkernel.a(init.c.obj)
                0x00002abc                z_init_cpu
 .text.z_cstart
                0x00002b2c       0xd8 zephyr/kernel/libkernel.a(init.c.obj)
                0x00002b2c                z_cstart
 .text.init_mem_slab_obj_core_list
                0x00002c04       0x28 zephyr/kernel/libkernel.a(mem_slab.c.obj)
 .text.k_mem_slab_alloc
                0x00002c2c       0x5c zephyr/kernel/libkernel.a(mem_slab.c.obj)
                0x00002c2c                k_mem_slab_alloc
 .text.z_impl_k_mutex_lock
                0x00002c88       0xec zephyr/kernel/libkernel.a(mutex.c.obj)
                0x00002c88                z_impl_k_mutex_lock
 .text.z_impl_k_mutex_unlock
                0x00002d74       0xa0 zephyr/kernel/libkernel.a(mutex.c.obj)
                0x00002d74                z_impl_k_mutex_unlock
 .text.z_impl_k_sem_give
                0x00002e14       0x68 zephyr/kernel/libkernel.a(sem.c.obj)
                0x00002e14                z_impl_k_sem_give
 .text.z_impl_k_sem_take
                0x00002e7c       0x4c zephyr/kernel/libkernel.a(sem.c.obj)
                0x00002e7c                z_impl_k_sem_take
 .text.z_setup_new_thread
                0x00002ec8       0x7c zephyr/kernel/libkernel.a(thread.c.obj)
                0x00002ec8                z_setup_new_thread
 .text.z_swap_irqlock
                0x00002f44       0x30 zephyr/kernel/libkernel.a(sched.c.obj)
 .text.ready_thread
                0x00002f74       0x84 zephyr/kernel/libkernel.a(sched.c.obj)
 .text.unready_thread
                0x00002ff8       0x54 zephyr/kernel/libkernel.a(sched.c.obj)
 .text.move_thread_to_end_of_prio_q
                0x0000304c       0x8c zephyr/kernel/libkernel.a(sched.c.obj)
                0x0000304c                move_thread_to_end_of_prio_q
 .text.z_pend_curr
                0x000030d8       0x58 zephyr/kernel/libkernel.a(sched.c.obj)
                0x000030d8                z_pend_curr
 .text.z_thread_prio_set
                0x00003130       0x94 zephyr/kernel/libkernel.a(sched.c.obj)
                0x00003130                z_thread_prio_set
 .text.z_reschedule
                0x000031c4       0x24 zephyr/kernel/libkernel.a(sched.c.obj)
                0x000031c4                z_reschedule
 .text.z_reschedule_irqlock
                0x000031e8       0x28 zephyr/kernel/libkernel.a(sched.c.obj)
                0x000031e8                z_reschedule_irqlock
 .text.k_sched_lock
                0x00003210       0x28 zephyr/kernel/libkernel.a(sched.c.obj)
                0x00003210                k_sched_lock
 .text.k_sched_unlock
                0x00003238       0x68 zephyr/kernel/libkernel.a(sched.c.obj)
                0x00003238                k_sched_unlock
 .text.z_sched_init
                0x000032a0       0x10 zephyr/kernel/libkernel.a(sched.c.obj)
                0x000032a0                z_sched_init
 .text.z_impl_k_yield
                0x000032b0       0x84 zephyr/kernel/libkernel.a(sched.c.obj)
                0x000032b0                z_impl_k_yield
 .text.z_tick_sleep
                0x00003334       0x80 zephyr/kernel/libkernel.a(sched.c.obj)
 .text.z_impl_k_wakeup
                0x000033b4       0x4c zephyr/kernel/libkernel.a(sched.c.obj)
                0x000033b4                z_impl_k_wakeup
 .text.z_impl_k_sched_current_thread_query
                0x00003400        0xc zephyr/kernel/libkernel.a(sched.c.obj)
                0x00003400                z_impl_k_sched_current_thread_query
 .text.z_thread_abort
                0x0000340c      0x110 zephyr/kernel/libkernel.a(sched.c.obj)
                0x0000340c                z_thread_abort
 .text.slice_timeout
                0x0000351c       0x20 zephyr/kernel/libkernel.a(timeslicing.c.obj)
 .text.thread_is_sliceable
                0x0000353c       0x3c zephyr/kernel/libkernel.a(timeslicing.c.obj)
                0x0000353c                thread_is_sliceable
 .text.z_reset_time_slice
                0x00003578       0x50 zephyr/kernel/libkernel.a(timeslicing.c.obj)
                0x00003578                z_reset_time_slice
 .text.z_time_slice
                0x000035c8       0x60 zephyr/kernel/libkernel.a(timeslicing.c.obj)
                0x000035c8                z_time_slice
 .text.z_data_copy
                0x00003628       0x38 zephyr/kernel/libkernel.a(xip.c.obj)
                0x00003628                z_data_copy
 .text.first    0x00003660       0x10 zephyr/kernel/libkernel.a(timeout.c.obj)
 .text.elapsed  0x00003670       0x14 zephyr/kernel/libkernel.a(timeout.c.obj)
 .text.remove_timeout
                0x00003684       0x38 zephyr/kernel/libkernel.a(timeout.c.obj)
 .text.z_add_timeout
                0x000036bc       0xec zephyr/kernel/libkernel.a(timeout.c.obj)
                0x000036bc                z_add_timeout
 .text.sys_clock_announce
                0x000037a8       0xb8 zephyr/kernel/libkernel.a(timeout.c.obj)
                0x000037a8                sys_clock_announce
 .text.sys_clock_tick_get
                0x00003860       0x30 zephyr/kernel/libkernel.a(timeout.c.obj)
                0x00003860                sys_clock_tick_get
 .text.nrf_cc3xx_platform_init_no_rng
                0x00003890       0x38 /home/uttec/ncs/nrfxlib/crypto/nrf_cc310_platform/lib/cortex-m4/soft-float/no-interrupts/libnrf_cc310_platform_0.9.19.a(nrf_cc3xx_platform.c.obj)
                0x00003890                nrf_cc3xx_platform_init_no_rng
 .text.nrf_cc3xx_platform_abort
                0x000038c8       0x24 /home/uttec/ncs/nrfxlib/crypto/nrf_cc310_platform/lib/cortex-m4/soft-float/no-interrupts/libnrf_cc310_platform_0.9.19.a(nrf_cc3xx_platform_abort.c.obj)
 .text.CC_PalAbort
                0x000038ec       0x34 /home/uttec/ncs/nrfxlib/crypto/nrf_cc310_platform/lib/cortex-m4/soft-float/no-interrupts/libnrf_cc310_platform_0.9.19.a(nrf_cc3xx_platform_abort.c.obj)
                0x000038ec                CC_PalAbort
 .text.nrf_cc3xx_platform_set_abort
                0x00003920       0x10 /home/uttec/ncs/nrfxlib/crypto/nrf_cc310_platform/lib/cortex-m4/soft-float/no-interrupts/libnrf_cc310_platform_0.9.19.a(nrf_cc3xx_platform_abort.c.obj)
                0x00003920                nrf_cc3xx_platform_set_abort
 .text.mutex_free
                0x00003930       0x34 /home/uttec/ncs/nrfxlib/crypto/nrf_cc310_platform/lib/cortex-m4/soft-float/no-interrupts/libnrf_cc310_platform_0.9.19.a(nrf_cc3xx_platform_mutex.c.obj)
 .text.mutex_lock
                0x00003964       0x48 /home/uttec/ncs/nrfxlib/crypto/nrf_cc310_platform/lib/cortex-m4/soft-float/no-interrupts/libnrf_cc310_platform_0.9.19.a(nrf_cc3xx_platform_mutex.c.obj)
 .text.mutex_unlock
                0x000039ac       0x38 /home/uttec/ncs/nrfxlib/crypto/nrf_cc310_platform/lib/cortex-m4/soft-float/no-interrupts/libnrf_cc310_platform_0.9.19.a(nrf_cc3xx_platform_mutex.c.obj)
 .text.mutex_init
                0x000039e4       0x20 /home/uttec/ncs/nrfxlib/crypto/nrf_cc310_platform/lib/cortex-m4/soft-float/no-interrupts/libnrf_cc310_platform_0.9.19.a(nrf_cc3xx_platform_mutex.c.obj)
 .text.nrf_cc3xx_platform_set_mutexes
                0x00003a04       0x74 /home/uttec/ncs/nrfxlib/crypto/nrf_cc310_platform/lib/cortex-m4/soft-float/no-interrupts/libnrf_cc310_platform_0.9.19.a(nrf_cc3xx_platform_mutex.c.obj)
                0x00003a04                nrf_cc3xx_platform_set_mutexes
 .text.CC_LibInitNoRng
                0x00003a78       0x64 /home/uttec/ncs/nrfxlib/crypto/nrf_cc310_platform/lib/cortex-m4/soft-float/no-interrupts/libnrf_cc310_platform_0.9.19.a(cc_lib.c.obj)
                0x00003a78                CC_LibInitNoRng
 .text.CC_HalInit
                0x00003adc        0x4 /home/uttec/ncs/nrfxlib/crypto/nrf_cc310_platform/lib/cortex-m4/soft-float/no-interrupts/libnrf_cc310_platform_0.9.19.a(cc_hal.c.obj)
                0x00003adc                CC_HalInit
 .text.CC_HalTerminate
                0x00003ae0        0x4 /home/uttec/ncs/nrfxlib/crypto/nrf_cc310_platform/lib/cortex-m4/soft-float/no-interrupts/libnrf_cc310_platform_0.9.19.a(cc_hal.c.obj)
                0x00003ae0                CC_HalTerminate
 .text.CC_HalMaskInterrupt
                0x00003ae4        0xc /home/uttec/ncs/nrfxlib/crypto/nrf_cc310_platform/lib/cortex-m4/soft-float/no-interrupts/libnrf_cc310_platform_0.9.19.a(cc_hal.c.obj)
                0x00003ae4                CC_HalMaskInterrupt
 .text.CC_PalInit
                0x00003af0       0x5c /home/uttec/ncs/nrfxlib/crypto/nrf_cc310_platform/lib/cortex-m4/soft-float/no-interrupts/libnrf_cc310_platform_0.9.19.a(cc_pal.c.obj)
                0x00003af0                CC_PalInit
 .text.CC_PalTerminate
                0x00003b4c       0x34 /home/uttec/ncs/nrfxlib/crypto/nrf_cc310_platform/lib/cortex-m4/soft-float/no-interrupts/libnrf_cc310_platform_0.9.19.a(cc_pal.c.obj)
                0x00003b4c                CC_PalTerminate
 .text.CC_PalDmaInit
                0x00003b80        0x4 /home/uttec/ncs/nrfxlib/crypto/nrf_cc310_platform/lib/cortex-m4/soft-float/no-interrupts/libnrf_cc310_platform_0.9.19.a(cc_pal_dma.c.obj)
                0x00003b80                CC_PalDmaInit
 .text.CC_PalDmaTerminate
                0x00003b84        0x4 /home/uttec/ncs/nrfxlib/crypto/nrf_cc310_platform/lib/cortex-m4/soft-float/no-interrupts/libnrf_cc310_platform_0.9.19.a(cc_pal_dma.c.obj)
                0x00003b84                CC_PalDmaTerminate
 .text.CC_PalMutexCreate
                0x00003b88       0x14 /home/uttec/ncs/nrfxlib/crypto/nrf_cc310_platform/lib/cortex-m4/soft-float/no-interrupts/libnrf_cc310_platform_0.9.19.a(cc_pal_mutex.c.obj)
                0x00003b88                CC_PalMutexCreate
 .text.CC_PalMutexDestroy
                0x00003b9c       0x14 /home/uttec/ncs/nrfxlib/crypto/nrf_cc310_platform/lib/cortex-m4/soft-float/no-interrupts/libnrf_cc310_platform_0.9.19.a(cc_pal_mutex.c.obj)
                0x00003b9c                CC_PalMutexDestroy
 .text.CC_PalPowerSaveModeInit
                0x00003bb0       0x3c /home/uttec/ncs/nrfxlib/crypto/nrf_cc310_platform/lib/cortex-m4/soft-float/no-interrupts/libnrf_cc310_platform_0.9.19.a(cc_pal_pm.c.obj)
                0x00003bb0                CC_PalPowerSaveModeInit
 .text.CC_PalPowerSaveModeSelect
                0x00003bec       0x84 /home/uttec/ncs/nrfxlib/crypto/nrf_cc310_platform/lib/cortex-m4/soft-float/no-interrupts/libnrf_cc310_platform_0.9.19.a(cc_pal_pm.c.obj)
                0x00003bec                CC_PalPowerSaveModeSelect
 .text.snprintf
                0x00003c70       0x58 /home/uttec/revita/hwTest/serial_counter/build/serial_counter/modules/picolibc/libc.a(snprintf.c.obj)
                0x00003c70                snprintf
 .text.skip_to_arg
                0x00003cc8      0x120 /home/uttec/revita/hwTest/serial_counter/build/serial_counter/modules/picolibc/libc.a(vflprintf.c.obj)
 .text.vfprintf
                0x00003de8      0x538 /home/uttec/revita/hwTest/serial_counter/build/serial_counter/modules/picolibc/libc.a(vflprintf.c.obj)
                0x00003de8                __l_vfprintf
                0x00003de8                vfprintf
 .text._OffsetAbsSyms
                0x00004320        0x2 zephyr/CMakeFiles/offsets.dir/./arch/arm/core/offsets/offsets.c.obj
                0x00004320                _OffsetAbsSyms
 .text.uart_send_string
                0x00004322       0x18 app/libapp.a(main.c.obj)
 .text.chunk_field
                0x0000433a       0x16 zephyr/libzephyr.a(heap.c.obj)
 .text.chunk_set
                0x00004350       0x16 zephyr/libzephyr.a(heap.c.obj)
 .text.chunk_size
                0x00004366        0xc zephyr/libzephyr.a(heap.c.obj)
 .text.set_chunk_used
                0x00004372       0x30 zephyr/libzephyr.a(heap.c.obj)
 .text.set_chunk_size
                0x000043a2        0x8 zephyr/libzephyr.a(heap.c.obj)
 .text.bucket_idx.isra.0
                0x000043aa       0x12 zephyr/libzephyr.a(heap.c.obj)
 .text.free_list_add
                0x000043bc       0x84 zephyr/libzephyr.a(heap.c.obj)
 .text.sys_heap_init
                0x00004440       0xa4 zephyr/libzephyr.a(heap.c.obj)
                0x00004440                sys_heap_init
 .text.arch_printk_char_out
                0x000044e4        0x4 zephyr/libzephyr.a(printk.c.obj)
                0x000044e4                arch_printk_char_out
 .text.printk   0x000044e8       0x1a zephyr/libzephyr.a(printk.c.obj)
                0x000044e8                printk
 .text.z_thread_entry
                0x00004502       0x14 zephyr/libzephyr.a(thread_entry.c.obj)
                0x00004502                z_thread_entry
 .text.process_recheck
                0x00004516       0x38 zephyr/libzephyr.a(onoff.c.obj)
 .text.validate_args
                0x0000454e       0x20 zephyr/libzephyr.a(onoff.c.obj)
 .text.notify_one
                0x0000456e       0x2c zephyr/libzephyr.a(onoff.c.obj)
 .text.transition_complete
                0x0000459a       0x1a zephyr/libzephyr.a(onoff.c.obj)
 .text.onoff_manager_init
                0x000045b4       0x26 zephyr/libzephyr.a(onoff.c.obj)
                0x000045b4                onoff_manager_init
 .text.onoff_request
                0x000045da       0x96 zephyr/libzephyr.a(onoff.c.obj)
                0x000045da                onoff_request
 .text.sys_notify_validate
                0x00004670       0x22 zephyr/libzephyr.a(notify.c.obj)
                0x00004670                sys_notify_validate
 .text.sys_notify_finalize
                0x00004692       0x1a zephyr/libzephyr.a(notify.c.obj)
                0x00004692                sys_notify_finalize
 .text._ConfigAbsSyms
                0x000046ac        0x2 zephyr/libzephyr.a(configs.c.obj)
                0x000046ac                _ConfigAbsSyms
 .text.abort_function
                0x000046ae        0x2 zephyr/libzephyr.a(nrf_cc3xx_platform_abort_zephyr.c.obj)
 .text.z_arm_fatal_error
                0x000046b0        0xc zephyr/arch/arch/arm/core/libarch__arm__core.a(fatal.c.obj)
                0x000046b0                z_arm_fatal_error
 .text.z_do_kernel_oops
                0x000046bc        0x8 zephyr/arch/arch/arm/core/libarch__arm__core.a(fatal.c.obj)
                0x000046bc                z_do_kernel_oops
 .text.z_arm_nmi
                0x000046c4        0xe zephyr/arch/arch/arm/core/libarch__arm__core.a(nmi.c.obj)
                0x000046c4                z_arm_nmi
 .text.z_irq_spurious
                0x000046d2        0x8 zephyr/arch/arch/arm/core/cortex_m/libarch__arm__core__cortex_m.a(irq_manage.c.obj)
                0x000046d2                z_irq_spurious
 .text.arch_irq_unlock_outlined
                0x000046da        0xe zephyr/arch/arch/arm/core/cortex_m/libarch__arm__core__cortex_m.a(thread.c.obj)
                0x000046da                arch_irq_unlock_outlined
 .text.arch_cpu_idle
                0x000046e8       0x1a zephyr/arch/arch/arm/core/cortex_m/libarch__arm__core__cortex_m.a(cpu_idle.c.obj)
                0x000046e8                arch_cpu_idle
 .text.arch_cpu_atomic_idle
                0x00004702       0x1e zephyr/arch/arch/arm/core/cortex_m/libarch__arm__core__cortex_m.a(cpu_idle.c.obj)
                0x00004702                arch_cpu_atomic_idle
 .text.size_to_mpu_rasr_size
                0x00004720       0x20 zephyr/arch/arch/arm/core/mpu/libarch__arm__core__mpu.a(arm_mpu.c.obj)
 .text.picolibc_put
                0x00004740        0xa zephyr/lib/libc/picolibc/liblib__libc__picolibc.a(stdio.c.obj)
 .text.get_status
                0x0000474a       0x12 zephyr/drivers/clock_control/libdrivers__clock_control.a(clock_control_nrf.c.obj)
 .text.stop     0x0000475c       0x50 zephyr/drivers/clock_control/libdrivers__clock_control.a(clock_control_nrf.c.obj)
 .text.api_stop
                0x000047ac        0x6 zephyr/drivers/clock_control/libdrivers__clock_control.a(clock_control_nrf.c.obj)
 .text.async_start
                0x000047b2       0x60 zephyr/drivers/clock_control/libdrivers__clock_control.a(clock_control_nrf.c.obj)
 .text.api_start
                0x00004812        0xe zephyr/drivers/clock_control/libdrivers__clock_control.a(clock_control_nrf.c.obj)
 .text.onoff_started_callback
                0x00004820       0x12 zephyr/drivers/clock_control/libdrivers__clock_control.a(clock_control_nrf.c.obj)
 .text.lfclk_start
                0x00004832        0x6 zephyr/drivers/clock_control/libdrivers__clock_control.a(clock_control_nrf.c.obj)
 .text.lfclk_stop
                0x00004838        0x6 zephyr/drivers/clock_control/libdrivers__clock_control.a(clock_control_nrf.c.obj)
 .text.blocking_start_callback
                0x0000483e        0x6 zephyr/drivers/clock_control/libdrivers__clock_control.a(clock_control_nrf.c.obj)
 .text.gpio_nrfx_port_get_raw
                0x00004844        0xe zephyr/drivers/gpio/libdrivers__gpio.a(gpio_nrfx.c.obj)
 .text.gpio_nrfx_port_set_masked_raw
                0x00004852       0x18 zephyr/drivers/gpio/libdrivers__gpio.a(gpio_nrfx.c.obj)
 .text.gpio_nrfx_port_set_bits_raw
                0x0000486a        0xc zephyr/drivers/gpio/libdrivers__gpio.a(gpio_nrfx.c.obj)
 .text.gpio_nrfx_port_clear_bits_raw
                0x00004876        0xc zephyr/drivers/gpio/libdrivers__gpio.a(gpio_nrfx.c.obj)
 .text.gpio_nrfx_port_toggle_bits
                0x00004882       0x1a zephyr/drivers/gpio/libdrivers__gpio.a(gpio_nrfx.c.obj)
 .text.gpio_nrfx_manage_callback
                0x0000489c       0x54 zephyr/drivers/gpio/libdrivers__gpio.a(gpio_nrfx.c.obj)
 .text.pinctrl_lookup_state
                0x000048f0       0x26 zephyr/drivers/pinctrl/libdrivers__pinctrl.a(common.c.obj)
                0x000048f0                pinctrl_lookup_state
 .text.uarte_nrfx_err_check
                0x00004916        0xe zephyr/drivers/serial/libdrivers__serial.a(uart_nrfx_uarte.c.obj)
 .text.uarte_nrfx_poll_in
                0x00004924       0x26 zephyr/drivers/serial/libdrivers__serial.a(uart_nrfx_uarte.c.obj)
 .text.uarte_nrfx_fifo_read
                0x0000494a       0x28 zephyr/drivers/serial/libdrivers__serial.a(uart_nrfx_uarte.c.obj)
 .text.uarte_nrfx_irq_tx_enable
                0x00004972       0x34 zephyr/drivers/serial/libdrivers__serial.a(uart_nrfx_uarte.c.obj)
 .text.uarte_nrfx_irq_tx_disable
                0x000049a6       0x10 zephyr/drivers/serial/libdrivers__serial.a(uart_nrfx_uarte.c.obj)
 .text.uarte_nrfx_irq_tx_ready_complete
                0x000049b6       0x1e zephyr/drivers/serial/libdrivers__serial.a(uart_nrfx_uarte.c.obj)
 .text.uarte_nrfx_irq_rx_ready
                0x000049d4       0x10 zephyr/drivers/serial/libdrivers__serial.a(uart_nrfx_uarte.c.obj)
 .text.uarte_nrfx_irq_rx_enable
                0x000049e4        0xc zephyr/drivers/serial/libdrivers__serial.a(uart_nrfx_uarte.c.obj)
 .text.uarte_nrfx_irq_rx_disable
                0x000049f0        0xc zephyr/drivers/serial/libdrivers__serial.a(uart_nrfx_uarte.c.obj)
 .text.uarte_nrfx_irq_err_enable
                0x000049fc        0xe zephyr/drivers/serial/libdrivers__serial.a(uart_nrfx_uarte.c.obj)
 .text.uarte_nrfx_irq_err_disable
                0x00004a0a        0xe zephyr/drivers/serial/libdrivers__serial.a(uart_nrfx_uarte.c.obj)
 .text.uarte_nrfx_irq_is_pending
                0x00004a18       0x32 zephyr/drivers/serial/libdrivers__serial.a(uart_nrfx_uarte.c.obj)
 .text.uarte_nrfx_irq_update
                0x00004a4a        0x4 zephyr/drivers/serial/libdrivers__serial.a(uart_nrfx_uarte.c.obj)
 .text.uarte_nrfx_irq_callback_set
                0x00004a4e        0xc zephyr/drivers/serial/libdrivers__serial.a(uart_nrfx_uarte.c.obj)
 .text.is_tx_ready.isra.0
                0x00004a5a       0x20 zephyr/drivers/serial/libdrivers__serial.a(uart_nrfx_uarte.c.obj)
 .text.uarte_nrfx_isr_int
                0x00004a7a       0x88 zephyr/drivers/serial/libdrivers__serial.a(uart_nrfx_uarte.c.obj)
 .text.uarte_1_init
                0x00004b02       0x1e zephyr/drivers/serial/libdrivers__serial.a(uart_nrfx_uarte.c.obj)
 .text.uarte_0_init
                0x00004b20       0x1e zephyr/drivers/serial/libdrivers__serial.a(uart_nrfx_uarte.c.obj)
 .text.uarte_nrfx_fifo_fill
                0x00004b3e       0x92 zephyr/drivers/serial/libdrivers__serial.a(uart_nrfx_uarte.c.obj)
 .text.event_clear
                0x00004bd0       0x18 zephyr/drivers/timer/libdrivers__timer.a(nrf_rtc_timer.c.obj)
 .text.hw_cc3xx_init_internal
                0x00004be8        0x4 modules/nrf/drivers/hw_cc3xx/lib..__nrf__drivers__hw_cc3xx.a(hw_cc3xx.c.obj)
 .text.hw_cc3xx_init
                0x00004bec       0x12 modules/nrf/drivers/hw_cc3xx/lib..__nrf__drivers__hw_cc3xx.a(hw_cc3xx.c.obj)
 .text.nrf52_errata_98
                0x00004bfe       0x1a modules/hal_nordic/modules/hal_nordic/nrfx/libmodules__hal_nordic__nrfx.a(system_nrf52840.c.obj)
 .text.nrfx_isr
                0x00004c18        0x2 modules/hal_nordic/modules/hal_nordic/nrfx/libmodules__hal_nordic__nrfx.a(nrfx_glue.c.obj)
                0x00004c18                nrfx_isr
 .text.nrfx_busy_wait
                0x00004c1a        0x4 modules/hal_nordic/modules/hal_nordic/nrfx/libmodules__hal_nordic__nrfx.a(nrfx_glue.c.obj)
                0x00004c1a                nrfx_busy_wait
 .text.nrfx_gppi_channel_endpoints_setup
                0x00004c1e       0x14 modules/hal_nordic/modules/hal_nordic/nrfx/libmodules__hal_nordic__nrfx.a(nrfx_gppi_ppi.c.obj)
                0x00004c1e                nrfx_gppi_channel_endpoints_setup
 .text.nrfx_gppi_channel_alloc
                0x00004c32        0x4 modules/hal_nordic/modules/hal_nordic/nrfx/libmodules__hal_nordic__nrfx.a(nrfx_gppi_ppi.c.obj)
                0x00004c32                nrfx_gppi_channel_alloc
 .text.nrfx_clock_stop
                0x00004c36        0x4 modules/hal_nordic/modules/hal_nordic/nrfx/libmodules__hal_nordic__nrfx.a(nrfx_clock.c.obj)
                0x00004c36                nrfx_clock_stop
 .text.nrf_gpio_reconfigure
                0x00004c3a       0x92 modules/hal_nordic/modules/hal_nordic/nrfx/libmodules__hal_nordic__nrfx.a(nrfx_gpiote.c.obj)
 .text.nrf_gpio_cfg_sense_set
                0x00004ccc       0x1e modules/hal_nordic/modules/hal_nordic/nrfx/libmodules__hal_nordic__nrfx.a(nrfx_gpiote.c.obj)
 .text.pin_trigger_disable
                0x00004cea       0x46 modules/hal_nordic/modules/hal_nordic/nrfx/libmodules__hal_nordic__nrfx.a(nrfx_gpiote.c.obj)
 .text.nrfx_gpiote_pin_uninit
                0x00004d30        0x4 modules/hal_nordic/modules/hal_nordic/nrfx/libmodules__hal_nordic__nrfx.a(nrfx_gpiote.c.obj)
                0x00004d30                nrfx_gpiote_pin_uninit
 .text.nrfx_gpiote_trigger_disable
                0x00004d34        0x4 modules/hal_nordic/modules/hal_nordic/nrfx/libmodules__hal_nordic__nrfx.a(nrfx_gpiote.c.obj)
                0x00004d34                nrfx_gpiote_trigger_disable
 .text.rtt_init
                0x00004d38        0xa modules/segger/libmodules__segger.a(SEGGER_RTT_zephyr.c.obj)
 .text.z_impl_k_busy_wait
                0x00004d42        0x8 zephyr/kernel/libkernel.a(busy_wait.c.obj)
                0x00004d42                z_impl_k_busy_wait
 .text.z_device_state_init
                0x00004d4a        0x2 zephyr/kernel/libkernel.a(device.c.obj)
                0x00004d4a                z_device_state_init
 .text.z_impl_device_is_ready
                0x00004d4c       0x16 zephyr/kernel/libkernel.a(device.c.obj)
                0x00004d4c                z_impl_device_is_ready
 .text.arch_system_halt
                0x00004d62       0x10 zephyr/kernel/libkernel.a(fatal.c.obj)
                0x00004d62                arch_system_halt
 .text.k_sys_fatal_error_handler
                0x00004d72        0x6 zephyr/kernel/libkernel.a(fatal.c.obj)
                0x00004d72                k_sys_fatal_error_handler
 .text.do_device_init
                0x00004d78       0x30 zephyr/kernel/libkernel.a(init.c.obj)
 .text.z_early_memset
                0x00004da8        0x4 zephyr/kernel/libkernel.a(init.c.obj)
                0x00004da8                z_early_memset
 .text.z_early_memcpy
                0x00004dac        0x4 zephyr/kernel/libkernel.a(init.c.obj)
                0x00004dac                z_early_memcpy
 .text.z_init_static
                0x00004db0        0x2 zephyr/kernel/libkernel.a(init_static.c.obj)
                0x00004db0                z_init_static
 .text.create_free_list
                0x00004db2       0x34 zephyr/kernel/libkernel.a(mem_slab.c.obj)
 .text.k_mem_slab_init
                0x00004de6       0x1a zephyr/kernel/libkernel.a(mem_slab.c.obj)
                0x00004de6                k_mem_slab_init
 .text.k_mem_slab_free
                0x00004e00       0x6e zephyr/kernel/libkernel.a(mem_slab.c.obj)
                0x00004e00                k_mem_slab_free
 .text.idle     0x00004e6e       0x16 zephyr/kernel/libkernel.a(idle.c.obj)
                0x00004e6e                idle
 .text.adjust_owner_prio.isra.0
                0x00004e84       0x10 zephyr/kernel/libkernel.a(mutex.c.obj)
 .text.z_impl_k_mutex_init
                0x00004e94        0xe zephyr/kernel/libkernel.a(mutex.c.obj)
                0x00004e94                z_impl_k_mutex_init
 .text.k_is_in_isr
                0x00004ea2        0xc zephyr/kernel/libkernel.a(thread.c.obj)
                0x00004ea2                k_is_in_isr
 .text.sys_dlist_remove
                0x00004eae       0x10 zephyr/kernel/libkernel.a(sched.c.obj)
 .text.unpend_thread_no_timeout
                0x00004ebe       0x14 zephyr/kernel/libkernel.a(sched.c.obj)
 .text.add_to_waitq_locked
                0x00004ed2       0x4c zephyr/kernel/libkernel.a(sched.c.obj)
 .text.z_ready_thread
                0x00004f1e       0x1e zephyr/kernel/libkernel.a(sched.c.obj)
                0x00004f1e                z_ready_thread
 .text.z_sched_wake_thread
                0x00004f3c       0x3a zephyr/kernel/libkernel.a(sched.c.obj)
                0x00004f3c                z_sched_wake_thread
 .text.z_thread_timeout
                0x00004f76        0x8 zephyr/kernel/libkernel.a(sched.c.obj)
                0x00004f76                z_thread_timeout
 .text.z_impl_k_sleep
                0x00004f7e       0x32 zephyr/kernel/libkernel.a(sched.c.obj)
                0x00004f7e                z_impl_k_sleep
 .text.next_timeout
                0x00004fb0       0x32 zephyr/kernel/libkernel.a(timeout.c.obj)
 .text.z_abort_timeout
                0x00004fe2       0x42 zephyr/kernel/libkernel.a(timeout.c.obj)
                0x00004fe2                z_abort_timeout
 .text.sys_clock_tick_get_32
                0x00005024        0x8 zephyr/kernel/libkernel.a(timeout.c.obj)
                0x00005024                sys_clock_tick_get_32
 .text.memcpy   0x0000502c       0x1c /home/uttec/revita/hwTest/serial_counter/build/serial_counter/modules/picolibc/libc.a(memcpy.c.obj)
                0x0000502c                memcpy
                0x0000502c                __aeabi_memcpy
                0x0000502c                __aeabi_memcpy4
                0x0000502c                __aeabi_memcpy8
 .text.memset   0x00005048       0x10 /home/uttec/revita/hwTest/serial_counter/build/serial_counter/modules/picolibc/libc.a(memset.c.obj)
                0x00005048                memset
 .text.strnlen  0x00005058       0x18 /home/uttec/revita/hwTest/serial_counter/build/serial_counter/modules/picolibc/libc.a(strnlen.c.obj)
                0x00005058                strnlen
 .text.__ultoa_invert
                0x00005070       0xc0 /home/uttec/revita/hwTest/serial_counter/build/serial_counter/modules/picolibc/libc.a(vflprintf.c.obj)
 .text.__file_str_put
                0x00005130       0x10 /home/uttec/revita/hwTest/serial_counter/build/serial_counter/modules/picolibc/libc.a(filestrput.c.obj)
                0x00005130                __file_str_put
 *(SORT_BY_ALIGNMENT(.TEXT.*))
 *(SORT_BY_ALIGNMENT(.gnu.linkonce.t.*))
 *(SORT_BY_ALIGNMENT(.glue_7t))
 .glue_7t       0x00005140        0x0 linker stubs
 *(SORT_BY_ALIGNMENT(.glue_7))
 .glue_7        0x00005140        0x0 linker stubs
 *(SORT_BY_ALIGNMENT(.vfp11_veneer))
 .vfp11_veneer  0x00005140        0x0 linker stubs
 *(SORT_BY_ALIGNMENT(.v4_bx))
 .v4_bx         0x00005140        0x0 linker stubs
                0x00005140                        . = ALIGN (0x4)
                0x00005140                        __text_region_end = .

.ARM.exidx      0x00005140        0x0
                0x00005140                        __exidx_start = .
 *(SORT_BY_ALIGNMENT(.ARM.exidx*) SORT_BY_ALIGNMENT(gnu.linkonce.armexidx.*))
                0x00005140                        __exidx_end = .
                0x00005140                        __rodata_region_start = .

initlevel       0x00005140       0x68
                0x00005140                        __init_start = .
                0x00005140                        __init_EARLY_start = .
 *(SORT_BY_NAME(SORT_BY_ALIGNMENT(.z_init_EARLY?_*)))
 *(SORT_BY_NAME(SORT_BY_ALIGNMENT(.z_init_EARLY??_*)))
                0x00005140                        __init_PRE_KERNEL_1_start = .
 *(SORT_BY_NAME(SORT_BY_ALIGNMENT(.z_init_PRE_KERNEL_1?_*)))
 .z_init_PRE_KERNEL_10_0_
                0x00005140        0x8 zephyr/soc/soc/nrf52840/libsoc__nordic.a(soc.c.obj)
 *(SORT_BY_NAME(SORT_BY_ALIGNMENT(.z_init_PRE_KERNEL_1??_*)))
 .z_init_PRE_KERNEL_130_00075_
                0x00005148        0x8 zephyr/drivers/clock_control/libdrivers__clock_control.a(clock_control_nrf.c.obj)
 .z_init_PRE_KERNEL_130_0_
                0x00005150        0x8 modules/segger/libmodules__segger.a(SEGGER_RTT_zephyr.c.obj)
 .z_init_PRE_KERNEL_130_0_
                0x00005158        0x8 zephyr/kernel/libkernel.a(mem_slab.c.obj)
 .z_init_PRE_KERNEL_140_00011_
                0x00005160        0x8 zephyr/drivers/gpio/libdrivers__gpio.a(gpio_nrfx.c.obj)
 .z_init_PRE_KERNEL_140_00105_
                0x00005168        0x8 zephyr/drivers/gpio/libdrivers__gpio.a(gpio_nrfx.c.obj)
 .z_init_PRE_KERNEL_140_0_
                0x00005170        0x8 modules/nrf/drivers/hw_cc3xx/lib..__nrf__drivers__hw_cc3xx.a(hw_cc3xx.c.obj)
 .z_init_PRE_KERNEL_150_00113_
                0x00005178        0x8 zephyr/drivers/serial/libdrivers__serial.a(uart_nrfx_uarte.c.obj)
 .z_init_PRE_KERNEL_150_00114_
                0x00005180        0x8 zephyr/drivers/serial/libdrivers__serial.a(uart_nrfx_uarte.c.obj)
 .z_init_PRE_KERNEL_160_0_
                0x00005188        0x8 zephyr/drivers/console/libdrivers__console.a(uart_console.c.obj)
                0x00005190                        __init_PRE_KERNEL_2_start = .
 *(SORT_BY_NAME(SORT_BY_ALIGNMENT(.z_init_PRE_KERNEL_2?_*)))
 .z_init_PRE_KERNEL_20_0_
                0x00005190        0x8 zephyr/drivers/timer/libdrivers__timer.a(nrf_rtc_timer.c.obj)
 *(SORT_BY_NAME(SORT_BY_ALIGNMENT(.z_init_PRE_KERNEL_2??_*)))
                0x00005198                        __init_POST_KERNEL_start = .
 *(SORT_BY_NAME(SORT_BY_ALIGNMENT(.z_init_POST_KERNEL?_*)))
 *(SORT_BY_NAME(SORT_BY_ALIGNMENT(.z_init_POST_KERNEL??_*)))
 .z_init_POST_KERNEL35_0_
                0x00005198        0x8 zephyr/lib/libc/common/liblib__libc__common.a(malloc.c.obj)
 .z_init_POST_KERNEL40_0_
                0x000051a0        0x8 modules/nrf/drivers/hw_cc3xx/lib..__nrf__drivers__hw_cc3xx.a(hw_cc3xx.c.obj)
                0x000051a8                        __init_APPLICATION_start = .
 *(SORT_BY_NAME(SORT_BY_ALIGNMENT(.z_init_APPLICATION?_*)))
 *(SORT_BY_NAME(SORT_BY_ALIGNMENT(.z_init_APPLICATION??_*)))
                0x000051a8                        __init_SMP_start = .
 *(SORT_BY_NAME(SORT_BY_ALIGNMENT(.z_init_SMP?_*)))
 *(SORT_BY_NAME(SORT_BY_ALIGNMENT(.z_init_SMP??_*)))
                0x000051a8                        __init_end = .
                0x000051a8                        __deferred_init_list_start = .
 *(SORT_BY_ALIGNMENT(.z_deferred_init*))
                0x000051a8                        __deferred_init_list_end = .

device_area     0x000051a8       0x64
                0x000051a8                        _device_list_start = .
 *(SORT_BY_NAME(SORT_BY_ALIGNMENT(._device.static.*_?_*)))
 *(SORT_BY_NAME(SORT_BY_ALIGNMENT(._device.static.*_??_*)))
 ._device.static.1_30_
                0x000051a8       0x14 zephyr/drivers/clock_control/libdrivers__clock_control.a(clock_control_nrf.c.obj)
                0x000051a8                __device_dts_ord_75
 ._device.static.1_40_
                0x000051bc       0x28 zephyr/drivers/gpio/libdrivers__gpio.a(gpio_nrfx.c.obj)
                0x000051bc                __device_dts_ord_105
                0x000051d0                __device_dts_ord_11
 ._device.static.1_50_
                0x000051e4       0x28 zephyr/drivers/serial/libdrivers__serial.a(uart_nrfx_uarte.c.obj)
                0x000051e4                __device_dts_ord_114
                0x000051f8                __device_dts_ord_113
                0x0000520c                        _device_list_end = .

sw_isr_table    0x0000520c      0x180
                0x0000520c                        . = ALIGN (0x4)
 *(SORT_BY_ALIGNMENT(.gnu.linkonce.sw_isr_table*))
 .gnu.linkonce.sw_isr_table
                0x0000520c      0x180 zephyr/arch/common/libisr_tables.a(isr_tables.c.obj)
                0x0000520c                _sw_isr_table

initlevel_error
 *(SORT_BY_NAME(SORT_BY_ALIGNMENT(.z_init_[_A-Z0-9]*)))
                0x00000001                        ASSERT ((SIZEOF (initlevel_error) == 0x0), Undefined initialization levels used.)

app_shmem_regions
                0x0000538c        0x0
                0x0000538c                        __app_shmem_regions_start = .
 *(SORT_BY_NAME(SORT_BY_ALIGNMENT(.app_regions.*)))
                0x0000538c                        __app_shmem_regions_end = .

k_p4wq_initparam_area
                0x0000538c        0x0
                0x0000538c                        _k_p4wq_initparam_list_start = .
 *(SORT_BY_NAME(SORT_BY_ALIGNMENT(._k_p4wq_initparam.static.*)))
                0x0000538c                        _k_p4wq_initparam_list_end = .

_static_thread_data_area
                0x0000538c        0x0
                0x0000538c                        __static_thread_data_list_start = .
 *(SORT_BY_NAME(SORT_BY_ALIGNMENT(.__static_thread_data.static.*)))
                0x0000538c                        __static_thread_data_list_end = .

device_deps     0x0000538c        0x0
                0x0000538c                        __device_deps_start = .
 *(SORT_BY_NAME(SORT_BY_ALIGNMENT(.__device_deps_pass2*)))
                0x0000538c                        __device_deps_end = .

gpio_driver_api_area
                0x0000538c       0x24
                0x0000538c                        _gpio_driver_api_list_start = .
 *(SORT_BY_NAME(SORT_BY_ALIGNMENT(._gpio_driver_api.static.*)))
 ._gpio_driver_api.static.gpio_nrfx_drv_api_funcs_
                0x0000538c       0x24 zephyr/drivers/gpio/libdrivers__gpio.a(gpio_nrfx.c.obj)
                0x000053b0                        _gpio_driver_api_list_end = .

shared_irq_driver_api_area
                0x000053b0        0x0
                0x000053b0                        _shared_irq_driver_api_list_start = .
 *(SORT_BY_NAME(SORT_BY_ALIGNMENT(._shared_irq_driver_api.static.*)))
                0x000053b0                        _shared_irq_driver_api_list_end = .

crypto_driver_api_area
                0x000053b0        0x0
                0x000053b0                        _crypto_driver_api_list_start = .
 *(SORT_BY_NAME(SORT_BY_ALIGNMENT(._crypto_driver_api.static.*)))
                0x000053b0                        _crypto_driver_api_list_end = .

adc_driver_api_area
                0x000053b0        0x0
                0x000053b0                        _adc_driver_api_list_start = .
 *(SORT_BY_NAME(SORT_BY_ALIGNMENT(._adc_driver_api.static.*)))
                0x000053b0                        _adc_driver_api_list_end = .

auxdisplay_driver_api_area
                0x000053b0        0x0
                0x000053b0                        _auxdisplay_driver_api_list_start = .
 *(SORT_BY_NAME(SORT_BY_ALIGNMENT(._auxdisplay_driver_api.static.*)))
                0x000053b0                        _auxdisplay_driver_api_list_end = .

bbram_driver_api_area
                0x000053b0        0x0
                0x000053b0                        _bbram_driver_api_list_start = .
 *(SORT_BY_NAME(SORT_BY_ALIGNMENT(._bbram_driver_api.static.*)))
                0x000053b0                        _bbram_driver_api_list_end = .

bt_hci_driver_api_area
                0x000053b0        0x0
                0x000053b0                        _bt_hci_driver_api_list_start = .
 *(SORT_BY_NAME(SORT_BY_ALIGNMENT(._bt_hci_driver_api.static.*)))
                0x000053b0                        _bt_hci_driver_api_list_end = .

can_driver_api_area
                0x000053b0        0x0
                0x000053b0                        _can_driver_api_list_start = .
 *(SORT_BY_NAME(SORT_BY_ALIGNMENT(._can_driver_api.static.*)))
                0x000053b0                        _can_driver_api_list_end = .

cellular_driver_api_area
                0x000053b0        0x0
                0x000053b0                        _cellular_driver_api_list_start = .
 *(SORT_BY_NAME(SORT_BY_ALIGNMENT(._cellular_driver_api.static.*)))
                0x000053b0                        _cellular_driver_api_list_end = .

charger_driver_api_area
                0x000053b0        0x0
                0x000053b0                        _charger_driver_api_list_start = .
 *(SORT_BY_NAME(SORT_BY_ALIGNMENT(._charger_driver_api.static.*)))
                0x000053b0                        _charger_driver_api_list_end = .

clock_control_driver_api_area
                0x000053b0       0x1c
                0x000053b0                        _clock_control_driver_api_list_start = .
 *(SORT_BY_NAME(SORT_BY_ALIGNMENT(._clock_control_driver_api.static.*)))
 ._clock_control_driver_api.static.clock_control_api_
                0x000053b0       0x1c zephyr/drivers/clock_control/libdrivers__clock_control.a(clock_control_nrf.c.obj)
                0x000053cc                        _clock_control_driver_api_list_end = .

comparator_driver_api_area
                0x000053cc        0x0
                0x000053cc                        _comparator_driver_api_list_start = .
 *(SORT_BY_NAME(SORT_BY_ALIGNMENT(._comparator_driver_api.static.*)))
                0x000053cc                        _comparator_driver_api_list_end = .

coredump_driver_api_area
                0x000053cc        0x0
                0x000053cc                        _coredump_driver_api_list_start = .
 *(SORT_BY_NAME(SORT_BY_ALIGNMENT(._coredump_driver_api.static.*)))
                0x000053cc                        _coredump_driver_api_list_end = .

counter_driver_api_area
                0x000053cc        0x0
                0x000053cc                        _counter_driver_api_list_start = .
 *(SORT_BY_NAME(SORT_BY_ALIGNMENT(._counter_driver_api.static.*)))
                0x000053cc                        _counter_driver_api_list_end = .

dac_driver_api_area
                0x000053cc        0x0
                0x000053cc                        _dac_driver_api_list_start = .
 *(SORT_BY_NAME(SORT_BY_ALIGNMENT(._dac_driver_api.static.*)))
                0x000053cc                        _dac_driver_api_list_end = .

dai_driver_api_area
                0x000053cc        0x0
                0x000053cc                        _dai_driver_api_list_start = .
 *(SORT_BY_NAME(SORT_BY_ALIGNMENT(._dai_driver_api.static.*)))
                0x000053cc                        _dai_driver_api_list_end = .

display_driver_api_area
                0x000053cc        0x0
                0x000053cc                        _display_driver_api_list_start = .
 *(SORT_BY_NAME(SORT_BY_ALIGNMENT(._display_driver_api.static.*)))
                0x000053cc                        _display_driver_api_list_end = .

dma_driver_api_area
                0x000053cc        0x0
                0x000053cc                        _dma_driver_api_list_start = .
 *(SORT_BY_NAME(SORT_BY_ALIGNMENT(._dma_driver_api.static.*)))
                0x000053cc                        _dma_driver_api_list_end = .

edac_driver_api_area
                0x000053cc        0x0
                0x000053cc                        _edac_driver_api_list_start = .
 *(SORT_BY_NAME(SORT_BY_ALIGNMENT(._edac_driver_api.static.*)))
                0x000053cc                        _edac_driver_api_list_end = .

eeprom_driver_api_area
                0x000053cc        0x0
                0x000053cc                        _eeprom_driver_api_list_start = .
 *(SORT_BY_NAME(SORT_BY_ALIGNMENT(._eeprom_driver_api.static.*)))
                0x000053cc                        _eeprom_driver_api_list_end = .

emul_bbram_driver_api_area
                0x000053cc        0x0
                0x000053cc                        _emul_bbram_driver_api_list_start = .
 *(SORT_BY_NAME(SORT_BY_ALIGNMENT(._emul_bbram_driver_api.static.*)))
                0x000053cc                        _emul_bbram_driver_api_list_end = .

fuel_gauge_emul_driver_api_area
                0x000053cc        0x0
                0x000053cc                        _fuel_gauge_emul_driver_api_list_start = .
 *(SORT_BY_NAME(SORT_BY_ALIGNMENT(._fuel_gauge_emul_driver_api.static.*)))
                0x000053cc                        _fuel_gauge_emul_driver_api_list_end = .

emul_sensor_driver_api_area
                0x000053cc        0x0
                0x000053cc                        _emul_sensor_driver_api_list_start = .
 *(SORT_BY_NAME(SORT_BY_ALIGNMENT(._emul_sensor_driver_api.static.*)))
                0x000053cc                        _emul_sensor_driver_api_list_end = .

entropy_driver_api_area
                0x000053cc        0x0
                0x000053cc                        _entropy_driver_api_list_start = .
 *(SORT_BY_NAME(SORT_BY_ALIGNMENT(._entropy_driver_api.static.*)))
                0x000053cc                        _entropy_driver_api_list_end = .

espi_driver_api_area
                0x000053cc        0x0
                0x000053cc                        _espi_driver_api_list_start = .
 *(SORT_BY_NAME(SORT_BY_ALIGNMENT(._espi_driver_api.static.*)))
                0x000053cc                        _espi_driver_api_list_end = .

espi_saf_driver_api_area
                0x000053cc        0x0
                0x000053cc                        _espi_saf_driver_api_list_start = .
 *(SORT_BY_NAME(SORT_BY_ALIGNMENT(._espi_saf_driver_api.static.*)))
                0x000053cc                        _espi_saf_driver_api_list_end = .

flash_driver_api_area
                0x000053cc        0x0
                0x000053cc                        _flash_driver_api_list_start = .
 *(SORT_BY_NAME(SORT_BY_ALIGNMENT(._flash_driver_api.static.*)))
                0x000053cc                        _flash_driver_api_list_end = .

fpga_driver_api_area
                0x000053cc        0x0
                0x000053cc                        _fpga_driver_api_list_start = .
 *(SORT_BY_NAME(SORT_BY_ALIGNMENT(._fpga_driver_api.static.*)))
                0x000053cc                        _fpga_driver_api_list_end = .

fuel_gauge_driver_api_area
                0x000053cc        0x0
                0x000053cc                        _fuel_gauge_driver_api_list_start = .
 *(SORT_BY_NAME(SORT_BY_ALIGNMENT(._fuel_gauge_driver_api.static.*)))
                0x000053cc                        _fuel_gauge_driver_api_list_end = .

gnss_driver_api_area
                0x000053cc        0x0
                0x000053cc                        _gnss_driver_api_list_start = .
 *(SORT_BY_NAME(SORT_BY_ALIGNMENT(._gnss_driver_api.static.*)))
                0x000053cc                        _gnss_driver_api_list_end = .

haptics_driver_api_area
                0x000053cc        0x0
                0x000053cc                        _haptics_driver_api_list_start = .
 *(SORT_BY_NAME(SORT_BY_ALIGNMENT(._haptics_driver_api.static.*)))
                0x000053cc                        _haptics_driver_api_list_end = .

hwspinlock_driver_api_area
                0x000053cc        0x0
                0x000053cc                        _hwspinlock_driver_api_list_start = .
 *(SORT_BY_NAME(SORT_BY_ALIGNMENT(._hwspinlock_driver_api.static.*)))
                0x000053cc                        _hwspinlock_driver_api_list_end = .

i2c_driver_api_area
                0x000053cc        0x0
                0x000053cc                        _i2c_driver_api_list_start = .
 *(SORT_BY_NAME(SORT_BY_ALIGNMENT(._i2c_driver_api.static.*)))
                0x000053cc                        _i2c_driver_api_list_end = .

i2c_target_driver_api_area
                0x000053cc        0x0
                0x000053cc                        _i2c_target_driver_api_list_start = .
 *(SORT_BY_NAME(SORT_BY_ALIGNMENT(._i2c_target_driver_api.static.*)))
                0x000053cc                        _i2c_target_driver_api_list_end = .

i2s_driver_api_area
                0x000053cc        0x0
                0x000053cc                        _i2s_driver_api_list_start = .
 *(SORT_BY_NAME(SORT_BY_ALIGNMENT(._i2s_driver_api.static.*)))
                0x000053cc                        _i2s_driver_api_list_end = .

i3c_driver_api_area
                0x000053cc        0x0
                0x000053cc                        _i3c_driver_api_list_start = .
 *(SORT_BY_NAME(SORT_BY_ALIGNMENT(._i3c_driver_api.static.*)))
                0x000053cc                        _i3c_driver_api_list_end = .

ipm_driver_api_area
                0x000053cc        0x0
                0x000053cc                        _ipm_driver_api_list_start = .
 *(SORT_BY_NAME(SORT_BY_ALIGNMENT(._ipm_driver_api.static.*)))
                0x000053cc                        _ipm_driver_api_list_end = .

kscan_driver_api_area
                0x000053cc        0x0
                0x000053cc                        _kscan_driver_api_list_start = .
 *(SORT_BY_NAME(SORT_BY_ALIGNMENT(._kscan_driver_api.static.*)))
                0x000053cc                        _kscan_driver_api_list_end = .

led_driver_api_area
                0x000053cc        0x0
                0x000053cc                        _led_driver_api_list_start = .
 *(SORT_BY_NAME(SORT_BY_ALIGNMENT(._led_driver_api.static.*)))
                0x000053cc                        _led_driver_api_list_end = .

led_strip_driver_api_area
                0x000053cc        0x0
                0x000053cc                        _led_strip_driver_api_list_start = .
 *(SORT_BY_NAME(SORT_BY_ALIGNMENT(._led_strip_driver_api.static.*)))
                0x000053cc                        _led_strip_driver_api_list_end = .

lora_driver_api_area
                0x000053cc        0x0
                0x000053cc                        _lora_driver_api_list_start = .
 *(SORT_BY_NAME(SORT_BY_ALIGNMENT(._lora_driver_api.static.*)))
                0x000053cc                        _lora_driver_api_list_end = .

mbox_driver_api_area
                0x000053cc        0x0
                0x000053cc                        _mbox_driver_api_list_start = .
 *(SORT_BY_NAME(SORT_BY_ALIGNMENT(._mbox_driver_api.static.*)))
                0x000053cc                        _mbox_driver_api_list_end = .

mdio_driver_api_area
                0x000053cc        0x0
                0x000053cc                        _mdio_driver_api_list_start = .
 *(SORT_BY_NAME(SORT_BY_ALIGNMENT(._mdio_driver_api.static.*)))
                0x000053cc                        _mdio_driver_api_list_end = .

mipi_dbi_driver_api_area
                0x000053cc        0x0
                0x000053cc                        _mipi_dbi_driver_api_list_start = .
 *(SORT_BY_NAME(SORT_BY_ALIGNMENT(._mipi_dbi_driver_api.static.*)))
                0x000053cc                        _mipi_dbi_driver_api_list_end = .

mipi_dsi_driver_api_area
                0x000053cc        0x0
                0x000053cc                        _mipi_dsi_driver_api_list_start = .
 *(SORT_BY_NAME(SORT_BY_ALIGNMENT(._mipi_dsi_driver_api.static.*)))
                0x000053cc                        _mipi_dsi_driver_api_list_end = .

mspi_driver_api_area
                0x000053cc        0x0
                0x000053cc                        _mspi_driver_api_list_start = .
 *(SORT_BY_NAME(SORT_BY_ALIGNMENT(._mspi_driver_api.static.*)))
                0x000053cc                        _mspi_driver_api_list_end = .

peci_driver_api_area
                0x000053cc        0x0
                0x000053cc                        _peci_driver_api_list_start = .
 *(SORT_BY_NAME(SORT_BY_ALIGNMENT(._peci_driver_api.static.*)))
                0x000053cc                        _peci_driver_api_list_end = .

ps2_driver_api_area
                0x000053cc        0x0
                0x000053cc                        _ps2_driver_api_list_start = .
 *(SORT_BY_NAME(SORT_BY_ALIGNMENT(._ps2_driver_api.static.*)))
                0x000053cc                        _ps2_driver_api_list_end = .

ptp_clock_driver_api_area
                0x000053cc        0x0
                0x000053cc                        _ptp_clock_driver_api_list_start = .
 *(SORT_BY_NAME(SORT_BY_ALIGNMENT(._ptp_clock_driver_api.static.*)))
                0x000053cc                        _ptp_clock_driver_api_list_end = .

pwm_driver_api_area
                0x000053cc        0x0
                0x000053cc                        _pwm_driver_api_list_start = .
 *(SORT_BY_NAME(SORT_BY_ALIGNMENT(._pwm_driver_api.static.*)))
                0x000053cc                        _pwm_driver_api_list_end = .

regulator_parent_driver_api_area
                0x000053cc        0x0
                0x000053cc                        _regulator_parent_driver_api_list_start = .
 *(SORT_BY_NAME(SORT_BY_ALIGNMENT(._regulator_parent_driver_api.static.*)))
                0x000053cc                        _regulator_parent_driver_api_list_end = .

regulator_driver_api_area
                0x000053cc        0x0
                0x000053cc                        _regulator_driver_api_list_start = .
 *(SORT_BY_NAME(SORT_BY_ALIGNMENT(._regulator_driver_api.static.*)))
                0x000053cc                        _regulator_driver_api_list_end = .

reset_driver_api_area
                0x000053cc        0x0
                0x000053cc                        _reset_driver_api_list_start = .
 *(SORT_BY_NAME(SORT_BY_ALIGNMENT(._reset_driver_api.static.*)))
                0x000053cc                        _reset_driver_api_list_end = .

retained_mem_driver_api_area
                0x000053cc        0x0
                0x000053cc                        _retained_mem_driver_api_list_start = .
 *(SORT_BY_NAME(SORT_BY_ALIGNMENT(._retained_mem_driver_api.static.*)))
                0x000053cc                        _retained_mem_driver_api_list_end = .

rtc_driver_api_area
                0x000053cc        0x0
                0x000053cc                        _rtc_driver_api_list_start = .
 *(SORT_BY_NAME(SORT_BY_ALIGNMENT(._rtc_driver_api.static.*)))
                0x000053cc                        _rtc_driver_api_list_end = .

sdhc_driver_api_area
                0x000053cc        0x0
                0x000053cc                        _sdhc_driver_api_list_start = .
 *(SORT_BY_NAME(SORT_BY_ALIGNMENT(._sdhc_driver_api.static.*)))
                0x000053cc                        _sdhc_driver_api_list_end = .

sensor_driver_api_area
                0x000053cc        0x0
                0x000053cc                        _sensor_driver_api_list_start = .
 *(SORT_BY_NAME(SORT_BY_ALIGNMENT(._sensor_driver_api.static.*)))
                0x000053cc                        _sensor_driver_api_list_end = .

smbus_driver_api_area
                0x000053cc        0x0
                0x000053cc                        _smbus_driver_api_list_start = .
 *(SORT_BY_NAME(SORT_BY_ALIGNMENT(._smbus_driver_api.static.*)))
                0x000053cc                        _smbus_driver_api_list_end = .

spi_driver_api_area
                0x000053cc        0x0
                0x000053cc                        _spi_driver_api_list_start = .
 *(SORT_BY_NAME(SORT_BY_ALIGNMENT(._spi_driver_api.static.*)))
                0x000053cc                        _spi_driver_api_list_end = .

stepper_driver_api_area
                0x000053cc        0x0
                0x000053cc                        _stepper_driver_api_list_start = .
 *(SORT_BY_NAME(SORT_BY_ALIGNMENT(._stepper_driver_api.static.*)))
                0x000053cc                        _stepper_driver_api_list_end = .

syscon_driver_api_area
                0x000053cc        0x0
                0x000053cc                        _syscon_driver_api_list_start = .
 *(SORT_BY_NAME(SORT_BY_ALIGNMENT(._syscon_driver_api.static.*)))
                0x000053cc                        _syscon_driver_api_list_end = .

tee_driver_api_area
                0x000053cc        0x0
                0x000053cc                        _tee_driver_api_list_start = .
 *(SORT_BY_NAME(SORT_BY_ALIGNMENT(._tee_driver_api.static.*)))
                0x000053cc                        _tee_driver_api_list_end = .

video_driver_api_area
                0x000053cc        0x0
                0x000053cc                        _video_driver_api_list_start = .
 *(SORT_BY_NAME(SORT_BY_ALIGNMENT(._video_driver_api.static.*)))
                0x000053cc                        _video_driver_api_list_end = .

w1_driver_api_area
                0x000053cc        0x0
                0x000053cc                        _w1_driver_api_list_start = .
 *(SORT_BY_NAME(SORT_BY_ALIGNMENT(._w1_driver_api.static.*)))
                0x000053cc                        _w1_driver_api_list_end = .

wdt_driver_api_area
                0x000053cc        0x0
                0x000053cc                        _wdt_driver_api_list_start = .
 *(SORT_BY_NAME(SORT_BY_ALIGNMENT(._wdt_driver_api.static.*)))
                0x000053cc                        _wdt_driver_api_list_end = .

can_transceiver_driver_api_area
                0x000053cc        0x0
                0x000053cc                        _can_transceiver_driver_api_list_start = .
 *(SORT_BY_NAME(SORT_BY_ALIGNMENT(._can_transceiver_driver_api.static.*)))
                0x000053cc                        _can_transceiver_driver_api_list_end = .

nrf_clock_control_driver_api_area
                0x000053cc        0x0
                0x000053cc                        _nrf_clock_control_driver_api_list_start = .
 *(SORT_BY_NAME(SORT_BY_ALIGNMENT(._nrf_clock_control_driver_api.static.*)))
                0x000053cc                        _nrf_clock_control_driver_api_list_end = .

i3c_target_driver_api_area
                0x000053cc        0x0
                0x000053cc                        _i3c_target_driver_api_list_start = .
 *(SORT_BY_NAME(SORT_BY_ALIGNMENT(._i3c_target_driver_api.static.*)))
                0x000053cc                        _i3c_target_driver_api_list_end = .

its_driver_api_area
                0x000053cc        0x0
                0x000053cc                        _its_driver_api_list_start = .
 *(SORT_BY_NAME(SORT_BY_ALIGNMENT(._its_driver_api.static.*)))
                0x000053cc                        _its_driver_api_list_end = .

vtd_driver_api_area
                0x000053cc        0x0
                0x000053cc                        _vtd_driver_api_list_start = .
 *(SORT_BY_NAME(SORT_BY_ALIGNMENT(._vtd_driver_api.static.*)))
                0x000053cc                        _vtd_driver_api_list_end = .

tgpio_driver_api_area
                0x000053cc        0x0
                0x000053cc                        _tgpio_driver_api_list_start = .
 *(SORT_BY_NAME(SORT_BY_ALIGNMENT(._tgpio_driver_api.static.*)))
                0x000053cc                        _tgpio_driver_api_list_end = .

pcie_ctrl_driver_api_area
                0x000053cc        0x0
                0x000053cc                        _pcie_ctrl_driver_api_list_start = .
 *(SORT_BY_NAME(SORT_BY_ALIGNMENT(._pcie_ctrl_driver_api.static.*)))
                0x000053cc                        _pcie_ctrl_driver_api_list_end = .

pcie_ep_driver_api_area
                0x000053cc        0x0
                0x000053cc                        _pcie_ep_driver_api_list_start = .
 *(SORT_BY_NAME(SORT_BY_ALIGNMENT(._pcie_ep_driver_api.static.*)))
                0x000053cc                        _pcie_ep_driver_api_list_end = .

svc_driver_api_area
                0x000053cc        0x0
                0x000053cc                        _svc_driver_api_list_start = .
 *(SORT_BY_NAME(SORT_BY_ALIGNMENT(._svc_driver_api.static.*)))
                0x000053cc                        _svc_driver_api_list_end = .

uart_driver_api_area
                0x000053cc       0x44
                0x000053cc                        _uart_driver_api_list_start = .
 *(SORT_BY_NAME(SORT_BY_ALIGNMENT(._uart_driver_api.static.*)))
 ._uart_driver_api.static.uart_nrfx_uarte_driver_api_
                0x000053cc       0x44 zephyr/drivers/serial/libdrivers__serial.a(uart_nrfx_uarte.c.obj)
                0x00005410                        _uart_driver_api_list_end = .

bc12_emul_driver_api_area
                0x00005410        0x0
                0x00005410                        _bc12_emul_driver_api_list_start = .
 *(SORT_BY_NAME(SORT_BY_ALIGNMENT(._bc12_emul_driver_api.static.*)))
                0x00005410                        _bc12_emul_driver_api_list_end = .

bc12_driver_api_area
                0x00005410        0x0
                0x00005410                        _bc12_driver_api_list_start = .
 *(SORT_BY_NAME(SORT_BY_ALIGNMENT(._bc12_driver_api.static.*)))
                0x00005410                        _bc12_driver_api_list_end = .

usbc_ppc_driver_api_area
                0x00005410        0x0
                0x00005410                        _usbc_ppc_driver_api_list_start = .
 *(SORT_BY_NAME(SORT_BY_ALIGNMENT(._usbc_ppc_driver_api.static.*)))
                0x00005410                        _usbc_ppc_driver_api_list_end = .

tcpc_driver_api_area
                0x00005410        0x0
                0x00005410                        _tcpc_driver_api_list_start = .
 *(SORT_BY_NAME(SORT_BY_ALIGNMENT(._tcpc_driver_api.static.*)))
                0x00005410                        _tcpc_driver_api_list_end = .

usbc_vbus_driver_api_area
                0x00005410        0x0
                0x00005410                        _usbc_vbus_driver_api_list_start = .
 *(SORT_BY_NAME(SORT_BY_ALIGNMENT(._usbc_vbus_driver_api.static.*)))
                0x00005410                        _usbc_vbus_driver_api_list_end = .

ivshmem_driver_api_area
                0x00005410        0x0
                0x00005410                        _ivshmem_driver_api_list_start = .
 *(SORT_BY_NAME(SORT_BY_ALIGNMENT(._ivshmem_driver_api.static.*)))
                0x00005410                        _ivshmem_driver_api_list_end = .

ethphy_driver_api_area
                0x00005410        0x0
                0x00005410                        _ethphy_driver_api_list_start = .
 *(SORT_BY_NAME(SORT_BY_ALIGNMENT(._ethphy_driver_api.static.*)))
                0x00005410                        _ethphy_driver_api_list_end = .

ztest           0x00005410        0x0
                0x00005410                        _ztest_expected_result_entry_list_start = .
 *(SORT_BY_NAME(SORT_BY_ALIGNMENT(._ztest_expected_result_entry.static.*)))
                0x00005410                        _ztest_expected_result_entry_list_end = .
                0x00005410                        _ztest_suite_node_list_start = .
 *(SORT_BY_NAME(SORT_BY_ALIGNMENT(._ztest_suite_node.static.*)))
                0x00005410                        _ztest_suite_node_list_end = .
                0x00005410                        _ztest_unit_test_list_start = .
 *(SORT_BY_NAME(SORT_BY_ALIGNMENT(._ztest_unit_test.static.*)))
                0x00005410                        _ztest_unit_test_list_end = .
                0x00005410                        _ztest_test_rule_list_start = .
 *(SORT_BY_NAME(SORT_BY_ALIGNMENT(._ztest_test_rule.static.*)))
                0x00005410                        _ztest_test_rule_list_end = .

init_array
 *(SORT_BY_NAME(SORT_BY_ALIGNMENT(.ctors*)))
 *(SORT_BY_NAME(SORT_BY_ALIGNMENT(.init_array*)))
                0x00000001                        ASSERT ((SIZEOF (init_array) == 0x0), GNU-style constructors required but STATIC_INIT_GNU not enabled)

bt_l2cap_fixed_chan_area
                0x00005410        0x0
                0x00005410                        _bt_l2cap_fixed_chan_list_start = .
 *(SORT_BY_NAME(SORT_BY_ALIGNMENT(._bt_l2cap_fixed_chan.static.*)))
                0x00005410                        _bt_l2cap_fixed_chan_list_end = .

bt_gatt_service_static_area
                0x00005410        0x0
                0x00005410                        _bt_gatt_service_static_list_start = .
 *(SORT_BY_NAME(SORT_BY_ALIGNMENT(._bt_gatt_service_static.static.*)))
                0x00005410                        _bt_gatt_service_static_list_end = .

log_strings_area
                0x00005410        0x0
                0x00005410                        _log_strings_list_start = .
 *(SORT_BY_NAME(SORT_BY_ALIGNMENT(._log_strings.static.*)))
                0x00005410                        _log_strings_list_end = .

log_stmesp_ptr_area
                0x00005410        0x0
                0x00005410                        _log_stmesp_ptr_list_start = .
 *(SORT_BY_NAME(SORT_BY_ALIGNMENT(._log_stmesp_ptr.static.*)))
                0x00005410                        _log_stmesp_ptr_list_end = .

log_stmesp_str_area
                0x00005410        0x0
                0x00005410                        _log_stmesp_str_list_start = .
 *(SORT_BY_NAME(SORT_BY_ALIGNMENT(._log_stmesp_str.static.*)))
                0x00005410                        _log_stmesp_str_list_end = .

log_const_area  0x00005410        0x0
                0x00005410                        _log_const_list_start = .
 *(SORT_BY_NAME(SORT_BY_ALIGNMENT(._log_const.static.*)))
                0x00005410                        _log_const_list_end = .

log_backend_area
                0x00005410        0x0
                0x00005410                        _log_backend_list_start = .
 *(SORT_BY_NAME(SORT_BY_ALIGNMENT(._log_backend.static.*)))
                0x00005410                        _log_backend_list_end = .

log_link_area   0x00005410        0x0
                0x00005410                        _log_link_list_start = .
 *(SORT_BY_NAME(SORT_BY_ALIGNMENT(._log_link.static.*)))
                0x00005410                        _log_link_list_end = .

tracing_backend_area
                0x00005410        0x0
                0x00005410                        _tracing_backend_list_start = .
 *(SORT_BY_NAME(SORT_BY_ALIGNMENT(._tracing_backend.static.*)))
                0x00005410                        _tracing_backend_list_end = .

zephyr_dbg_info
 *(SORT_BY_ALIGNMENT(.dbg_thread_info))

intc_table_area
                0x00005410        0x0
                0x00005410                        _intc_table_list_start = .
 *(SORT_BY_NAME(SORT_BY_ALIGNMENT(._intc_table.static.*)))
                0x00005410                        _intc_table_list_end = .

symbol_to_keep  0x00005410        0x0
                0x00005410                        __symbol_to_keep_start = .
 *(SORT_BY_NAME(SORT_BY_ALIGNMENT(.symbol_to_keep*)))
                0x00005410                        __symbol_to_keep_end = .

shell_area      0x00005410        0x0
                0x00005410                        _shell_list_start = .
 *(SORT_BY_NAME(SORT_BY_ALIGNMENT(._shell.static.*)))
                0x00005410                        _shell_list_end = .

shell_root_cmds_area
                0x00005410        0x0
                0x00005410                        _shell_root_cmds_list_start = .
 *(SORT_BY_NAME(SORT_BY_ALIGNMENT(._shell_root_cmds.static.*)))
                0x00005410                        _shell_root_cmds_list_end = .

shell_subcmds_area
                0x00005410        0x0
                0x00005410                        _shell_subcmds_list_start = .
 *(SORT_BY_NAME(SORT_BY_ALIGNMENT(._shell_subcmds.static.*)))
                0x00005410                        _shell_subcmds_list_end = .

shell_dynamic_subcmds_area
                0x00005410        0x0
                0x00005410                        _shell_dynamic_subcmds_list_start = .
 *(SORT_BY_NAME(SORT_BY_ALIGNMENT(._shell_dynamic_subcmds.static.*)))
                0x00005410                        _shell_dynamic_subcmds_list_end = .

cfb_font_area   0x00005410        0x0
                0x00005410                        _cfb_font_list_start = .
 *(SORT_BY_NAME(SORT_BY_ALIGNMENT(._cfb_font.static.*)))
                0x00005410                        _cfb_font_list_end = .

rodata          0x00005410      0x320
 *(SORT_BY_ALIGNMENT(.rodata))
 *(SORT_BY_ALIGNMENT(.rodata.*))
 .rodata.delay_machine_code.0
                0x00005410        0x6 zephyr/soc/soc/nrf52840/libsoc__nordic.a(soc.c.obj)
 *fill*         0x00005416        0x2 
 .rodata.mem_attr_region
                0x00005418        0x0 zephyr/libzephyr.a(mem_attr.c.obj)
 .rodata.apis   0x00005418        0x8 zephyr/libzephyr.a(nrf_cc3xx_platform_abort_zephyr.c.obj)
 .rodata.mutexes
                0x00005420       0x14 zephyr/libzephyr.a(nrf_cc3xx_platform_mutex_zephyr.c.obj)
 .rodata.mutex_apis
                0x00005434       0x10 zephyr/libzephyr.a(nrf_cc3xx_platform_mutex_zephyr.c.obj)
 .rodata.static_regions
                0x00005444        0xc zephyr/arch/arch/arm/core/mpu/libarch__arm__core__mpu.a(arm_core_mpu.c.obj)
 .rodata.mpu_config
                0x00005450        0x8 zephyr/arch/arch/arm/core/mpu/libarch__arm__core__mpu.a(arm_mpu_regions.c.obj)
                0x00005450                mpu_config
 .rodata.mpu_regions
                0x00005458       0x18 zephyr/arch/arch/arm/core/mpu/libarch__arm__core__mpu.a(arm_mpu_regions.c.obj)
 .rodata.transitions.0
                0x00005470        0xc zephyr/drivers/clock_control/libdrivers__clock_control.a(clock_control_nrf.c.obj)
 .rodata.config
                0x0000547c       0x10 zephyr/drivers/clock_control/libdrivers__clock_control.a(clock_control_nrf.c.obj)
 .rodata.gpio_nrfx_p1_cfg
                0x0000548c       0x18 zephyr/drivers/gpio/libdrivers__gpio.a(gpio_nrfx.c.obj)
 .rodata.gpio_nrfx_p0_cfg
                0x000054a4       0x18 zephyr/drivers/gpio/libdrivers__gpio.a(gpio_nrfx.c.obj)
 .rodata.uarte_1z_config
                0x000054bc       0x20 zephyr/drivers/serial/libdrivers__serial.a(uart_nrfx_uarte.c.obj)
 .rodata.__pinctrl_dev_config__device_dts_ord_114
                0x000054dc        0xc zephyr/drivers/serial/libdrivers__serial.a(uart_nrfx_uarte.c.obj)
 .rodata.__pinctrl_states__device_dts_ord_114
                0x000054e8        0x8 zephyr/drivers/serial/libdrivers__serial.a(uart_nrfx_uarte.c.obj)
 .rodata.__pinctrl_state_pins_0__device_dts_ord_114
                0x000054f0        0x8 zephyr/drivers/serial/libdrivers__serial.a(uart_nrfx_uarte.c.obj)
 .rodata.uarte_0z_config
                0x000054f8       0x20 zephyr/drivers/serial/libdrivers__serial.a(uart_nrfx_uarte.c.obj)
 .rodata.__pinctrl_dev_config__device_dts_ord_113
                0x00005518        0xc zephyr/drivers/serial/libdrivers__serial.a(uart_nrfx_uarte.c.obj)
 .rodata.__pinctrl_states__device_dts_ord_113
                0x00005524        0x8 zephyr/drivers/serial/libdrivers__serial.a(uart_nrfx_uarte.c.obj)
 .rodata.__pinctrl_state_pins_0__device_dts_ord_113
                0x0000552c        0x8 zephyr/drivers/serial/libdrivers__serial.a(uart_nrfx_uarte.c.obj)
 .rodata.levels.0
                0x00005534       0x18 zephyr/kernel/libkernel.a(init.c.obj)
 .rodata.CSWTCH.10
                0x0000554c       0x1c /home/uttec/ncs/nrfxlib/crypto/nrf_cc310_platform/lib/cortex-m4/soft-float/no-interrupts/libnrf_cc310_platform_0.9.19.a(nrf_cc3xx_platform.c.obj)
 .rodata.mutex_free.str1.4
                0x00005568       0x6c /home/uttec/ncs/nrfxlib/crypto/nrf_cc310_platform/lib/cortex-m4/soft-float/no-interrupts/libnrf_cc310_platform_0.9.19.a(nrf_cc3xx_platform_mutex.c.obj)
                                 0x26 (size before relaxing)
 .rodata.mutex_init.str1.4
                0x000055d4       0x23 /home/uttec/ncs/nrfxlib/crypto/nrf_cc310_platform/lib/cortex-m4/soft-float/no-interrupts/libnrf_cc310_platform_0.9.19.a(nrf_cc3xx_platform_mutex.c.obj)
 .rodata.CC_PalPowerSaveModeInit.str1.4
                0x000055d4       0x20 /home/uttec/ncs/nrfxlib/crypto/nrf_cc310_platform/lib/cortex-m4/soft-float/no-interrupts/libnrf_cc310_platform_0.9.19.a(cc_pal_pm.c.obj)
 .rodata.main.str1.1
                0x000055d4      0x12e app/libapp.a(main.c.obj)
                                  0x5 (size before relaxing)
 .rodata.boot_banner.str1.1
                0x00005702       0x63 zephyr/libzephyr.a(banner.c.obj)
 .rodata.mutex_free_platform.str1.1
                0x00005702       0x26 zephyr/libzephyr.a(nrf_cc3xx_platform_mutex_zephyr.c.obj)
 .rodata.mutex_init_platform.str1.1
                0x00005702       0x2d zephyr/libzephyr.a(nrf_cc3xx_platform_mutex_zephyr.c.obj)
 .rodata.str1.1
                0x00005702        0xf zephyr/arch/arch/arm/core/mpu/libarch__arm__core__mpu.a(arm_mpu_regions.c.obj)
 .rodata.str1.1
                0x00005702        0xf zephyr/drivers/clock_control/libdrivers__clock_control.a(clock_control_nrf.c.obj)
 .rodata.str1.1
                0x00005702       0x1c zephyr/drivers/gpio/libdrivers__gpio.a(gpio_nrfx.c.obj)
 .rodata.drive_modes
                0x00005702        0x8 zephyr/drivers/pinctrl/libdrivers__pinctrl.a(pinctrl_nrf.c.obj)
 .rodata.str1.1
                0x0000570a       0x1c zephyr/drivers/serial/libdrivers__serial.a(uart_nrfx_uarte.c.obj)
 .rodata.port_offset.1
                0x0000570a       0x10 modules/hal_nordic/modules/hal_nordic/nrfx/libmodules__hal_nordic__nrfx.a(nrfx_gpiote.c.obj)
 .rodata.ports  0x0000571a        0x2 modules/hal_nordic/modules/hal_nordic/nrfx/libmodules__hal_nordic__nrfx.a(nrfx_gpiote.c.obj)
 .rodata._DoInit.str1.1